 ****** PrimeSim HSPICE -- W-2024.09 linux64 (Aug 27 2024 9174816) ******
  Copyright (c) 1986 - 2026 by Synopsys, Inc. All Rights Reserved.
  This software and the associated documentation are proprietary
  to Synopsys, Inc. This software may only be used in accordance
  with the terms and conditions of a written license agreement with
  Synopsys, Inc. All other use, reproduction, or distribution of
  this software is strictly prohibited.
  Input File: ac_nmos_gnd.sp                                                    
  Command line options: /opt/coe/synopsys/hspice/W-2024.09/hspice/linux64/hspice -i ac_nmos_gnd.sp -o results_nmos_gnd/
  Start time: Tue Sep 22 17:30:10 2026
 lic:  
 lic: FLEXlm: SDK_14.2 
 lic: USER:   venky.k              HOSTNAME: n01-zeus.olympus.ece.tamu.edu 
 lic: HOSTID: ffffffffa8c00b02     PID:      793028 
 lic: Using FLEXlm license file: 
 lic: 27070@coe-vtls3.engr.tamu.edu 
 lic: Checkout 1 hspice 
 lic: License/Maintenance for hspice will expire on 12-jan-2027/2025.06 
 lic: 1(in_use)/100(total) FLOATING license(s) on SERVER 27070@coe-vtls3.engr.tamu.edu 
 lic:   
1****** PrimeSim HSPICE -- W-2024.09 linux64 (Aug 27 2024 9174816) ******
 ******  
 * lab3

 ****** mos   model parameters tnom=  25.000 temp=  25.000 ******
 Model file: ../22nm_HP.pm
 Model line:            4
 Model Name: nmos  
 BSIM4 Model (Level 54)
    MOBMOD = 0
    BINUNIT = 1
    PARAMCHK = 1
    CAPMOD = 2
    DIOMOD = 1
    RDSMOD = 0
    TRNQSMOD = 0
    ACNQSMOD = 0
    RBODYMOD = 1
    RGATEMOD = 1
    PERMOD = 1
    GEOMOD = 1
    RGEOMOD = 0
    FNOIMOD = 1
    TNOIMOD = 0
    IGCMOD = 1
    IGBMOD = 1
    STIMOD = 0
    VERSION =      4 
    TOXREF = 1.05e-09 
    TOXE = 1.05e-09 
    TOXP =  8e-10 
    TOXM = 1.05e-09 
    DTOX = 2.5e-10 
    EPSROX =    3.9 
    CDSC =      0 
    CDSCB =      0 
    CDSCD =      0 
    CIT =      0 
    NFACTOR =    2.3 
    XJ = 7.2e-09 
    VSAT = 2.5e+05 
    A0 =      1 
    AGS =      0 
    A1 =      0 
    A2 =      1 
    AT = 3.3e+04 
    KETA =   0.04 
    NSUB =  6e+16 
    NDEP = 5.5e+18 
    NSD =  2e+20 
    NGATE =  1e+23 
    GAMMA1 =      0 
    GAMMA2 =      0 
    VBX =      0 
    VBM =     -3 
    XT = 1.55e-07 
    K1 =    0.4 
    KT1 =  -0.11 
    KT1L =      0 
    KT2 =  0.022 
    K2 =      0 
    K3 =      0 
    K3B =      0 
    LPE0 =      0 
    LPEB =      0 
    DVTP0 =  1e-11 
    DVTP1 =    0.1 
    W0 = 2.5e-06 
    DVT0 =      1 
    DVT1 =      2 
    DVT2 =      0 
    DVT0W =      0 
    DVT1W =      0 
    DVT2W =      0 
    DROUT =    0.5 
    DSUB =    0.1 
    VTH0 = 0.5031 
    EU =   1.67 
    UA =  6e-10 
    UA1 = 4.31e-09 
    UB = 1.2e-18 
    UB1 = 7.61e-18 
    UC =      0 
    UC1 = -5.6e-11 
    U0 =   0.04 
    UTE =   -1.5 
    VOFF =  -0.13 
    VOFFL =      0 
    MINV =   0.05 
    FPROUT =    0.2 
    PDITS =   0.01 
    PDITSD =   0.23 
    PDITSL = 2.3e+06 
    DELTA =   0.01 
    RDSW =    145 
    RDSWMIN =      0 
    RDWMIN =      0 
    RSWMIN =      0 
    RDW =     75 
    RSW =     75 
    PRWG =      0 
    PRWB =      0 
    PRT =      0 
    ETA0 =  0.004 
    ETAB =      0 
    PCLM =   0.02 
    PDIBLC1 =  0.001 
    PDIBLC2 =  0.001 
    PDIBLCB = -0.005 
    PSCBE1 = 8.14e+08 
    PSCBE2 =  1e-07 
    PVAG =  1e-20 
    WR =      1 
    DWG =      0 
    DWB =      0 
    XW =      0 
    XWREF =      0 
    XL = -9e-09 
    XLREF = -9e-09 
    B0 =      0 
    B1 =      0 
    ALPHA0 =  0.074 
    ALPHA1 =  0.005 
    AGIDL = 0.0002 
    BGIDL = 2.1e+09 
    CGIDL = 0.0002 
    PHIN =      0 
    EGIDL =    0.8 
    AIGC = 0.0213 
    BIGC = 0.002589 
    CIGC =  0.002 
    AIGSD = 0.0213 
    BIGSD = 0.002589 
    CIGSD =  0.002 
    AIGBACC =  0.012 
    BIGBACC = 0.0028 
    CIGBACC =  0.002 
    AIGBINV =  0.014 
    BIGBINV =  0.004 
    CIGBINV =  0.004 
    NIGC =      1 
    NIGBINV =      3 
    NIGBACC =      1 
    NTOX =      1 
    EIGBINV =    1.1 
    PIGCD =      1 
    POXEDGE =      1 
    XRCRG1 =     12 
    TNOIA =    1.5 
    TNOIB =    3.5 
    NTNOI =      1 
    XRCRG2 =      5 
    BETA0 =     30 
    IJTHDFWD =   0.01 
    IJTHSFWD =   0.01 
    IJTHDREV =  0.001 
    IJTHSREV =  0.001 
    XJBVD =      1 
    XJBVS =      1 
    BVD =     10 
    BVS =     10 
    VFB =  -0.55 
    GBMIN =  1e-10 
    RBDB =     15 
    RBPB =      5 
    RBSB =     15 
    RBPS =     15 
    RBPD =     15 
    CGSL = 2.653e-10 
    CGDL = 2.653e-10 
    CKAPPAS =   0.03 
    CKAPPAD =   0.03 
    CF = 1.307e-10 
    CLC =  1e-07 
    CLE =    0.6 
    DWC =  5e-09 
    DLC =  2e-09 
    DLCIG =  2e-09 
    DWJ =      0 
    VFBCV =     -1 
    ACDE =      1 
    MOIN =     15 
    NOFF =    0.9 
    VOFFCV =   0.02 
    DMCG =      0 
    DMCI =      0 
    DMDG =      0 
    DMCGT =      0 
    XGW =      0 
    XGL =      0 
    RSHG =    0.4 
    NGCON =      1 
    TCJ =  0.001 
    TPB =  0.005 
    TCJSW =  0.001 
    TPBSW =  0.005 
    TCJSWG =  0.001 
    TPBSWG =  0.005 
    SK0 =      0 
    SK1 =      0 
    SK2 =      0 
    SL =  2e-06 
    SW =  2e-06 
    K =      0 
    TNOM =  300.1 
    CGSO = 6.5e-11 
    CGDO = 6.5e-11 
    CGBO = 2.56e-11 
    XPART =      0 
    RSH =      5 
    JSS = 0.0001 
    JSWS =  1e-11 
    JSWGS =  1e-10 
    PBS =      1 
    MJS =    0.5 
    PBSWS =      1 
    MJSWS =   0.33 
    CJS = 0.0005 
    CJSWS =  5e-10 
    NJS =      1 
    PBSWGS =      1 
    MJSWGS =   0.33 
    CJSWGS =  3e-10 
    XTIS =      3 
    JSD = 0.0001 
    JSWD =  1e-11 
    JSWGD =  1e-10 
    PBD =      1 
    MJD =    0.5 
    PBSWD =      1 
    MJSWD =   0.33 
    CJD = 0.0005 
    CJSWD =  5e-10 
    NJD =      1 
    PBSWGD =      1 
    MJSWGD =   0.33 
    CJSWGD =  5e-10 
    XTID =      3 
    LMLT =      1 
    WMLT =      1 
    LINT =  2e-09 
    LL =      0 
    LLC =      0 
    LLN =      1 
    LW =      0 
    LWC =      0 
    LWN =      1 
    LWL =      0 
    LWLC =      0 
    LMIN =      0 
    LMAX =      1 
    WINT =  5e-09 
    WL =      0 
    WLC =      0 
    WLN =      1 
    WW =      0 
    WWC =      0 
    WWN =      1 
    WWL =      0 
    WWLC =      0 
    WMIN =      0 
    WMAX =      1 
    NOIA = 6.25e+41 
    NOIB = 3.125e+26 
    NOIC = 8.75e+09 
    EM = 4.1e+07 
    EF =      1 
    AF =      1 
    KF =      0 
    TRS =      0 
    TRD =      0 
  **warning** (nmos:mn2 (ac_nmos_gnd.sp:22)) Warning:  Acde = 0.245565 may be too small in BSIM4 model with w=4.4e-08 l=2.2e-08.
  

  **warning** the following singular supplies were terminated to 1 meg resistor 
          supply       node1            node2
(ac_nmos_gnd.sp:15)vdd                     0:vdd              defined in subckt 0                     0:0                defined in subckt 0               
      
 *****************************************************************
 ******  option summary
 ******
 runlvl  = 3         bypass  = 2.0000    
 **info** dc convergence successful at Newton-Raphson method 
 ******  
 * lab3

 ****** operating point information tnom=  25.000 temp=  25.000 ******
 ****** operating point status is all       simulation time is     0.     
    node    =voltage      node    =voltage      node    =voltage

 +0:gate    = 200.0000m 0:vdd     = 800.0000m 0:vss     =   0.     


 **** voltage sources

 subckt                                   
 element  0:vdd      0:vgate    0:vss     
  volts    800.0000m  200.0000m    0.     
  current -800.0000n  -30.9752f   30.9752f
  power    640.0000n    6.1950f    0.     

     total voltage source power dissipation=  640.0000n       watts




 **** mosfets


 subckt             
 element  0:mn2     
 model    0:nmos    
 region   Subth     
  id         0.     
  ibs      2.947e-28
  ibd      4.101e-28
  vgs      200.0000m
  vds        0.     
  vbs        0.     
  vth      487.2430m
  vdsat     42.2675m
  vod     -287.2430m
  beta       2.1238m
  gam eff  400.0000m
  gm         0.     
  gds        0.     
  gmb        0.     
  cdtot     36.4339a
  cgtot     31.3759a
  cstot     49.6075a
  cbtot     59.5060a
  cgs       14.4784a
  cgd       14.4774a



 **info** dc convergence successful at Newton-Raphson method 
 ******  
 * lab3

 ****** ac analysis tnom=  25.000 temp=  25.000 ******
 ****** operating point status is all       simulation time is     0.     

   *** source        0:vgate =    2.000E-01 ***

    node    =voltage      node    =voltage      node    =voltage

 +0:gate    = 200.0000m 0:vdd     = 800.0000m 0:vss     =   0.     


 **** voltage sources

 subckt                                   
 element  0:vdd      0:vgate    0:vss     
  volts    800.0000m  200.0000m    0.     
  current -800.0000n  -30.9752f   30.9752f
  power    640.0000n    6.1950f    0.     

     total voltage source power dissipation=  640.0000n       watts




 **** mosfets


 subckt             
 element  0:mn2     
 model    0:nmos    
 region   Subth     
  id         0.     
  ibs      2.947e-28
  ibd      4.101e-28
  vgs      200.0000m
  vds        0.     
  vbs        0.     
  vth      487.2430m
  vdsat     42.2675m
  vod     -287.2430m
  beta       2.1238m
  gam eff  400.0000m
  gm         0.     
  gds        0.     
  gmb        0.     
  cdtot     36.4339a
  cgtot     31.3759a
  cstot     49.6075a
  cbtot     59.5060a
  cgs       14.4784a
  cgd       14.4774a



 ******
 * lab3

 ****** ac analysis tnom=  25.000 temp=  25.000 ******
  *** parameter 0:vgate  =   200.0000m       ***
  
x

 freq         i real     i imag     volt real  volt imag 
             vgate      vgate      gate       gate       
   10.00000  -952.3632a   -1.9714a    1.0000m    0.      
   11.22018  -952.3632a   -2.2120a    1.0000m    0.      
   12.58925  -952.3632a   -2.4819a    1.0000m    0.      
   14.12538  -952.3632a   -2.7847a    1.0000m    0.      
   15.84893  -952.3632a   -3.1245a    1.0000m    0.      
   17.78279  -952.3632a   -3.5057a    1.0000m    0.      
   19.95262  -952.3632a   -3.9335a    1.0000m    0.      
   22.38721  -952.3632a   -4.4134a    1.0000m    0.      
   25.11886  -952.3632a   -4.9519a    1.0000m    0.      
   28.18383  -952.3632a   -5.5562a    1.0000m    0.      
   31.62278  -952.3632a   -6.2341a    1.0000m    0.      
   35.48134  -952.3632a   -6.9948a    1.0000m    0.      
   39.81072  -952.3632a   -7.8483a    1.0000m    0.      
   44.66836  -952.3632a   -8.8059a    1.0000m    0.      
   50.11872  -952.3632a   -9.8804a    1.0000m    0.      
   56.23413  -952.3632a  -11.0860a    1.0000m    0.      
   63.09573  -952.3632a  -12.4387a    1.0000m    0.      
   70.79458  -952.3632a  -13.9565a    1.0000m    0.      
   79.43282  -952.3632a  -15.6594a    1.0000m    0.      
   89.12509  -952.3632a  -17.5702a    1.0000m    0.      
  100.00000  -952.3632a  -19.7141a    1.0000m    0.      
  112.20185  -952.3632a  -22.1195a    1.0000m    0.      
  125.89254  -952.3632a  -24.8185a    1.0000m    0.      
  141.25375  -952.3632a  -27.8468a    1.0000m    0.      
  158.48932  -952.3632a  -31.2447a    1.0000m    0.      
  177.82794  -952.3632a  -35.0571a    1.0000m    0.      
  199.52623  -952.3632a  -39.3347a    1.0000m    0.      
  223.87211  -952.3632a  -44.1343a    1.0000m    0.      
  251.18864  -952.3632a  -49.5195a    1.0000m    0.      
  281.83829  -952.3632a  -55.5618a    1.0000m    0.      
  316.22777  -952.3632a  -62.3413a    1.0000m    0.      
  354.81339  -952.3632a  -69.9481a    1.0000m    0.      
  398.10717  -952.3632a  -78.4831a    1.0000m    0.      
  446.68359  -952.3632a  -88.0595a    1.0000m    0.      
  501.18723  -952.3632a  -98.8043a    1.0000m    0.      
  562.34133  -952.3632a -110.8603a    1.0000m    0.      
  630.95734  -952.3632a -124.3873a    1.0000m    0.      
  707.94578  -952.3632a -139.5648a    1.0000m    0.      
  794.32823  -952.3632a -156.5943a    1.0000m    0.      
  891.25094  -952.3632a -175.7017a    1.0000m    0.      
 1000.00000  -952.3632a -197.1406a    1.0000m    0.      
    1.12202k -952.3632a -221.1954a    1.0000m    0.      
    1.25893k -952.3632a -248.1853a    1.0000m    0.      
    1.41254k -952.3632a -278.4685a    1.0000m    0.      
    1.58489k -952.3632a -312.4468a    1.0000m    0.      
    1.77828k -952.3632a -350.5710a    1.0000m    0.      
    1.99526k -952.3632a -393.3472a    1.0000m    0.      
    2.23872k -952.3632a -441.3428a    1.0000m    0.      
    2.51189k -952.3632a -495.1948a    1.0000m    0.      
    2.81838k -952.3632a -555.6177a    1.0000m    0.      
    3.16228k -952.3632a -623.4133a    1.0000m    0.      
    3.54813k -952.3632a -699.4812a    1.0000m    0.      
    3.98107k -952.3632a -784.8308a    1.0000m    0.      
    4.46684k -952.3632a -880.5947a    1.0000m    0.      
    5.01187k -952.3632a -988.0435a    1.0000m    0.      
    5.62341k -952.3632a   -1.1086f    1.0000m    0.      
    6.30957k -952.3632a   -1.2439f    1.0000m    0.      
    7.07946k -952.3632a   -1.3956f    1.0000m    0.      
    7.94328k -952.3632a   -1.5659f    1.0000m    0.      
    8.91251k -952.3632a   -1.7570f    1.0000m    0.      
   10.00000k -952.3632a   -1.9714f    1.0000m    0.      
   11.22018k -952.3632a   -2.2120f    1.0000m    0.      
   12.58925k -952.3632a   -2.4819f    1.0000m    0.      
   14.12538k -952.3632a   -2.7847f    1.0000m    0.      
   15.84893k -952.3632a   -3.1245f    1.0000m    0.      
   17.78279k -952.3632a   -3.5057f    1.0000m    0.      
   19.95262k -952.3632a   -3.9335f    1.0000m    0.      
   22.38721k -952.3632a   -4.4134f    1.0000m    0.      
   25.11886k -952.3632a   -4.9519f    1.0000m    0.      
   28.18383k -952.3632a   -5.5562f    1.0000m    0.      
   31.62278k -952.3632a   -6.2341f    1.0000m    0.      
   35.48134k -952.3632a   -6.9948f    1.0000m    0.      
   39.81072k -952.3632a   -7.8483f    1.0000m    0.      
   44.66836k -952.3632a   -8.8059f    1.0000m    0.      
   50.11872k -952.3632a   -9.8804f    1.0000m    0.      
   56.23413k -952.3632a  -11.0860f    1.0000m    0.      
   63.09573k -952.3632a  -12.4387f    1.0000m    0.      
   70.79458k -952.3632a  -13.9565f    1.0000m    0.      
   79.43282k -952.3632a  -15.6594f    1.0000m    0.      
   89.12509k -952.3632a  -17.5702f    1.0000m    0.      
  100.00000k -952.3632a  -19.7141f    1.0000m    0.      
  112.20185k -952.3632a  -22.1195f    1.0000m    0.      
  125.89254k -952.3632a  -24.8185f    1.0000m    0.      
  141.25375k -952.3632a  -27.8468f    1.0000m    0.      
  158.48932k -952.3632a  -31.2447f    1.0000m    0.      
  177.82794k -952.3632a  -35.0571f    1.0000m    0.      
  199.52623k -952.3632a  -39.3347f    1.0000m    0.      
  223.87211k -952.3632a  -44.1343f    1.0000m    0.      
  251.18864k -952.3632a  -49.5195f    1.0000m    0.      
  281.83829k -952.3632a  -55.5618f    1.0000m    0.      
  316.22777k -952.3632a  -62.3413f    1.0000m    0.      
  354.81339k -952.3632a  -69.9481f    1.0000m    0.      
  398.10717k -952.3632a  -78.4831f    1.0000m    0.      
  446.68359k -952.3632a  -88.0595f    1.0000m    0.      
  501.18723k -952.3632a  -98.8043f    1.0000m    0.      
  562.34133k -952.3632a -110.8603f    1.0000m    0.      
  630.95734k -952.3632a -124.3873f    1.0000m    0.      
  707.94578k -952.3632a -139.5648f    1.0000m    0.      
  794.32823k -952.3632a -156.5943f    1.0000m    0.      
  891.25094k -952.3632a -175.7017f    1.0000m    0.      
 1000.00000k -952.3632a -197.1406f    1.0000m    0.      
    1.12202x -952.3632a -221.1954f    1.0000m    0.      
    1.25893x -952.3632a -248.1853f    1.0000m    0.      
    1.41254x -952.3632a -278.4685f    1.0000m    0.      
    1.58489x -952.3632a -312.4468f    1.0000m    0.      
    1.77828x -952.3632a -350.5710f    1.0000m    0.      
    1.99526x -952.3632a -393.3472f    1.0000m    0.      
    2.23872x -952.3632a -441.3428f    1.0000m    0.      
    2.51189x -952.3632a -495.1948f    1.0000m    0.      
    2.81838x -952.3632a -555.6177f    1.0000m    0.      
    3.16228x -952.3632a -623.4133f    1.0000m    0.      
    3.54813x -952.3632a -699.4812f    1.0000m    0.      
    3.98107x -952.3632a -784.8308f    1.0000m    0.      
    4.46684x -952.3632a -880.5947f    1.0000m    0.      
    5.01187x -952.3632a -988.0435f    1.0000m    0.      
    5.62341x -952.3632a   -1.1086p    1.0000m    0.      
    6.30957x -952.3632a   -1.2439p    1.0000m    0.      
    7.07946x -952.3632a   -1.3956p    1.0000m    0.      
    7.94328x -952.3632a   -1.5659p    1.0000m    0.      
    8.91251x -952.3632a   -1.7570p    1.0000m    0.      
   10.00000x -952.3632a   -1.9714p    1.0000m    0.      
   11.22018x -952.3632a   -2.2120p    1.0000m    0.      
   12.58925x -952.3632a   -2.4819p    1.0000m    0.      
   14.12538x -952.3632a   -2.7847p    1.0000m    0.      
   15.84893x -952.3632a   -3.1245p    1.0000m    0.      
   17.78279x -952.3632a   -3.5057p    1.0000m    0.      
   19.95262x -952.3632a   -3.9335p    1.0000m    0.      
   22.38721x -952.3632a   -4.4134p    1.0000m    0.      
   25.11886x -952.3632a   -4.9519p    1.0000m    0.      
   28.18383x -952.3632a   -5.5562p    1.0000m    0.      
   31.62278x -952.3632a   -6.2341p    1.0000m    0.      
   35.48134x -952.3632a   -6.9948p    1.0000m    0.      
   39.81072x -952.3632a   -7.8483p    1.0000m    0.      
   44.66836x -952.3632a   -8.8059p    1.0000m    0.      
   50.11872x -952.3632a   -9.8804p    1.0000m    0.      
   56.23413x -952.3632a  -11.0860p    1.0000m    0.      
   63.09573x -952.3632a  -12.4387p    1.0000m    0.      
   70.79458x -952.3632a  -13.9565p    1.0000m    0.      
   79.43282x -952.3632a  -15.6594p    1.0000m    0.      
   89.12509x -952.3632a  -17.5702p    1.0000m    0.      
  100.00000x -952.3632a  -19.7141p    1.0000m    0.      
  112.20185x -952.3632a  -22.1195p    1.0000m    0.      
  125.89254x -952.3632a  -24.8185p    1.0000m    0.      
  141.25375x -952.3632a  -27.8468p    1.0000m    0.      
  158.48932x -952.3632a  -31.2447p    1.0000m    0.      
  177.82794x -952.3632a  -35.0571p    1.0000m    0.      
  199.52623x -952.3632a  -39.3347p    1.0000m    0.      
  223.87211x -952.7969a  -44.1343p    1.0000m    0.      
  251.18864x -952.7969a  -49.5195p    1.0000m    0.      
  281.83829x -953.2306a  -55.5618p    1.0000m    0.      
  316.22777x -953.6642a  -62.3413p    1.0000m    0.      
  354.81339x -953.6642a  -69.9481p    1.0000m    0.      
  398.10717x -955.3990a  -78.4831p    1.0000m    0.      
  446.68359x -955.8326a  -88.0595p    1.0000m    0.      
  501.18723x -957.1337a  -98.8043p    1.0000m    0.      
  562.34133x -958.0010a -110.8603p    1.0000m    0.      
  630.95734x -959.7358a -124.3873p    1.0000m    0.      
  707.94578x -961.4705a -139.5648p    1.0000m    0.      
  794.32823x -963.2052a -156.5943p    1.0000m    0.      
  891.25094x -966.6747a -175.7017p    1.0000m    0.      
 1000.00000x -970.5778a -197.1406p    1.0000m    0.      
    1.12202g -975.3483a -221.1954p    1.0000m    0.      
    1.25893g -980.9861a -248.1853p    1.0000m    0.      
    1.41254g -988.7924a -278.4685p    1.0000m    0.      
    1.58489g -998.3334a -312.4468p    1.0000m    0.      
    1.77828g   -1.0100f -350.5710p    1.0000m    0.      
    1.99526g   -1.0252f -393.3472p    1.0000m    0.      
    2.23872g   -1.0447f -441.3428p    1.0000m    0.      
    2.51189g   -1.0682f -495.1948p    1.0000m    0.      
    2.81838g   -1.0985f -555.6177p    1.0000m    0.      
    3.16228g   -1.1358f -623.4133p    1.0000m    0.      
    3.54813g   -1.1835f -699.4812p    1.0000m    0.      
    3.98107g   -1.2438f -784.8308p    1.0000m    0.      
    4.46684g   -1.3193f -880.5947p    1.0000m    0.      
    5.01187g   -1.4147f -988.0435p    1.0000m    0.      
    5.62341g   -1.5344f   -1.1086n    1.0000m    0.      
    6.30957g   -1.6853f   -1.2439n    1.0000m    0.      
    7.07946g   -1.8748f   -1.3956n    1.0000m    0.      
    7.94328g   -2.1133f   -1.5659n    1.0000m    0.      
    8.91251g   -2.4139f   -1.7570n    1.0000m    0.      
   10.00000g   -2.7933f   -1.9714n    1.0000m    0.      
y

          ***** job concluded
 **info** dc convergence successful at Newton-Raphson method 
 ******  
 * lab3

 ****** ac analysis tnom=  25.000 temp=  25.000 ******
 ****** operating point status is all       simulation time is     0.     

   *** source        0:vgate =    4.000E-01 ***

    node    =voltage      node    =voltage      node    =voltage

 +0:gate    = 400.0000m 0:vdd     = 800.0000m 0:vss     =   0.     


 **** voltage sources

 subckt                                   
 element  0:vdd      0:vgate    0:vss     
  volts    800.0000m  400.0000m    0.     
  current -800.0000n -545.5636f  545.4883f
  power    640.0000n  218.2254f    0.     

     total voltage source power dissipation=  640.0002n       watts




 **** mosfets


 subckt             
 element  0:mn2     
 model    0:nmos    
 region   Subth     
  id         0.     
  ibs      1.240e-27
  ibd      1.722e-27
  vgs      400.0000m
  vds        0.     
  vbs        0.     
  vth      487.2430m
  vdsat     48.4054m
  vod      -87.2430m
  beta       2.1062m
  gam eff  400.0000m
  gm         0.     
  gds        0.     
  gmb        0.     
  cdtot     37.3049a
  cgtot     32.8545a
  cstot     50.4677a
  cbtot     59.3215a
  cgs       15.4922a
  cgd       15.1967a



 ******
 * lab3

 ****** ac analysis tnom=  25.000 temp=  25.000 ******
  *** parameter 0:vgate  =   400.0000m       ***
  
x

 freq         i real     i imag     volt real  volt imag 
             vgate      vgate      gate       gate       
   10.00000    -4.8282f   -2.0643a    1.0000m    0.      
   11.22018    -4.8282f   -2.3162a    1.0000m    0.      
   12.58925    -4.8282f   -2.5988a    1.0000m    0.      
   14.12538    -4.8282f   -2.9159a    1.0000m    0.      
   15.84893    -4.8282f   -3.2717a    1.0000m    0.      
   17.78279    -4.8282f   -3.6709a    1.0000m    0.      
   19.95262    -4.8282f   -4.1188a    1.0000m    0.      
   22.38721    -4.8282f   -4.6214a    1.0000m    0.      
   25.11886    -4.8282f   -5.1853a    1.0000m    0.      
   28.18383    -4.8282f   -5.8180a    1.0000m    0.      
   31.62278    -4.8282f   -6.5279a    1.0000m    0.      
   35.48134    -4.8282f   -7.3245a    1.0000m    0.      
   39.81072    -4.8282f   -8.2182a    1.0000m    0.      
   44.66836    -4.8282f   -9.2209a    1.0000m    0.      
   50.11872    -4.8282f  -10.3461a    1.0000m    0.      
   56.23413    -4.8282f  -11.6085a    1.0000m    0.      
   63.09573    -4.8282f  -13.0249a    1.0000m    0.      
   70.79458    -4.8282f  -14.6142a    1.0000m    0.      
   79.43282    -4.8282f  -16.3974a    1.0000m    0.      
   89.12509    -4.8282f  -18.3982a    1.0000m    0.      
  100.00000    -4.8282f  -20.6431a    1.0000m    0.      
  112.20185    -4.8282f  -23.1620a    1.0000m    0.      
  125.89254    -4.8282f  -25.9881a    1.0000m    0.      
  141.25375    -4.8282f  -29.1592a    1.0000m    0.      
  158.48932    -4.8282f  -32.7171a    1.0000m    0.      
  177.82794    -4.8282f  -36.7092a    1.0000m    0.      
  199.52623    -4.8282f  -41.1884a    1.0000m    0.      
  223.87211    -4.8282f  -46.2142a    1.0000m    0.      
  251.18864    -4.8282f  -51.8532a    1.0000m    0.      
  281.83829    -4.8282f  -58.1802a    1.0000m    0.      
  316.22777    -4.8282f  -65.2793a    1.0000m    0.      
  354.81339    -4.8282f  -73.2446a    1.0000m    0.      
  398.10717    -4.8282f  -82.1817a    1.0000m    0.      
  446.68359    -4.8282f  -92.2094a    1.0000m    0.      
  501.18723    -4.8282f -103.4607a    1.0000m    0.      
  562.34133    -4.8282f -116.0848a    1.0000m    0.      
  630.95734    -4.8282f -130.2493a    1.0000m    0.      
  707.94578    -4.8282f -146.1421a    1.0000m    0.      
  794.32823    -4.8282f -163.9741a    1.0000m    0.      
  891.25094    -4.8282f -183.9820a    1.0000m    0.      
 1000.00000    -4.8282f -206.4312a    1.0000m    0.      
    1.12202k   -4.8282f -231.6196a    1.0000m    0.      
    1.25893k   -4.8282f -259.8815a    1.0000m    0.      
    1.41254k   -4.8282f -291.5918a    1.0000m    0.      
    1.58489k   -4.8282f -327.1714a    1.0000m    0.      
    1.77828k   -4.8282f -367.0924a    1.0000m    0.      
    1.99526k   -4.8282f -411.8844a    1.0000m    0.      
    2.23872k   -4.8282f -462.1419a    1.0000m    0.      
    2.51189k   -4.8282f -518.5317a    1.0000m    0.      
    2.81838k   -4.8282f -581.8022a    1.0000m    0.      
    3.16228k   -4.8282f -652.7928a    1.0000m    0.      
    3.54813k   -4.8282f -732.4455a    1.0000m    0.      
    3.98107k   -4.8282f -821.8174a    1.0000m    0.      
    4.46684k   -4.8282f -922.0943a    1.0000m    0.      
    5.01187k   -4.8282f   -1.0346f    1.0000m    0.      
    5.62341k   -4.8282f   -1.1608f    1.0000m    0.      
    6.30957k   -4.8282f   -1.3025f    1.0000m    0.      
    7.07946k   -4.8282f   -1.4614f    1.0000m    0.      
    7.94328k   -4.8282f   -1.6397f    1.0000m    0.      
    8.91251k   -4.8282f   -1.8398f    1.0000m    0.      
   10.00000k   -4.8282f   -2.0643f    1.0000m    0.      
   11.22018k   -4.8282f   -2.3162f    1.0000m    0.      
   12.58925k   -4.8282f   -2.5988f    1.0000m    0.      
   14.12538k   -4.8282f   -2.9159f    1.0000m    0.      
   15.84893k   -4.8282f   -3.2717f    1.0000m    0.      
   17.78279k   -4.8282f   -3.6709f    1.0000m    0.      
   19.95262k   -4.8282f   -4.1188f    1.0000m    0.      
   22.38721k   -4.8282f   -4.6214f    1.0000m    0.      
   25.11886k   -4.8282f   -5.1853f    1.0000m    0.      
   28.18383k   -4.8282f   -5.8180f    1.0000m    0.      
   31.62278k   -4.8282f   -6.5279f    1.0000m    0.      
   35.48134k   -4.8282f   -7.3245f    1.0000m    0.      
   39.81072k   -4.8282f   -8.2182f    1.0000m    0.      
   44.66836k   -4.8282f   -9.2209f    1.0000m    0.      
   50.11872k   -4.8282f  -10.3461f    1.0000m    0.      
   56.23413k   -4.8282f  -11.6085f    1.0000m    0.      
   63.09573k   -4.8282f  -13.0249f    1.0000m    0.      
   70.79458k   -4.8282f  -14.6142f    1.0000m    0.      
   79.43282k   -4.8282f  -16.3974f    1.0000m    0.      
   89.12509k   -4.8282f  -18.3982f    1.0000m    0.      
  100.00000k   -4.8282f  -20.6431f    1.0000m    0.      
  112.20185k   -4.8282f  -23.1620f    1.0000m    0.      
  125.89254k   -4.8282f  -25.9881f    1.0000m    0.      
  141.25375k   -4.8282f  -29.1592f    1.0000m    0.      
  158.48932k   -4.8282f  -32.7171f    1.0000m    0.      
  177.82794k   -4.8282f  -36.7092f    1.0000m    0.      
  199.52623k   -4.8282f  -41.1884f    1.0000m    0.      
  223.87211k   -4.8282f  -46.2142f    1.0000m    0.      
  251.18864k   -4.8282f  -51.8532f    1.0000m    0.      
  281.83829k   -4.8282f  -58.1802f    1.0000m    0.      
  316.22777k   -4.8282f  -65.2793f    1.0000m    0.      
  354.81339k   -4.8282f  -73.2446f    1.0000m    0.      
  398.10717k   -4.8282f  -82.1817f    1.0000m    0.      
  446.68359k   -4.8282f  -92.2094f    1.0000m    0.      
  501.18723k   -4.8282f -103.4607f    1.0000m    0.      
  562.34133k   -4.8282f -116.0848f    1.0000m    0.      
  630.95734k   -4.8282f -130.2493f    1.0000m    0.      
  707.94578k   -4.8282f -146.1421f    1.0000m    0.      
  794.32823k   -4.8282f -163.9741f    1.0000m    0.      
  891.25094k   -4.8282f -183.9820f    1.0000m    0.      
 1000.00000k   -4.8282f -206.4312f    1.0000m    0.      
    1.12202x   -4.8282f -231.6196f    1.0000m    0.      
    1.25893x   -4.8282f -259.8815f    1.0000m    0.      
    1.41254x   -4.8282f -291.5918f    1.0000m    0.      
    1.58489x   -4.8282f -327.1714f    1.0000m    0.      
    1.77828x   -4.8282f -367.0924f    1.0000m    0.      
    1.99526x   -4.8282f -411.8844f    1.0000m    0.      
    2.23872x   -4.8282f -462.1419f    1.0000m    0.      
    2.51189x   -4.8282f -518.5317f    1.0000m    0.      
    2.81838x   -4.8282f -581.8022f    1.0000m    0.      
    3.16228x   -4.8282f -652.7928f    1.0000m    0.      
    3.54813x   -4.8282f -732.4455f    1.0000m    0.      
    3.98107x   -4.8282f -821.8174f    1.0000m    0.      
    4.46684x   -4.8282f -922.0943f    1.0000m    0.      
    5.01187x   -4.8282f   -1.0346p    1.0000m    0.      
    5.62341x   -4.8282f   -1.1608p    1.0000m    0.      
    6.30957x   -4.8282f   -1.3025p    1.0000m    0.      
    7.07946x   -4.8282f   -1.4614p    1.0000m    0.      
    7.94328x   -4.8282f   -1.6397p    1.0000m    0.      
    8.91251x   -4.8282f   -1.8398p    1.0000m    0.      
   10.00000x   -4.8282f   -2.0643p    1.0000m    0.      
   11.22018x   -4.8282f   -2.3162p    1.0000m    0.      
   12.58925x   -4.8282f   -2.5988p    1.0000m    0.      
   14.12538x   -4.8282f   -2.9159p    1.0000m    0.      
   15.84893x   -4.8282f   -3.2717p    1.0000m    0.      
   17.78279x   -4.8282f   -3.6709p    1.0000m    0.      
   19.95262x   -4.8282f   -4.1188p    1.0000m    0.      
   22.38721x   -4.8282f   -4.6214p    1.0000m    0.      
   25.11886x   -4.8282f   -5.1853p    1.0000m    0.      
   28.18383x   -4.8282f   -5.8180p    1.0000m    0.      
   31.62278x   -4.8282f   -6.5279p    1.0000m    0.      
   35.48134x   -4.8282f   -7.3245p    1.0000m    0.      
   39.81072x   -4.8282f   -8.2182p    1.0000m    0.      
   44.66836x   -4.8282f   -9.2209p    1.0000m    0.      
   50.11872x   -4.8282f  -10.3461p    1.0000m    0.      
   56.23413x   -4.8282f  -11.6085p    1.0000m    0.      
   63.09573x   -4.8282f  -13.0249p    1.0000m    0.      
   70.79458x   -4.8282f  -14.6142p    1.0000m    0.      
   79.43282x   -4.8282f  -16.3974p    1.0000m    0.      
   89.12509x   -4.8282f  -18.3982p    1.0000m    0.      
  100.00000x   -4.8282f  -20.6431p    1.0000m    0.      
  112.20185x   -4.8282f  -23.1620p    1.0000m    0.      
  125.89254x   -4.8286f  -25.9881p    1.0000m    0.      
  141.25375x   -4.8286f  -29.1592p    1.0000m    0.      
  158.48932x   -4.8286f  -32.7171p    1.0000m    0.      
  177.82794x   -4.8286f  -36.7092p    1.0000m    0.      
  199.52623x   -4.8290f  -41.1884p    1.0000m    0.      
  223.87211x   -4.8290f  -46.2142p    1.0000m    0.      
  251.18864x   -4.8290f  -51.8532p    1.0000m    0.      
  281.83829x   -4.8295f  -58.1802p    1.0000m    0.      
  316.22777x   -4.8299f  -65.2793p    1.0000m    0.      
  354.81339x   -4.8308f  -73.2446p    1.0000m    0.      
  398.10717x   -4.8312f  -82.1817p    1.0000m    0.      
  446.68359x   -4.8325f  -92.2094p    1.0000m    0.      
  501.18723x   -4.8329f -103.4607p    1.0000m    0.      
  562.34133x   -4.8338f -116.0848p    1.0000m    0.      
  630.95734x   -4.8368f -130.2493p    1.0000m    0.      
  707.94578x   -4.8381f -146.1421p    1.0000m    0.      
  794.32823x   -4.8412f -163.9741p    1.0000m    0.      
  891.25094x   -4.8438f -183.9820p    1.0000m    0.      
 1000.00000x   -4.8481f -206.4312p    1.0000m    0.      
    1.12202g   -4.8529f -231.6196p    1.0000m    0.      
    1.25893g   -4.8603f -259.8815p    1.0000m    0.      
    1.41254g   -4.8676f -291.5918p    1.0000m    0.      
    1.58489g   -4.8785f -327.1714p    1.0000m    0.      
    1.77828g   -4.8911f -367.0924p    1.0000m    0.      
    1.99526g   -4.9080f -411.8844p    1.0000m    0.      
    2.23872g   -4.9279f -462.1419p    1.0000m    0.      
    2.51189g   -4.9539f -518.5317p    1.0000m    0.      
    2.81838g   -4.9860f -581.8022p    1.0000m    0.      
    3.16228g   -5.0277f -652.7928p    1.0000m    0.      
    3.54813g   -5.0788f -732.4455p    1.0000m    0.      
    3.98107g   -5.1439f -821.8174p    1.0000m    0.      
    4.46684g   -5.2259f -922.0943p    1.0000m    0.      
    5.01187g   -5.3286f   -1.0346n    1.0000m    0.      
    5.62341g   -5.4579f   -1.1608n    1.0000m    0.      
    6.30957g   -5.6209f   -1.3025n    1.0000m    0.      
    7.07946g   -5.8261f   -1.4614n    1.0000m    0.      
    7.94328g   -6.0845f   -1.6397n    1.0000m    0.      
    8.91251g   -6.4098f   -1.8398n    1.0000m    0.      
   10.00000g   -6.8196f   -2.0643n    1.0000m    0.      
y

          ***** job concluded
 **info** dc convergence successful at Newton-Raphson method 
 ******  
 * lab3

 ****** ac analysis tnom=  25.000 temp=  25.000 ******
 ****** operating point status is all       simulation time is     0.     

   *** source        0:vgate =    6.000E-01 ***

    node    =voltage      node    =voltage      node    =voltage

 +0:gate    = 600.0000m 0:vdd     = 800.0000m 0:vss     =   0.     


 **** voltage sources

 subckt                                   
 element  0:vdd      0:vgate    0:vss     
  volts    800.0000m  600.0000m    0.     
  current -800.0000n   -3.4783p    3.4780p
  power    640.0000n    2.0870p    0.     

     total voltage source power dissipation=  640.0021n       watts




 **** mosfets


 subckt             
 element  0:mn2     
 model    0:nmos    
 region   Linear    
  id         0.     
  ibs      1.503e-26
  ibd      2.088e-26
  vgs      600.0000m
  vds        0.     
  vbs        0.     
  vth      487.2430m
  vdsat    119.3729m
  vod      112.7570m
  beta       1.9185m
  gam eff  400.0000m
  gm         0.     
  gds        0.     
  gmb        0.     
  cdtot     44.4593a
  cgtot     39.8547a
  cstot     52.6502a
  cbtot     59.5431a
  cgs       23.0316a
  cgd       16.0519a



 ******
 * lab3

 ****** ac analysis tnom=  25.000 temp=  25.000 ******
  *** parameter 0:vgate  =   600.0000m       ***
  
x

 freq         i real     i imag     volt real  volt imag 
             vgate      vgate      gate       gate       
   10.00000   -30.1681f   -2.5041a    1.0000m    0.      
   11.22018   -30.1681f   -2.8097a    1.0000m    0.      
   12.58925   -30.1681f   -3.1525a    1.0000m    0.      
   14.12538   -30.1681f   -3.5372a    1.0000m    0.      
   15.84893   -30.1681f   -3.9688a    1.0000m    0.      
   17.78279   -30.1681f   -4.4531a    1.0000m    0.      
   19.95262   -30.1681f   -4.9964a    1.0000m    0.      
   22.38721   -30.1681f   -5.6061a    1.0000m    0.      
   25.11886   -30.1681f   -6.2901a    1.0000m    0.      
   28.18383   -30.1681f   -7.0576a    1.0000m    0.      
   31.62278   -30.1681f   -7.9188a    1.0000m    0.      
   35.48134   -30.1681f   -8.8850a    1.0000m    0.      
   39.81072   -30.1681f   -9.9692a    1.0000m    0.      
   44.66836   -30.1681f  -11.1856a    1.0000m    0.      
   50.11872   -30.1681f  -12.5505a    1.0000m    0.      
   56.23413   -30.1681f  -14.0818a    1.0000m    0.      
   63.09573   -30.1681f  -15.8001a    1.0000m    0.      
   70.79458   -30.1681f  -17.7280a    1.0000m    0.      
   79.43282   -30.1681f  -19.8911a    1.0000m    0.      
   89.12509   -30.1681f  -22.3182a    1.0000m    0.      
  100.00000   -30.1681f  -25.0414a    1.0000m    0.      
  112.20185   -30.1681f  -28.0970a    1.0000m    0.      
  125.89254   -30.1681f  -31.5253a    1.0000m    0.      
  141.25375   -30.1681f  -35.3720a    1.0000m    0.      
  158.48932   -30.1681f  -39.6880a    1.0000m    0.      
  177.82794   -30.1681f  -44.5307a    1.0000m    0.      
  199.52623   -30.1681f  -49.9642a    1.0000m    0.      
  223.87211   -30.1681f  -56.0608a    1.0000m    0.      
  251.18864   -30.1681f  -62.9013a    1.0000m    0.      
  281.83829   -30.1681f  -70.5764a    1.0000m    0.      
  316.22777   -30.1681f  -79.1880a    1.0000m    0.      
  354.81339   -30.1681f  -88.8504a    1.0000m    0.      
  398.10717   -30.1681f  -99.6918a    1.0000m    0.      
  446.68359   -30.1681f -111.8560a    1.0000m    0.      
  501.18723   -30.1681f -125.5045a    1.0000m    0.      
  562.34133   -30.1681f -140.8184a    1.0000m    0.      
  630.95734   -30.1681f -158.0008a    1.0000m    0.      
  707.94578   -30.1681f -177.2798a    1.0000m    0.      
  794.32823   -30.1681f -198.9113a    1.0000m    0.      
  891.25094   -30.1681f -223.1821a    1.0000m    0.      
 1000.00000   -30.1681f -250.4144a    1.0000m    0.      
    1.12202k  -30.1681f -280.9696a    1.0000m    0.      
    1.25893k  -30.1681f -315.2531a    1.0000m    0.      
    1.41254k  -30.1681f -353.7198a    1.0000m    0.      
    1.58489k  -30.1681f -396.8801a    1.0000m    0.      
    1.77828k  -30.1681f -445.3068a    1.0000m    0.      
    1.99526k  -30.1681f -499.6425a    1.0000m    0.      
    2.23872k  -30.1681f -560.6081a    1.0000m    0.      
    2.51189k  -30.1681f -629.0126a    1.0000m    0.      
    2.81838k  -30.1681f -705.7638a    1.0000m    0.      
    3.16228k  -30.1681f -791.8800a    1.0000m    0.      
    3.54813k  -30.1681f -888.5040a    1.0000m    0.      
    3.98107k  -30.1681f -996.9178a    1.0000m    0.      
    4.46684k  -30.1681f   -1.1186f    1.0000m    0.      
    5.01187k  -30.1681f   -1.2550f    1.0000m    0.      
    5.62341k  -30.1681f   -1.4082f    1.0000m    0.      
    6.30957k  -30.1681f   -1.5800f    1.0000m    0.      
    7.07946k  -30.1681f   -1.7728f    1.0000m    0.      
    7.94328k  -30.1681f   -1.9891f    1.0000m    0.      
    8.91251k  -30.1681f   -2.2318f    1.0000m    0.      
   10.00000k  -30.1681f   -2.5041f    1.0000m    0.      
   11.22018k  -30.1681f   -2.8097f    1.0000m    0.      
   12.58925k  -30.1681f   -3.1525f    1.0000m    0.      
   14.12538k  -30.1681f   -3.5372f    1.0000m    0.      
   15.84893k  -30.1681f   -3.9688f    1.0000m    0.      
   17.78279k  -30.1681f   -4.4531f    1.0000m    0.      
   19.95262k  -30.1681f   -4.9964f    1.0000m    0.      
   22.38721k  -30.1681f   -5.6061f    1.0000m    0.      
   25.11886k  -30.1681f   -6.2901f    1.0000m    0.      
   28.18383k  -30.1681f   -7.0576f    1.0000m    0.      
   31.62278k  -30.1681f   -7.9188f    1.0000m    0.      
   35.48134k  -30.1681f   -8.8850f    1.0000m    0.      
   39.81072k  -30.1681f   -9.9692f    1.0000m    0.      
   44.66836k  -30.1681f  -11.1856f    1.0000m    0.      
   50.11872k  -30.1681f  -12.5505f    1.0000m    0.      
   56.23413k  -30.1681f  -14.0818f    1.0000m    0.      
   63.09573k  -30.1681f  -15.8001f    1.0000m    0.      
   70.79458k  -30.1681f  -17.7280f    1.0000m    0.      
   79.43282k  -30.1681f  -19.8911f    1.0000m    0.      
   89.12509k  -30.1681f  -22.3182f    1.0000m    0.      
  100.00000k  -30.1681f  -25.0414f    1.0000m    0.      
  112.20185k  -30.1681f  -28.0970f    1.0000m    0.      
  125.89254k  -30.1681f  -31.5253f    1.0000m    0.      
  141.25375k  -30.1681f  -35.3720f    1.0000m    0.      
  158.48932k  -30.1681f  -39.6880f    1.0000m    0.      
  177.82794k  -30.1681f  -44.5307f    1.0000m    0.      
  199.52623k  -30.1681f  -49.9642f    1.0000m    0.      
  223.87211k  -30.1681f  -56.0608f    1.0000m    0.      
  251.18864k  -30.1681f  -62.9013f    1.0000m    0.      
  281.83829k  -30.1681f  -70.5764f    1.0000m    0.      
  316.22777k  -30.1681f  -79.1880f    1.0000m    0.      
  354.81339k  -30.1681f  -88.8504f    1.0000m    0.      
  398.10717k  -30.1681f  -99.6918f    1.0000m    0.      
  446.68359k  -30.1681f -111.8560f    1.0000m    0.      
  501.18723k  -30.1681f -125.5045f    1.0000m    0.      
  562.34133k  -30.1681f -140.8184f    1.0000m    0.      
  630.95734k  -30.1681f -158.0008f    1.0000m    0.      
  707.94578k  -30.1681f -177.2798f    1.0000m    0.      
  794.32823k  -30.1681f -198.9113f    1.0000m    0.      
  891.25094k  -30.1681f -223.1821f    1.0000m    0.      
 1000.00000k  -30.1681f -250.4144f    1.0000m    0.      
    1.12202x  -30.1681f -280.9696f    1.0000m    0.      
    1.25893x  -30.1681f -315.2531f    1.0000m    0.      
    1.41254x  -30.1681f -353.7198f    1.0000m    0.      
    1.58489x  -30.1681f -396.8801f    1.0000m    0.      
    1.77828x  -30.1681f -445.3068f    1.0000m    0.      
    1.99526x  -30.1681f -499.6425f    1.0000m    0.      
    2.23872x  -30.1681f -560.6081f    1.0000m    0.      
    2.51189x  -30.1681f -629.0126f    1.0000m    0.      
    2.81838x  -30.1681f -705.7638f    1.0000m    0.      
    3.16228x  -30.1681f -791.8800f    1.0000m    0.      
    3.54813x  -30.1681f -888.5040f    1.0000m    0.      
    3.98107x  -30.1681f -996.9178f    1.0000m    0.      
    4.46684x  -30.1681f   -1.1186p    1.0000m    0.      
    5.01187x  -30.1681f   -1.2550p    1.0000m    0.      
    5.62341x  -30.1681f   -1.4082p    1.0000m    0.      
    6.30957x  -30.1681f   -1.5800p    1.0000m    0.      
    7.07946x  -30.1681f   -1.7728p    1.0000m    0.      
    7.94328x  -30.1681f   -1.9891p    1.0000m    0.      
    8.91251x  -30.1681f   -2.2318p    1.0000m    0.      
   10.00000x  -30.1681f   -2.5041p    1.0000m    0.      
   11.22018x  -30.1681f   -2.8097p    1.0000m    0.      
   12.58925x  -30.1681f   -3.1525p    1.0000m    0.      
   14.12538x  -30.1681f   -3.5372p    1.0000m    0.      
   15.84893x  -30.1681f   -3.9688p    1.0000m    0.      
   17.78279x  -30.1681f   -4.4531p    1.0000m    0.      
   19.95262x  -30.1681f   -4.9964p    1.0000m    0.      
   22.38721x  -30.1681f   -5.6061p    1.0000m    0.      
   25.11886x  -30.1681f   -6.2901p    1.0000m    0.      
   28.18383x  -30.1681f   -7.0576p    1.0000m    0.      
   31.62278x  -30.1681f   -7.9188p    1.0000m    0.      
   35.48134x  -30.1681f   -8.8850p    1.0000m    0.      
   39.81072x  -30.1681f   -9.9692p    1.0000m    0.      
   44.66836x  -30.1681f  -11.1856p    1.0000m    0.      
   50.11872x  -30.1681f  -12.5505p    1.0000m    0.      
   56.23413x  -30.1681f  -14.0818p    1.0000m    0.      
   63.09573x  -30.1681f  -15.8001p    1.0000m    0.      
   70.79458x  -30.1681f  -17.7280p    1.0000m    0.      
   79.43282x  -30.1681f  -19.8911p    1.0000m    0.      
   89.12509x  -30.1681f  -22.3182p    1.0000m    0.      
  100.00000x  -30.1686f  -25.0414p    1.0000m    0.      
  112.20185x  -30.1686f  -28.0970p    1.0000m    0.      
  125.89254x  -30.1686f  -31.5253p    1.0000m    0.      
  141.25375x  -30.1686f  -35.3720p    1.0000m    0.      
  158.48932x  -30.1686f  -39.6880p    1.0000m    0.      
  177.82794x  -30.1690f  -44.5307p    1.0000m    0.      
  199.52623x  -30.1690f  -49.9642p    1.0000m    0.      
  223.87211x  -30.1694f  -56.0608p    1.0000m    0.      
  251.18864x  -30.1699f  -62.9013p    1.0000m    0.      
  281.83829x  -30.1712f  -70.5764p    1.0000m    0.      
  316.22777x  -30.1716f  -79.1880p    1.0000m    0.      
  354.81339x  -30.1720f  -88.8504p    1.0000m    0.      
  398.10717x  -30.1729f  -99.6918p    1.0000m    0.      
  446.68359x  -30.1738f -111.8560p    1.0000m    0.      
  501.18723x  -30.1755f -125.5045p    1.0000m    0.      
  562.34133x  -30.1772f -140.8184p    1.0000m    0.      
  630.95734x  -30.1794f -158.0008p    1.0000m    0.      
  707.94578x  -30.1825f -177.2798p    1.0000m    0.      
  794.32823x  -30.1859f -198.9113p    1.0000m    0.      
  891.25094x  -30.1911f -223.1821p    1.0000m    0.      
 1000.00000x  -30.1968f -250.4144p    1.0000m    0.      
    1.12202g  -30.2037f -280.9696p    1.0000m    0.      
    1.25893g  -30.2132f -315.2531p    1.0000m    0.      
    1.41254g  -30.2250f -353.7198p    1.0000m    0.      
    1.58489g  -30.2393f -396.8801p    1.0000m    0.      
    1.77828g  -30.2579f -445.3068p    1.0000m    0.      
    1.99526g  -30.2809f -499.6425p    1.0000m    0.      
    2.23872g  -30.3104f -560.6081p    1.0000m    0.      
    2.51189g  -30.3473f -629.0126p    1.0000m    0.      
    2.81838g  -30.3937f -705.7638p    1.0000m    0.      
    3.16228g  -30.4518f -791.8800p    1.0000m    0.      
    3.54813g  -30.5251f -888.5040p    1.0000m    0.      
    3.98107g  -30.6179f -996.9178p    1.0000m    0.      
    4.46684g  -30.7341f   -1.1186n    1.0000m    0.      
    5.01187g  -30.8807f   -1.2550n    1.0000m    0.      
    5.62341g  -31.0641f   -1.4082n    1.0000m    0.      
    6.30957g  -31.2966f   -1.5800n    1.0000m    0.      
    7.07946g  -31.5889f   -1.7728n    1.0000m    0.      
    7.94328g  -31.9571f   -1.9891n    1.0000m    0.      
    8.91251g  -32.4202f   -2.2318n    1.0000m    0.      
   10.00000g  -33.0031f   -2.5041n    1.0000m    0.      
y

          ***** job concluded
 **info** dc convergence successful at Newton-Raphson method 
 ******  
 * lab3

 ****** ac analysis tnom=  25.000 temp=  25.000 ******
 ****** operating point status is all       simulation time is     0.     

   *** source        0:vgate =    8.000E-01 ***

    node    =voltage      node    =voltage      node    =voltage

 +0:gate    = 800.0000m 0:vdd     = 800.0000m 0:vss     =   0.     


 **** voltage sources

 subckt                                   
 element  0:vdd      0:vgate    0:vss     
  volts    800.0000m  800.0000m    0.     
  current -800.0000n  -14.2375p   14.2377p
  power    640.0000n   11.3900p    0.     

     total voltage source power dissipation=  640.0114n       watts




 **** mosfets


 subckt             
 element  0:mn2     
 model    0:nmos    
 region   Linear    
  id         0.     
  ibs      5.722e-25
  ibd      7.948e-25
  vgs      800.0000m
  vds        0.     
  vbs        0.     
  vth      487.2430m
  vdsat    240.2679m
  vod      312.7570m
  beta       1.6228m
  gam eff  400.0000m
  gm         0.     
  gds        0.     
  gmb        0.     
  cdtot     50.5761a
  cgtot     41.7362a
  cstot     50.9225a
  cbtot     59.5470a
  cgs       23.8614a
  cgd       17.4409a



 ******
 * lab3

 ****** ac analysis tnom=  25.000 temp=  25.000 ******
  *** parameter 0:vgate  =   800.0000m       ***
  
x

 freq         i real     i imag     volt real  volt imag 
             vgate      vgate      gate       gate       
   10.00000   -86.3242f   -2.6224a    1.0000m    0.      
   11.22018   -86.3242f   -2.9423a    1.0000m    0.      
   12.58925   -86.3242f   -3.3014a    1.0000m    0.      
   14.12538   -86.3242f   -3.7042a    1.0000m    0.      
   15.84893   -86.3242f   -4.1562a    1.0000m    0.      
   17.78279   -86.3242f   -4.6633a    1.0000m    0.      
   19.95262   -86.3242f   -5.2323a    1.0000m    0.      
   22.38721   -86.3242f   -5.8707a    1.0000m    0.      
   25.11886   -86.3242f   -6.5871a    1.0000m    0.      
   28.18383   -86.3242f   -7.3908a    1.0000m    0.      
   31.62278   -86.3242f   -8.2926a    1.0000m    0.      
   35.48134   -86.3242f   -9.3045a    1.0000m    0.      
   39.81072   -86.3242f  -10.4398a    1.0000m    0.      
   44.66836   -86.3242f  -11.7137a    1.0000m    0.      
   50.11872   -86.3242f  -13.1429a    1.0000m    0.      
   56.23413   -86.3242f  -14.7466a    1.0000m    0.      
   63.09573   -86.3242f  -16.5460a    1.0000m    0.      
   70.79458   -86.3242f  -18.5649a    1.0000m    0.      
   79.43282   -86.3242f  -20.8302a    1.0000m    0.      
   89.12509   -86.3242f  -23.3718a    1.0000m    0.      
  100.00000   -86.3242f  -26.2236a    1.0000m    0.      
  112.20185   -86.3242f  -29.4234a    1.0000m    0.      
  125.89254   -86.3242f  -33.0136a    1.0000m    0.      
  141.25375   -86.3242f  -37.0419a    1.0000m    0.      
  158.48932   -86.3242f  -41.5616a    1.0000m    0.      
  177.82794   -86.3242f  -46.6329a    1.0000m    0.      
  199.52623   -86.3242f  -52.3230a    1.0000m    0.      
  223.87211   -86.3242f  -58.7074a    1.0000m    0.      
  251.18864   -86.3242f  -65.8708a    1.0000m    0.      
  281.83829   -86.3242f  -73.9082a    1.0000m    0.      
  316.22777   -86.3242f  -82.9264a    1.0000m    0.      
  354.81339   -86.3242f  -93.0449a    1.0000m    0.      
  398.10717   -86.3242f -104.3981a    1.0000m    0.      
  446.68359   -86.3242f -117.1366a    1.0000m    0.      
  501.18723   -86.3242f -131.4295a    1.0000m    0.      
  562.34133   -86.3242f -147.4663a    1.0000m    0.      
  630.95734   -86.3242f -165.4599a    1.0000m    0.      
  707.94578   -86.3242f -185.6490a    1.0000m    0.      
  794.32823   -86.3242f -208.3017a    1.0000m    0.      
  891.25094   -86.3242f -233.7183a    1.0000m    0.      
 1000.00000   -86.3242f -262.2362a    1.0000m    0.      
    1.12202k  -86.3242f -294.2339a    1.0000m    0.      
    1.25893k  -86.3242f -330.1359a    1.0000m    0.      
    1.41254k  -86.3242f -370.4185a    1.0000m    0.      
    1.58489k  -86.3242f -415.6164a    1.0000m    0.      
    1.77828k  -86.3242f -466.3293a    1.0000m    0.      
    1.99526k  -86.3242f -523.2301a    1.0000m    0.      
    2.23872k  -86.3242f -587.0738a    1.0000m    0.      
    2.51189k  -86.3242f -658.7077a    1.0000m    0.      
    2.81838k  -86.3242f -739.0822a    1.0000m    0.      
    3.16228k  -86.3242f -829.2638a    1.0000m    0.      
    3.54813k  -86.3242f -930.4493a    1.0000m    0.      
    3.98107k  -86.3242f   -1.0440f    1.0000m    0.      
    4.46684k  -86.3242f   -1.1714f    1.0000m    0.      
    5.01187k  -86.3242f   -1.3143f    1.0000m    0.      
    5.62341k  -86.3242f   -1.4747f    1.0000m    0.      
    6.30957k  -86.3242f   -1.6546f    1.0000m    0.      
    7.07946k  -86.3242f   -1.8565f    1.0000m    0.      
    7.94328k  -86.3242f   -2.0830f    1.0000m    0.      
    8.91251k  -86.3242f   -2.3372f    1.0000m    0.      
   10.00000k  -86.3242f   -2.6224f    1.0000m    0.      
   11.22018k  -86.3242f   -2.9423f    1.0000m    0.      
   12.58925k  -86.3242f   -3.3014f    1.0000m    0.      
   14.12538k  -86.3242f   -3.7042f    1.0000m    0.      
   15.84893k  -86.3242f   -4.1562f    1.0000m    0.      
   17.78279k  -86.3242f   -4.6633f    1.0000m    0.      
   19.95262k  -86.3242f   -5.2323f    1.0000m    0.      
   22.38721k  -86.3242f   -5.8707f    1.0000m    0.      
   25.11886k  -86.3242f   -6.5871f    1.0000m    0.      
   28.18383k  -86.3242f   -7.3908f    1.0000m    0.      
   31.62278k  -86.3242f   -8.2926f    1.0000m    0.      
   35.48134k  -86.3242f   -9.3045f    1.0000m    0.      
   39.81072k  -86.3242f  -10.4398f    1.0000m    0.      
   44.66836k  -86.3242f  -11.7137f    1.0000m    0.      
   50.11872k  -86.3242f  -13.1429f    1.0000m    0.      
   56.23413k  -86.3242f  -14.7466f    1.0000m    0.      
   63.09573k  -86.3242f  -16.5460f    1.0000m    0.      
   70.79458k  -86.3242f  -18.5649f    1.0000m    0.      
   79.43282k  -86.3242f  -20.8302f    1.0000m    0.      
   89.12509k  -86.3242f  -23.3718f    1.0000m    0.      
  100.00000k  -86.3242f  -26.2236f    1.0000m    0.      
  112.20185k  -86.3242f  -29.4234f    1.0000m    0.      
  125.89254k  -86.3242f  -33.0136f    1.0000m    0.      
  141.25375k  -86.3242f  -37.0419f    1.0000m    0.      
  158.48932k  -86.3242f  -41.5616f    1.0000m    0.      
  177.82794k  -86.3242f  -46.6329f    1.0000m    0.      
  199.52623k  -86.3242f  -52.3230f    1.0000m    0.      
  223.87211k  -86.3242f  -58.7074f    1.0000m    0.      
  251.18864k  -86.3242f  -65.8708f    1.0000m    0.      
  281.83829k  -86.3242f  -73.9082f    1.0000m    0.      
  316.22777k  -86.3242f  -82.9264f    1.0000m    0.      
  354.81339k  -86.3242f  -93.0449f    1.0000m    0.      
  398.10717k  -86.3242f -104.3981f    1.0000m    0.      
  446.68359k  -86.3242f -117.1366f    1.0000m    0.      
  501.18723k  -86.3242f -131.4295f    1.0000m    0.      
  562.34133k  -86.3242f -147.4663f    1.0000m    0.      
  630.95734k  -86.3242f -165.4599f    1.0000m    0.      
  707.94578k  -86.3242f -185.6490f    1.0000m    0.      
  794.32823k  -86.3242f -208.3017f    1.0000m    0.      
  891.25094k  -86.3242f -233.7183f    1.0000m    0.      
 1000.00000k  -86.3242f -262.2362f    1.0000m    0.      
    1.12202x  -86.3242f -294.2339f    1.0000m    0.      
    1.25893x  -86.3242f -330.1359f    1.0000m    0.      
    1.41254x  -86.3242f -370.4185f    1.0000m    0.      
    1.58489x  -86.3242f -415.6164f    1.0000m    0.      
    1.77828x  -86.3242f -466.3293f    1.0000m    0.      
    1.99526x  -86.3242f -523.2301f    1.0000m    0.      
    2.23872x  -86.3242f -587.0738f    1.0000m    0.      
    2.51189x  -86.3242f -658.7077f    1.0000m    0.      
    2.81838x  -86.3242f -739.0822f    1.0000m    0.      
    3.16228x  -86.3242f -829.2638f    1.0000m    0.      
    3.54813x  -86.3242f -930.4493f    1.0000m    0.      
    3.98107x  -86.3242f   -1.0440p    1.0000m    0.      
    4.46684x  -86.3242f   -1.1714p    1.0000m    0.      
    5.01187x  -86.3242f   -1.3143p    1.0000m    0.      
    5.62341x  -86.3242f   -1.4747p    1.0000m    0.      
    6.30957x  -86.3242f   -1.6546p    1.0000m    0.      
    7.07946x  -86.3242f   -1.8565p    1.0000m    0.      
    7.94328x  -86.3242f   -2.0830p    1.0000m    0.      
    8.91251x  -86.3242f   -2.3372p    1.0000m    0.      
   10.00000x  -86.3242f   -2.6224p    1.0000m    0.      
   11.22018x  -86.3242f   -2.9423p    1.0000m    0.      
   12.58925x  -86.3242f   -3.3014p    1.0000m    0.      
   14.12538x  -86.3242f   -3.7042p    1.0000m    0.      
   15.84893x  -86.3242f   -4.1562p    1.0000m    0.      
   17.78279x  -86.3242f   -4.6633p    1.0000m    0.      
   19.95262x  -86.3242f   -5.2323p    1.0000m    0.      
   22.38721x  -86.3242f   -5.8707p    1.0000m    0.      
   25.11886x  -86.3242f   -6.5871p    1.0000m    0.      
   28.18383x  -86.3242f   -7.3908p    1.0000m    0.      
   31.62278x  -86.3242f   -8.2926p    1.0000m    0.      
   35.48134x  -86.3242f   -9.3045p    1.0000m    0.      
   39.81072x  -86.3242f  -10.4398p    1.0000m    0.      
   44.66836x  -86.3242f  -11.7137p    1.0000m    0.      
   50.11872x  -86.3242f  -13.1429p    1.0000m    0.      
   56.23413x  -86.3242f  -14.7466p    1.0000m    0.      
   63.09573x  -86.3242f  -16.5460p    1.0000m    0.      
   70.79458x  -86.3242f  -18.5649p    1.0000m    0.      
   79.43282x  -86.3242f  -20.8302p    1.0000m    0.      
   89.12509x  -86.3246f  -23.3718p    1.0000m    0.      
  100.00000x  -86.3246f  -26.2236p    1.0000m    0.      
  112.20185x  -86.3246f  -29.4234p    1.0000m    0.      
  125.89254x  -86.3246f  -33.0136p    1.0000m    0.      
  141.25375x  -86.3246f  -37.0419p    1.0000m    0.      
  158.48932x  -86.3250f  -41.5616p    1.0000m    0.      
  177.82794x  -86.3250f  -46.6329p    1.0000m    0.      
  199.52623x  -86.3250f  -52.3230p    1.0000m    0.      
  223.87211x  -86.3250f  -58.7074p    1.0000m    0.      
  251.18864x  -86.3255f  -65.8708p    1.0000m    0.      
  281.83829x  -86.3263f  -73.9082p    1.0000m    0.      
  316.22777x  -86.3268f  -82.9264p    1.0000m    0.      
  354.81339x  -86.3276f  -93.0449p    1.0000m    0.      
  398.10717x  -86.3289f -104.3981p    1.0000m    0.      
  446.68359x  -86.3302f -117.1366p    1.0000m    0.      
  501.18723x  -86.3315f -131.4295p    1.0000m    0.      
  562.34133x  -86.3337f -147.4663p    1.0000m    0.      
  630.95734x  -86.3363f -165.4599p    1.0000m    0.      
  707.94578x  -86.3394f -185.6490p    1.0000m    0.      
  794.32823x  -86.3433f -208.3017p    1.0000m    0.      
  891.25094x  -86.3485f -233.7183p    1.0000m    0.      
 1000.00000x  -86.3545f -262.2362p    1.0000m    0.      
    1.12202g  -86.3628f -294.2339p    1.0000m    0.      
    1.25893g  -86.3732f -330.1359p    1.0000m    0.      
    1.41254g  -86.3858f -370.4185p    1.0000m    0.      
    1.58489g  -86.4014f -415.6164p    1.0000m    0.      
    1.77828g  -86.4213f -466.3293p    1.0000m    0.      
    1.99526g  -86.4473f -523.2301p    1.0000m    0.      
    2.23872g  -86.4790f -587.0738p    1.0000m    0.      
    2.51189g  -86.5193f -658.7077p    1.0000m    0.      
    2.81838g  -86.5705f -739.0822p    1.0000m    0.      
    3.16228g  -86.6343f -829.2638p    1.0000m    0.      
    3.54813g  -86.7149f -930.4493p    1.0000m    0.      
    3.98107g  -86.8164f   -1.0440n    1.0000m    0.      
    4.46684g  -86.9435f   -1.1714n    1.0000m    0.      
    5.01187g  -87.1039f   -1.3143n    1.0000m    0.      
    5.62341g  -87.3056f   -1.4747n    1.0000m    0.      
    6.30957g  -87.5602f   -1.6546n    1.0000m    0.      
    7.07946g  -87.8798f   -1.8565n    1.0000m    0.      
    7.94328g  -88.2835f   -2.0830n    1.0000m    0.      
    8.91251g  -88.7905f   -2.3372n    1.0000m    0.      
   10.00000g  -89.4289f   -2.6224n    1.0000m    0.      
y

          ***** job concluded
 ******  
 * lab3

 ****** job statistics summary tnom=  25.000 temp=  25.000 ******
  
 ******  Machine Information  ******
 CPU:
 model name	: AMD EPYC 7F72 24-Core Processor
 cpu MHz	: 2272.265
 CPU(s)		: 48
  
 OS:
 Linux version 4.18.0-553.153.1.el8_10.x86_64 (mockbuild@x86-64-03.build.eng.rdu2.redhat.com) (gcc version 8.5.0 20210514 (Red Hat 8.5.0-28) (GCC)) #1 SMP Tue Aug 4 21:00:26 EDT 2026

 System loadavg : 0.62 0.64 0.70 2/1565 793033


  ******  PrimeSim HSPICE Threads Information  ******

  Command Line Threads Count :     1
  Available CPU Count        :    48
  Actual Threads Count       :     1


  ******  Circuit Statistics  ******
  # nodes       =       8 # elements   =       5
  # resistors   =       1 # capacitors =       0 # inductors   =       0
  # mutual_inds =       0 # vccs       =       0 # vcvs        =       0
  # cccs        =       0 # ccvs       =       0 # volt_srcs   =       3
  # curr_srcs   =       0 # diodes     =       0 # bjts        =       0
  # jfets       =       0 # mosfets    =       1 # U elements  =       0
  # T elements  =       0 # W elements =       0 # B elements  =       0
  # S elements  =       0 # P elements =       0 # va device   =       0
  # vector_srcs =       0 # N elements =       0


  ******  Runtime Statistics (seconds)  ******

  analysis           time    # points   tot. iter  conv.iter
  op point           0.13           1          19
  ac analysis        0.00         724         724
  readin             0.18
  errchk             0.00
  setup              0.00
  output             0.00


           peak memory used        521.88 megabytes
           total cpu time            0.29 seconds
           total elapsed time        0.75 seconds
           job started at     17:30:10 09/22/2026
           job ended   at     17:30:11 09/22/2026
           job total runtime         0.75 seconds


 lic: Release hspice token(s) 
 lic: total license checkout elapse time:        0.44(s)
