 ****** PrimeSim HSPICE -- W-2024.09 linux64 (Aug 27 2024 9174816) ******
  Copyright (c) 1986 - 2026 by Synopsys, Inc. All Rights Reserved.
  This software and the associated documentation are proprietary
  to Synopsys, Inc. This software may only be used in accordance
  with the terms and conditions of a written license agreement with
  Synopsys, Inc. All other use, reproduction, or distribution of
  this software is strictly prohibited.
  Input File: ac_nmos_vdd.sp                                                    
  Command line options: /opt/coe/synopsys/hspice/W-2024.09/hspice/linux64/hspice -i ac_nmos_vdd.sp -o results_nmos_vdd/
  Start time: Tue Sep 22 17:30:21 2026
 lic:  
 lic: FLEXlm: SDK_14.2 
 lic: USER:   venky.k              HOSTNAME: n01-zeus.olympus.ece.tamu.edu 
 lic: HOSTID: ffffffffa8c00b02     PID:      793092 
 lic: Using FLEXlm license file: 
 lic: 27070@coe-vtls3.engr.tamu.edu 
 lic: Checkout 1 hspice 
 lic: License/Maintenance for hspice will expire on 12-jan-2027/2025.06 
 lic: 1(in_use)/100(total) FLOATING license(s) on SERVER 27070@coe-vtls3.engr.tamu.edu 
 lic:   
1****** PrimeSim HSPICE -- W-2024.09 linux64 (Aug 27 2024 9174816) ******
 ******  
 * lab3

 ****** mos   model parameters tnom=  25.000 temp=  25.000 ******
 Model file: ../22nm_HP.pm
 Model line:            4
 Model Name: nmos  
 BSIM4 Model (Level 54)
    MOBMOD = 0
    BINUNIT = 1
    PARAMCHK = 1
    CAPMOD = 2
    DIOMOD = 1
    RDSMOD = 0
    TRNQSMOD = 0
    ACNQSMOD = 0
    RBODYMOD = 1
    RGATEMOD = 1
    PERMOD = 1
    GEOMOD = 1
    RGEOMOD = 0
    FNOIMOD = 1
    TNOIMOD = 0
    IGCMOD = 1
    IGBMOD = 1
    STIMOD = 0
    VERSION =      4 
    TOXREF = 1.05e-09 
    TOXE = 1.05e-09 
    TOXP =  8e-10 
    TOXM = 1.05e-09 
    DTOX = 2.5e-10 
    EPSROX =    3.9 
    CDSC =      0 
    CDSCB =      0 
    CDSCD =      0 
    CIT =      0 
    NFACTOR =    2.3 
    XJ = 7.2e-09 
    VSAT = 2.5e+05 
    A0 =      1 
    AGS =      0 
    A1 =      0 
    A2 =      1 
    AT = 3.3e+04 
    KETA =   0.04 
    NSUB =  6e+16 
    NDEP = 5.5e+18 
    NSD =  2e+20 
    NGATE =  1e+23 
    GAMMA1 =      0 
    GAMMA2 =      0 
    VBX =      0 
    VBM =     -3 
    XT = 1.55e-07 
    K1 =    0.4 
    KT1 =  -0.11 
    KT1L =      0 
    KT2 =  0.022 
    K2 =      0 
    K3 =      0 
    K3B =      0 
    LPE0 =      0 
    LPEB =      0 
    DVTP0 =  1e-11 
    DVTP1 =    0.1 
    W0 = 2.5e-06 
    DVT0 =      1 
    DVT1 =      2 
    DVT2 =      0 
    DVT0W =      0 
    DVT1W =      0 
    DVT2W =      0 
    DROUT =    0.5 
    DSUB =    0.1 
    VTH0 = 0.5031 
    EU =   1.67 
    UA =  6e-10 
    UA1 = 4.31e-09 
    UB = 1.2e-18 
    UB1 = 7.61e-18 
    UC =      0 
    UC1 = -5.6e-11 
    U0 =   0.04 
    UTE =   -1.5 
    VOFF =  -0.13 
    VOFFL =      0 
    MINV =   0.05 
    FPROUT =    0.2 
    PDITS =   0.01 
    PDITSD =   0.23 
    PDITSL = 2.3e+06 
    DELTA =   0.01 
    RDSW =    145 
    RDSWMIN =      0 
    RDWMIN =      0 
    RSWMIN =      0 
    RDW =     75 
    RSW =     75 
    PRWG =      0 
    PRWB =      0 
    PRT =      0 
    ETA0 =  0.004 
    ETAB =      0 
    PCLM =   0.02 
    PDIBLC1 =  0.001 
    PDIBLC2 =  0.001 
    PDIBLCB = -0.005 
    PSCBE1 = 8.14e+08 
    PSCBE2 =  1e-07 
    PVAG =  1e-20 
    WR =      1 
    DWG =      0 
    DWB =      0 
    XW =      0 
    XWREF =      0 
    XL = -9e-09 
    XLREF = -9e-09 
    B0 =      0 
    B1 =      0 
    ALPHA0 =  0.074 
    ALPHA1 =  0.005 
    AGIDL = 0.0002 
    BGIDL = 2.1e+09 
    CGIDL = 0.0002 
    PHIN =      0 
    EGIDL =    0.8 
    AIGC = 0.0213 
    BIGC = 0.002589 
    CIGC =  0.002 
    AIGSD = 0.0213 
    BIGSD = 0.002589 
    CIGSD =  0.002 
    AIGBACC =  0.012 
    BIGBACC = 0.0028 
    CIGBACC =  0.002 
    AIGBINV =  0.014 
    BIGBINV =  0.004 
    CIGBINV =  0.004 
    NIGC =      1 
    NIGBINV =      3 
    NIGBACC =      1 
    NTOX =      1 
    EIGBINV =    1.1 
    PIGCD =      1 
    POXEDGE =      1 
    XRCRG1 =     12 
    TNOIA =    1.5 
    TNOIB =    3.5 
    NTNOI =      1 
    XRCRG2 =      5 
    BETA0 =     30 
    IJTHDFWD =   0.01 
    IJTHSFWD =   0.01 
    IJTHDREV =  0.001 
    IJTHSREV =  0.001 
    XJBVD =      1 
    XJBVS =      1 
    BVD =     10 
    BVS =     10 
    VFB =  -0.55 
    GBMIN =  1e-10 
    RBDB =     15 
    RBPB =      5 
    RBSB =     15 
    RBPS =     15 
    RBPD =     15 
    CGSL = 2.653e-10 
    CGDL = 2.653e-10 
    CKAPPAS =   0.03 
    CKAPPAD =   0.03 
    CF = 1.307e-10 
    CLC =  1e-07 
    CLE =    0.6 
    DWC =  5e-09 
    DLC =  2e-09 
    DLCIG =  2e-09 
    DWJ =      0 
    VFBCV =     -1 
    ACDE =      1 
    MOIN =     15 
    NOFF =    0.9 
    VOFFCV =   0.02 
    DMCG =      0 
    DMCI =      0 
    DMDG =      0 
    DMCGT =      0 
    XGW =      0 
    XGL =      0 
    RSHG =    0.4 
    NGCON =      1 
    TCJ =  0.001 
    TPB =  0.005 
    TCJSW =  0.001 
    TPBSW =  0.005 
    TCJSWG =  0.001 
    TPBSWG =  0.005 
    SK0 =      0 
    SK1 =      0 
    SK2 =      0 
    SL =  2e-06 
    SW =  2e-06 
    K =      0 
    TNOM =  300.1 
    CGSO = 6.5e-11 
    CGDO = 6.5e-11 
    CGBO = 2.56e-11 
    XPART =      0 
    RSH =      5 
    JSS = 0.0001 
    JSWS =  1e-11 
    JSWGS =  1e-10 
    PBS =      1 
    MJS =    0.5 
    PBSWS =      1 
    MJSWS =   0.33 
    CJS = 0.0005 
    CJSWS =  5e-10 
    NJS =      1 
    PBSWGS =      1 
    MJSWGS =   0.33 
    CJSWGS =  3e-10 
    XTIS =      3 
    JSD = 0.0001 
    JSWD =  1e-11 
    JSWGD =  1e-10 
    PBD =      1 
    MJD =    0.5 
    PBSWD =      1 
    MJSWD =   0.33 
    CJD = 0.0005 
    CJSWD =  5e-10 
    NJD =      1 
    PBSWGD =      1 
    MJSWGD =   0.33 
    CJSWGD =  5e-10 
    XTID =      3 
    LMLT =      1 
    WMLT =      1 
    LINT =  2e-09 
    LL =      0 
    LLC =      0 
    LLN =      1 
    LW =      0 
    LWC =      0 
    LWN =      1 
    LWL =      0 
    LWLC =      0 
    LMIN =      0 
    LMAX =      1 
    WINT =  5e-09 
    WL =      0 
    WLC =      0 
    WLN =      1 
    WW =      0 
    WWC =      0 
    WWN =      1 
    WWL =      0 
    WWLC =      0 
    WMIN =      0 
    WMAX =      1 
    NOIA = 6.25e+41 
    NOIB = 3.125e+26 
    NOIC = 8.75e+09 
    EM = 4.1e+07 
    EF =      1 
    AF =      1 
    KF =      0 
    TRS =      0 
    TRD =      0 
  **warning** (nmos:mn1 (ac_nmos_vdd.sp:21)) Warning:  Acde = 0.245565 may be too small in BSIM4 model with w=4.4e-08 l=2.2e-08.
  
      
 *****************************************************************
 ******  option summary
 ******
 runlvl  = 3         bypass  = 2.0000    
 **info** dc convergence successful at Newton-Raphson method 
 ******  
 * lab3

 ****** operating point information tnom=  25.000 temp=  25.000 ******
 ****** operating point status is all       simulation time is     0.     
    node    =voltage      node    =voltage      node    =voltage

 +0:gate    = 200.0000m 0:vdd     = 800.0000m 0:vss     =   0.     


 **** voltage sources

 subckt                                   
 element  0:vdd      0:vgate    0:vss     
  volts    800.0000m  200.0000m    0.     
  current   -8.9248p    7.3146p    1.6102p
  power      7.1398p   -1.4629p    0.     

     total voltage source power dissipation=    5.6769p       watts




 **** mosfets


 subckt             
 element  0:mn1     
 model    0:nmos    
 region   Cutoff    
  id         0.     
  ibs     -800.0035f
  ibd     -810.0000f
  vgs     -600.0000m
  vds        0.     
  vbs     -800.0000m
  vth      619.0745m
  vdsat     42.8448m
  vod       -1.2191 
  beta       1.6362m
  gam eff  400.0000m
  gm         0.     
  gds        0.     
  gmb        0.     
  cdtot     26.1630a
  cgtot     18.5241a
  cstot     37.0296a
  cbtot     49.5092a
  cgs        8.0519a
  cgd        8.0518a



 **info** dc convergence successful at Newton-Raphson method 
 ******  
 * lab3

 ****** ac analysis tnom=  25.000 temp=  25.000 ******
 ****** operating point status is all       simulation time is     0.     

   *** source        0:vgate =    2.000E-01 ***

    node    =voltage      node    =voltage      node    =voltage

 +0:gate    = 200.0000m 0:vdd     = 800.0000m 0:vss     =   0.     


 **** voltage sources

 subckt                                   
 element  0:vdd      0:vgate    0:vss     
  volts    800.0000m  200.0000m    0.     
  current   -8.9248p    7.3146p    1.6102p
  power      7.1398p   -1.4629p    0.     

     total voltage source power dissipation=    5.6769p       watts




 **** mosfets


 subckt             
 element  0:mn1     
 model    0:nmos    
 region   Cutoff    
  id         0.     
  ibs     -800.0035f
  ibd     -810.0000f
  vgs     -600.0000m
  vds        0.     
  vbs     -800.0000m
  vth      619.0745m
  vdsat     42.8448m
  vod       -1.2191 
  beta       1.6362m
  gam eff  400.0000m
  gm         0.     
  gds        0.     
  gmb        0.     
  cdtot     26.1630a
  cgtot     18.5241a
  cstot     37.0296a
  cbtot     49.5092a
  cgs        8.0519a
  cgd        8.0518a



 ******
 * lab3

 ****** ac analysis tnom=  25.000 temp=  25.000 ******
  *** parameter 0:vgate  =   200.0000m       ***
  
x

 freq         i real     i imag     volt real  volt imag 
             vgate      vgate      gate       gate       
   10.00000   -36.4327f   -1.1639a    1.0000m    0.      
   11.22018   -36.4327f   -1.3059a    1.0000m    0.      
   12.58925   -36.4327f   -1.4653a    1.0000m    0.      
   14.12538   -36.4327f   -1.6441a    1.0000m    0.      
   15.84893   -36.4327f   -1.8447a    1.0000m    0.      
   17.78279   -36.4327f   -2.0697a    1.0000m    0.      
   19.95262   -36.4327f   -2.3223a    1.0000m    0.      
   22.38721   -36.4327f   -2.6057a    1.0000m    0.      
   25.11886   -36.4327f   -2.9236a    1.0000m    0.      
   28.18383   -36.4327f   -3.2803a    1.0000m    0.      
   31.62278   -36.4327f   -3.6806a    1.0000m    0.      
   35.48134   -36.4327f   -4.1297a    1.0000m    0.      
   39.81072   -36.4327f   -4.6336a    1.0000m    0.      
   44.66836   -36.4327f   -5.1990a    1.0000m    0.      
   50.11872   -36.4327f   -5.8333a    1.0000m    0.      
   56.23413   -36.4327f   -6.5451a    1.0000m    0.      
   63.09573   -36.4327f   -7.3437a    1.0000m    0.      
   70.79458   -36.4327f   -8.2398a    1.0000m    0.      
   79.43282   -36.4327f   -9.2452a    1.0000m    0.      
   89.12509   -36.4327f  -10.3733a    1.0000m    0.      
  100.00000   -36.4327f  -11.6390a    1.0000m    0.      
  112.20185   -36.4327f  -13.0592a    1.0000m    0.      
  125.89254   -36.4327f  -14.6527a    1.0000m    0.      
  141.25375   -36.4327f  -16.4405a    1.0000m    0.      
  158.48932   -36.4327f  -18.4466a    1.0000m    0.      
  177.82794   -36.4327f  -20.6974a    1.0000m    0.      
  199.52623   -36.4327f  -23.2229a    1.0000m    0.      
  223.87211   -36.4327f  -26.0565a    1.0000m    0.      
  251.18864   -36.4327f  -29.2359a    1.0000m    0.      
  281.83829   -36.4327f  -32.8032a    1.0000m    0.      
  316.22777   -36.4327f  -36.8058a    1.0000m    0.      
  354.81339   -36.4327f  -41.2968a    1.0000m    0.      
  398.10717   -36.4327f  -46.3358a    1.0000m    0.      
  446.68359   -36.4327f  -51.9896a    1.0000m    0.      
  501.18723   -36.4327f  -58.3333a    1.0000m    0.      
  562.34133   -36.4327f  -65.4510a    1.0000m    0.      
  630.95734   -36.4327f  -73.4372a    1.0000m    0.      
  707.94578   -36.4327f  -82.3979a    1.0000m    0.      
  794.32823   -36.4327f  -92.4520a    1.0000m    0.      
  891.25094   -36.4327f -103.7328a    1.0000m    0.      
 1000.00000   -36.4327f -116.3902a    1.0000m    0.      
    1.12202k  -36.4327f -130.5919a    1.0000m    0.      
    1.25893k  -36.4327f -146.5265a    1.0000m    0.      
    1.41254k  -36.4327f -164.4055a    1.0000m    0.      
    1.58489k  -36.4327f -184.4660a    1.0000m    0.      
    1.77828k  -36.4327f -206.9742a    1.0000m    0.      
    1.99526k  -36.4327f -232.2289a    1.0000m    0.      
    2.23872k  -36.4327f -260.5651a    1.0000m    0.      
    2.51189k  -36.4327f -292.3589a    1.0000m    0.      
    2.81838k  -36.4327f -328.0320a    1.0000m    0.      
    3.16228k  -36.4327f -368.0580a    1.0000m    0.      
    3.54813k  -36.4327f -412.9679a    1.0000m    0.      
    3.98107k  -36.4327f -463.3576a    1.0000m    0.      
    4.46684k  -36.4327f -519.8957a    1.0000m    0.      
    5.01187k  -36.4327f -583.3326a    1.0000m    0.      
    5.62341k  -36.4327f -654.5100a    1.0000m    0.      
    6.30957k  -36.4327f -734.3723a    1.0000m    0.      
    7.07946k  -36.4327f -823.9792a    1.0000m    0.      
    7.94328k  -36.4327f -924.5199a    1.0000m    0.      
    8.91251k  -36.4327f   -1.0373f    1.0000m    0.      
   10.00000k  -36.4327f   -1.1639f    1.0000m    0.      
   11.22018k  -36.4327f   -1.3059f    1.0000m    0.      
   12.58925k  -36.4327f   -1.4653f    1.0000m    0.      
   14.12538k  -36.4327f   -1.6441f    1.0000m    0.      
   15.84893k  -36.4327f   -1.8447f    1.0000m    0.      
   17.78279k  -36.4327f   -2.0697f    1.0000m    0.      
   19.95262k  -36.4327f   -2.3223f    1.0000m    0.      
   22.38721k  -36.4327f   -2.6057f    1.0000m    0.      
   25.11886k  -36.4327f   -2.9236f    1.0000m    0.      
   28.18383k  -36.4327f   -3.2803f    1.0000m    0.      
   31.62278k  -36.4327f   -3.6806f    1.0000m    0.      
   35.48134k  -36.4327f   -4.1297f    1.0000m    0.      
   39.81072k  -36.4327f   -4.6336f    1.0000m    0.      
   44.66836k  -36.4327f   -5.1990f    1.0000m    0.      
   50.11872k  -36.4327f   -5.8333f    1.0000m    0.      
   56.23413k  -36.4327f   -6.5451f    1.0000m    0.      
   63.09573k  -36.4327f   -7.3437f    1.0000m    0.      
   70.79458k  -36.4327f   -8.2398f    1.0000m    0.      
   79.43282k  -36.4327f   -9.2452f    1.0000m    0.      
   89.12509k  -36.4327f  -10.3733f    1.0000m    0.      
  100.00000k  -36.4327f  -11.6390f    1.0000m    0.      
  112.20185k  -36.4327f  -13.0592f    1.0000m    0.      
  125.89254k  -36.4327f  -14.6527f    1.0000m    0.      
  141.25375k  -36.4327f  -16.4405f    1.0000m    0.      
  158.48932k  -36.4327f  -18.4466f    1.0000m    0.      
  177.82794k  -36.4327f  -20.6974f    1.0000m    0.      
  199.52623k  -36.4327f  -23.2229f    1.0000m    0.      
  223.87211k  -36.4327f  -26.0565f    1.0000m    0.      
  251.18864k  -36.4327f  -29.2359f    1.0000m    0.      
  281.83829k  -36.4327f  -32.8032f    1.0000m    0.      
  316.22777k  -36.4327f  -36.8058f    1.0000m    0.      
  354.81339k  -36.4327f  -41.2968f    1.0000m    0.      
  398.10717k  -36.4327f  -46.3358f    1.0000m    0.      
  446.68359k  -36.4327f  -51.9896f    1.0000m    0.      
  501.18723k  -36.4327f  -58.3333f    1.0000m    0.      
  562.34133k  -36.4327f  -65.4510f    1.0000m    0.      
  630.95734k  -36.4327f  -73.4372f    1.0000m    0.      
  707.94578k  -36.4327f  -82.3979f    1.0000m    0.      
  794.32823k  -36.4327f  -92.4520f    1.0000m    0.      
  891.25094k  -36.4327f -103.7328f    1.0000m    0.      
 1000.00000k  -36.4327f -116.3902f    1.0000m    0.      
    1.12202x  -36.4327f -130.5919f    1.0000m    0.      
    1.25893x  -36.4327f -146.5265f    1.0000m    0.      
    1.41254x  -36.4327f -164.4055f    1.0000m    0.      
    1.58489x  -36.4327f -184.4660f    1.0000m    0.      
    1.77828x  -36.4327f -206.9742f    1.0000m    0.      
    1.99526x  -36.4327f -232.2289f    1.0000m    0.      
    2.23872x  -36.4327f -260.5651f    1.0000m    0.      
    2.51189x  -36.4327f -292.3589f    1.0000m    0.      
    2.81838x  -36.4327f -328.0320f    1.0000m    0.      
    3.16228x  -36.4327f -368.0580f    1.0000m    0.      
    3.54813x  -36.4327f -412.9679f    1.0000m    0.      
    3.98107x  -36.4327f -463.3576f    1.0000m    0.      
    4.46684x  -36.4327f -519.8957f    1.0000m    0.      
    5.01187x  -36.4327f -583.3326f    1.0000m    0.      
    5.62341x  -36.4327f -654.5100f    1.0000m    0.      
    6.30957x  -36.4327f -734.3723f    1.0000m    0.      
    7.07946x  -36.4327f -823.9792f    1.0000m    0.      
    7.94328x  -36.4327f -924.5199f    1.0000m    0.      
    8.91251x  -36.4327f   -1.0373p    1.0000m    0.      
   10.00000x  -36.4327f   -1.1639p    1.0000m    0.      
   11.22018x  -36.4327f   -1.3059p    1.0000m    0.      
   12.58925x  -36.4327f   -1.4653p    1.0000m    0.      
   14.12538x  -36.4327f   -1.6441p    1.0000m    0.      
   15.84893x  -36.4327f   -1.8447p    1.0000m    0.      
   17.78279x  -36.4327f   -2.0697p    1.0000m    0.      
   19.95262x  -36.4327f   -2.3223p    1.0000m    0.      
   22.38721x  -36.4327f   -2.6057p    1.0000m    0.      
   25.11886x  -36.4327f   -2.9236p    1.0000m    0.      
   28.18383x  -36.4327f   -3.2803p    1.0000m    0.      
   31.62278x  -36.4327f   -3.6806p    1.0000m    0.      
   35.48134x  -36.4327f   -4.1297p    1.0000m    0.      
   39.81072x  -36.4327f   -4.6336p    1.0000m    0.      
   44.66836x  -36.4327f   -5.1990p    1.0000m    0.      
   50.11872x  -36.4327f   -5.8333p    1.0000m    0.      
   56.23413x  -36.4327f   -6.5451p    1.0000m    0.      
   63.09573x  -36.4327f   -7.3437p    1.0000m    0.      
   70.79458x  -36.4327f   -8.2398p    1.0000m    0.      
   79.43282x  -36.4327f   -9.2452p    1.0000m    0.      
   89.12509x  -36.4327f  -10.3733p    1.0000m    0.      
  100.00000x  -36.4327f  -11.6390p    1.0000m    0.      
  112.20185x  -36.4327f  -13.0592p    1.0000m    0.      
  125.89254x  -36.4327f  -14.6527p    1.0000m    0.      
  141.25375x  -36.4327f  -16.4405p    1.0000m    0.      
  158.48932x  -36.4327f  -18.4466p    1.0000m    0.      
  177.82794x  -36.4327f  -20.6974p    1.0000m    0.      
  199.52623x  -36.4327f  -23.2229p    1.0000m    0.      
  223.87211x  -36.4335f  -26.0565p    1.0000m    0.      
  251.18864x  -36.4335f  -29.2359p    1.0000m    0.      
  281.83829x  -36.4335f  -32.8032p    1.0000m    0.      
  316.22777x  -36.4335f  -36.8058p    1.0000m    0.      
  354.81339x  -36.4340f  -41.2968p    1.0000m    0.      
  398.10717x  -36.4340f  -46.3358p    1.0000m    0.      
  446.68359x  -36.4340f  -51.9896p    1.0000m    0.      
  501.18723x  -36.4344f  -58.3333p    1.0000m    0.      
  562.34133x  -36.4353f  -65.4510p    1.0000m    0.      
  630.95734x  -36.4361f  -73.4372p    1.0000m    0.      
  707.94578x  -36.4366f  -82.3979p    1.0000m    0.      
  794.32823x  -36.4374f  -92.4520p    1.0000m    0.      
  891.25094x  -36.4392f -103.7328p    1.0000m    0.      
 1000.00000x  -36.4396f -116.3902p    1.0000m    0.      
    1.12202g  -36.4418f -130.5919p    1.0000m    0.      
    1.25893g  -36.4444f -146.5265p    1.0000m    0.      
    1.41254g  -36.4474f -164.4055p    1.0000m    0.      
    1.58489g  -36.4504f -184.4660p    1.0000m    0.      
    1.77828g  -36.4548f -206.9742p    1.0000m    0.      
    1.99526g  -36.4609f -232.2289p    1.0000m    0.      
    2.23872g  -36.4682f -260.5651p    1.0000m    0.      
    2.51189g  -36.4765f -292.3589p    1.0000m    0.      
    2.81838g  -36.4890f -328.0320p    1.0000m    0.      
    3.16228g  -36.5029f -368.0580p    1.0000m    0.      
    3.54813g  -36.5207f -412.9679p    1.0000m    0.      
    3.98107g  -36.5437f -463.3576p    1.0000m    0.      
    4.46684g  -36.5727f -519.8957p    1.0000m    0.      
    5.01187g  -36.6087f -583.3326p    1.0000m    0.      
    5.62341g  -36.6538f -654.5100p    1.0000m    0.      
    6.30957g  -36.7111f -734.3723p    1.0000m    0.      
    7.07946g  -36.7831f -823.9792p    1.0000m    0.      
    7.94328g  -36.8733f -924.5199p    1.0000m    0.      
    8.91251g  -36.9878f   -1.0373n    1.0000m    0.      
   10.00000g  -37.1305f   -1.1639n    1.0000m    0.      
y

          ***** job concluded
 **info** dc convergence successful at Newton-Raphson method 
 ******  
 * lab3

 ****** ac analysis tnom=  25.000 temp=  25.000 ******
 ****** operating point status is all       simulation time is     0.     

   *** source        0:vgate =    4.000E-01 ***

    node    =voltage      node    =voltage      node    =voltage

 +0:gate    = 400.0000m 0:vdd     = 800.0000m 0:vss     =   0.     


 **** voltage sources

 subckt                                   
 element  0:vdd      0:vgate    0:vss     
  volts    800.0000m  400.0000m    0.     
  current   -4.0202p    2.4097p    1.6106p
  power      3.2162p -963.8956f    0.     

     total voltage source power dissipation=    2.2523p       watts




 **** mosfets


 subckt             
 element  0:mn1     
 model    0:nmos    
 region   Cutoff    
  id         0.     
  ibs     -800.0035f
  ibd     -810.0000f
  vgs     -400.0000m
  vds        0.     
  vbs     -800.0000m
  vth      619.0745m
  vdsat     42.8448m
  vod       -1.0191 
  beta       1.6362m
  gam eff  400.0000m
  gm         0.     
  gds        0.     
  gmb        0.     
  cdtot     26.7251a
  cgtot     19.4447a
  cstot     37.5917a
  cbtot     49.3057a
  cgs        8.6140a
  cgd        8.6139a



 ******
 * lab3

 ****** ac analysis tnom=  25.000 temp=  25.000 ******
  *** parameter 0:vgate  =   400.0000m       ***
  
x

 freq         i real     i imag     volt real  volt imag 
             vgate      vgate      gate       gate       
   10.00000   -15.1411f   -1.2217a    1.0000m    0.      
   11.22018   -15.1411f   -1.3708a    1.0000m    0.      
   12.58925   -15.1411f   -1.5381a    1.0000m    0.      
   14.12538   -15.1411f   -1.7258a    1.0000m    0.      
   15.84893   -15.1411f   -1.9363a    1.0000m    0.      
   17.78279   -15.1411f   -2.1726a    1.0000m    0.      
   19.95262   -15.1411f   -2.4377a    1.0000m    0.      
   22.38721   -15.1411f   -2.7351a    1.0000m    0.      
   25.11886   -15.1411f   -3.0689a    1.0000m    0.      
   28.18383   -15.1411f   -3.4433a    1.0000m    0.      
   31.62278   -15.1411f   -3.8635a    1.0000m    0.      
   35.48134   -15.1411f   -4.3349a    1.0000m    0.      
   39.81072   -15.1411f   -4.8639a    1.0000m    0.      
   44.66836   -15.1411f   -5.4573a    1.0000m    0.      
   50.11872   -15.1411f   -6.1232a    1.0000m    0.      
   56.23413   -15.1411f   -6.8704a    1.0000m    0.      
   63.09573   -15.1411f   -7.7087a    1.0000m    0.      
   70.79458   -15.1411f   -8.6493a    1.0000m    0.      
   79.43282   -15.1411f   -9.7047a    1.0000m    0.      
   89.12509   -15.1411f  -10.8888a    1.0000m    0.      
  100.00000   -15.1411f  -12.2175a    1.0000m    0.      
  112.20185   -15.1411f  -13.7082a    1.0000m    0.      
  125.89254   -15.1411f  -15.3809a    1.0000m    0.      
  141.25375   -15.1411f  -17.2576a    1.0000m    0.      
  158.48932   -15.1411f  -19.3634a    1.0000m    0.      
  177.82794   -15.1411f  -21.7261a    1.0000m    0.      
  199.52623   -15.1411f  -24.3770a    1.0000m    0.      
  223.87211   -15.1411f  -27.3515a    1.0000m    0.      
  251.18864   -15.1411f  -30.6889a    1.0000m    0.      
  281.83829   -15.1411f  -34.4335a    1.0000m    0.      
  316.22777   -15.1411f  -38.6350a    1.0000m    0.      
  354.81339   -15.1411f  -43.3492a    1.0000m    0.      
  398.10717   -15.1411f  -48.6386a    1.0000m    0.      
  446.68359   -15.1411f  -54.5734a    1.0000m    0.      
  501.18723   -15.1411f  -61.2324a    1.0000m    0.      
  562.34133   -15.1411f  -68.7039a    1.0000m    0.      
  630.95734   -15.1411f  -77.0870a    1.0000m    0.      
  707.94578   -15.1411f  -86.4930a    1.0000m    0.      
  794.32823   -15.1411f  -97.0468a    1.0000m    0.      
  891.25094   -15.1411f -108.8883a    1.0000m    0.      
 1000.00000   -15.1411f -122.1747a    1.0000m    0.      
    1.12202k  -15.1411f -137.0822a    1.0000m    0.      
    1.25893k  -15.1411f -153.8088a    1.0000m    0.      
    1.41254k  -15.1411f -172.5763a    1.0000m    0.      
    1.58489k  -15.1411f -193.6338a    1.0000m    0.      
    1.77828k  -15.1411f -217.2607a    1.0000m    0.      
    1.99526k  -15.1411f -243.7705a    1.0000m    0.      
    2.23872k  -15.1411f -273.5150a    1.0000m    0.      
    2.51189k  -15.1411f -306.8888a    1.0000m    0.      
    2.81838k  -15.1411f -344.3350a    1.0000m    0.      
    3.16228k  -15.1411f -386.3502a    1.0000m    0.      
    3.54813k  -15.1411f -433.4920a    1.0000m    0.      
    3.98107k  -15.1411f -486.3860a    1.0000m    0.      
    4.46684k  -15.1411f -545.7341a    1.0000m    0.      
    5.01187k  -15.1411f -612.3238a    1.0000m    0.      
    5.62341k  -15.1411f -687.0386a    1.0000m    0.      
    6.30957k  -15.1411f -770.8699a    1.0000m    0.      
    7.07946k  -15.1411f -864.9303a    1.0000m    0.      
    7.94328k  -15.1411f -970.4677a    1.0000m    0.      
    8.91251k  -15.1411f   -1.0889f    1.0000m    0.      
   10.00000k  -15.1411f   -1.2217f    1.0000m    0.      
   11.22018k  -15.1411f   -1.3708f    1.0000m    0.      
   12.58925k  -15.1411f   -1.5381f    1.0000m    0.      
   14.12538k  -15.1411f   -1.7258f    1.0000m    0.      
   15.84893k  -15.1411f   -1.9363f    1.0000m    0.      
   17.78279k  -15.1411f   -2.1726f    1.0000m    0.      
   19.95262k  -15.1411f   -2.4377f    1.0000m    0.      
   22.38721k  -15.1411f   -2.7351f    1.0000m    0.      
   25.11886k  -15.1411f   -3.0689f    1.0000m    0.      
   28.18383k  -15.1411f   -3.4433f    1.0000m    0.      
   31.62278k  -15.1411f   -3.8635f    1.0000m    0.      
   35.48134k  -15.1411f   -4.3349f    1.0000m    0.      
   39.81072k  -15.1411f   -4.8639f    1.0000m    0.      
   44.66836k  -15.1411f   -5.4573f    1.0000m    0.      
   50.11872k  -15.1411f   -6.1232f    1.0000m    0.      
   56.23413k  -15.1411f   -6.8704f    1.0000m    0.      
   63.09573k  -15.1411f   -7.7087f    1.0000m    0.      
   70.79458k  -15.1411f   -8.6493f    1.0000m    0.      
   79.43282k  -15.1411f   -9.7047f    1.0000m    0.      
   89.12509k  -15.1411f  -10.8888f    1.0000m    0.      
  100.00000k  -15.1411f  -12.2175f    1.0000m    0.      
  112.20185k  -15.1411f  -13.7082f    1.0000m    0.      
  125.89254k  -15.1411f  -15.3809f    1.0000m    0.      
  141.25375k  -15.1411f  -17.2576f    1.0000m    0.      
  158.48932k  -15.1411f  -19.3634f    1.0000m    0.      
  177.82794k  -15.1411f  -21.7261f    1.0000m    0.      
  199.52623k  -15.1411f  -24.3770f    1.0000m    0.      
  223.87211k  -15.1411f  -27.3515f    1.0000m    0.      
  251.18864k  -15.1411f  -30.6889f    1.0000m    0.      
  281.83829k  -15.1411f  -34.4335f    1.0000m    0.      
  316.22777k  -15.1411f  -38.6350f    1.0000m    0.      
  354.81339k  -15.1411f  -43.3492f    1.0000m    0.      
  398.10717k  -15.1411f  -48.6386f    1.0000m    0.      
  446.68359k  -15.1411f  -54.5734f    1.0000m    0.      
  501.18723k  -15.1411f  -61.2324f    1.0000m    0.      
  562.34133k  -15.1411f  -68.7039f    1.0000m    0.      
  630.95734k  -15.1411f  -77.0870f    1.0000m    0.      
  707.94578k  -15.1411f  -86.4930f    1.0000m    0.      
  794.32823k  -15.1411f  -97.0468f    1.0000m    0.      
  891.25094k  -15.1411f -108.8883f    1.0000m    0.      
 1000.00000k  -15.1411f -122.1747f    1.0000m    0.      
    1.12202x  -15.1411f -137.0822f    1.0000m    0.      
    1.25893x  -15.1411f -153.8088f    1.0000m    0.      
    1.41254x  -15.1411f -172.5763f    1.0000m    0.      
    1.58489x  -15.1411f -193.6338f    1.0000m    0.      
    1.77828x  -15.1411f -217.2607f    1.0000m    0.      
    1.99526x  -15.1411f -243.7705f    1.0000m    0.      
    2.23872x  -15.1411f -273.5150f    1.0000m    0.      
    2.51189x  -15.1411f -306.8888f    1.0000m    0.      
    2.81838x  -15.1411f -344.3350f    1.0000m    0.      
    3.16228x  -15.1411f -386.3502f    1.0000m    0.      
    3.54813x  -15.1411f -433.4920f    1.0000m    0.      
    3.98107x  -15.1411f -486.3860f    1.0000m    0.      
    4.46684x  -15.1411f -545.7341f    1.0000m    0.      
    5.01187x  -15.1411f -612.3238f    1.0000m    0.      
    5.62341x  -15.1411f -687.0386f    1.0000m    0.      
    6.30957x  -15.1411f -770.8699f    1.0000m    0.      
    7.07946x  -15.1411f -864.9303f    1.0000m    0.      
    7.94328x  -15.1411f -970.4677f    1.0000m    0.      
    8.91251x  -15.1411f   -1.0889p    1.0000m    0.      
   10.00000x  -15.1411f   -1.2217p    1.0000m    0.      
   11.22018x  -15.1411f   -1.3708p    1.0000m    0.      
   12.58925x  -15.1411f   -1.5381p    1.0000m    0.      
   14.12538x  -15.1411f   -1.7258p    1.0000m    0.      
   15.84893x  -15.1411f   -1.9363p    1.0000m    0.      
   17.78279x  -15.1411f   -2.1726p    1.0000m    0.      
   19.95262x  -15.1411f   -2.4377p    1.0000m    0.      
   22.38721x  -15.1411f   -2.7351p    1.0000m    0.      
   25.11886x  -15.1411f   -3.0689p    1.0000m    0.      
   28.18383x  -15.1411f   -3.4433p    1.0000m    0.      
   31.62278x  -15.1411f   -3.8635p    1.0000m    0.      
   35.48134x  -15.1411f   -4.3349p    1.0000m    0.      
   39.81072x  -15.1411f   -4.8639p    1.0000m    0.      
   44.66836x  -15.1411f   -5.4573p    1.0000m    0.      
   50.11872x  -15.1411f   -6.1232p    1.0000m    0.      
   56.23413x  -15.1411f   -6.8704p    1.0000m    0.      
   63.09573x  -15.1411f   -7.7087p    1.0000m    0.      
   70.79458x  -15.1411f   -8.6493p    1.0000m    0.      
   79.43282x  -15.1411f   -9.7047p    1.0000m    0.      
   89.12509x  -15.1411f  -10.8888p    1.0000m    0.      
  100.00000x  -15.1411f  -12.2175p    1.0000m    0.      
  112.20185x  -15.1411f  -13.7082p    1.0000m    0.      
  125.89254x  -15.1411f  -15.3809p    1.0000m    0.      
  141.25375x  -15.1411f  -17.2576p    1.0000m    0.      
  158.48932x  -15.1411f  -19.3634p    1.0000m    0.      
  177.82794x  -15.1411f  -21.7261p    1.0000m    0.      
  199.52623x  -15.1411f  -24.3770p    1.0000m    0.      
  223.87211x  -15.1411f  -27.3515p    1.0000m    0.      
  251.18864x  -15.1411f  -30.6889p    1.0000m    0.      
  281.83829x  -15.1411f  -34.4335p    1.0000m    0.      
  316.22777x  -15.1411f  -38.6350p    1.0000m    0.      
  354.81339x  -15.1415f  -43.3492p    1.0000m    0.      
  398.10717x  -15.1415f  -48.6386p    1.0000m    0.      
  446.68359x  -15.1420f  -54.5734p    1.0000m    0.      
  501.18723x  -15.1420f  -61.2324p    1.0000m    0.      
  562.34133x  -15.1428f  -68.7039p    1.0000m    0.      
  630.95734x  -15.1437f  -77.0870p    1.0000m    0.      
  707.94578x  -15.1450f  -86.4930p    1.0000m    0.      
  794.32823x  -15.1459f  -97.0468p    1.0000m    0.      
  891.25094x  -15.1467f -108.8883p    1.0000m    0.      
 1000.00000x  -15.1485f -122.1747p    1.0000m    0.      
    1.12202g  -15.1502f -137.0822p    1.0000m    0.      
    1.25893g  -15.1528f -153.8088p    1.0000m    0.      
    1.41254g  -15.1554f -172.5763p    1.0000m    0.      
    1.58489g  -15.1593f -193.6338p    1.0000m    0.      
    1.77828g  -15.1645f -217.2607p    1.0000m    0.      
    1.99526g  -15.1706f -243.7705p    1.0000m    0.      
    2.23872g  -15.1780f -273.5150p    1.0000m    0.      
    2.51189g  -15.1875f -306.8888p    1.0000m    0.      
    2.81838g  -15.2001f -344.3350p    1.0000m    0.      
    3.16228g  -15.2153f -386.3502p    1.0000m    0.      
    3.54813g  -15.2352f -433.4920p    1.0000m    0.      
    3.98107g  -15.2586f -486.3860p    1.0000m    0.      
    4.46684g  -15.2894f -545.7341p    1.0000m    0.      
    5.01187g  -15.3285f -612.3238p    1.0000m    0.      
    5.62341g  -15.3770f -687.0386p    1.0000m    0.      
    6.30957g  -15.4377f -770.8699p    1.0000m    0.      
    7.07946g  -15.5149f -864.9303p    1.0000m    0.      
    7.94328g  -15.6112f -970.4677p    1.0000m    0.      
    8.91251g  -15.7331f   -1.0889n    1.0000m    0.      
   10.00000g  -15.8870f   -1.2217n    1.0000m    0.      
y

          ***** job concluded
 **info** dc convergence successful at Newton-Raphson method 
 ******  
 * lab3

 ****** ac analysis tnom=  25.000 temp=  25.000 ******
 ****** operating point status is all       simulation time is     0.     

   *** source        0:vgate =    6.000E-01 ***

    node    =voltage      node    =voltage      node    =voltage

 +0:gate    = 600.0000m 0:vdd     = 800.0000m 0:vss     =   0.     


 **** voltage sources

 subckt                                   
 element  0:vdd      0:vgate    0:vss     
  volts    800.0000m  600.0000m    0.     
  current   -2.1301p  518.4742f    1.6116p
  power      1.7041p -311.0845f    0.     

     total voltage source power dissipation=    1.3930p       watts




 **** mosfets


 subckt             
 element  0:mn1     
 model    0:nmos    
 region   Cutoff    
  id         0.     
  ibs     -800.0035f
  ibd     -810.0000f
  vgs     -200.0000m
  vds        0.     
  vbs     -800.0000m
  vth      619.0745m
  vdsat     42.8448m
  vod     -819.0745m
  beta       1.6362m
  gam eff  400.0000m
  gm         0.     
  gds        0.     
  gmb        0.     
  cdtot     28.0193a
  cgtot     21.8774a
  cstot     38.8860a
  cbtot     49.1499a
  cgs        9.9082a
  cgd        9.9082a



 ******
 * lab3

 ****** ac analysis tnom=  25.000 temp=  25.000 ******
  *** parameter 0:vgate  =   600.0000m       ***
  
x

 freq         i real     i imag     volt real  volt imag 
             vgate      vgate      gate       gate       
   10.00000    -5.0866f   -1.3746a    1.0000m    0.      
   11.22018    -5.0866f   -1.5423a    1.0000m    0.      
   12.58925    -5.0866f   -1.7305a    1.0000m    0.      
   14.12538    -5.0866f   -1.9417a    1.0000m    0.      
   15.84893    -5.0866f   -2.1786a    1.0000m    0.      
   17.78279    -5.0866f   -2.4444a    1.0000m    0.      
   19.95262    -5.0866f   -2.7427a    1.0000m    0.      
   22.38721    -5.0866f   -3.0773a    1.0000m    0.      
   25.11886    -5.0866f   -3.4528a    1.0000m    0.      
   28.18383    -5.0866f   -3.8741a    1.0000m    0.      
   31.62278    -5.0866f   -4.3469a    1.0000m    0.      
   35.48134    -5.0866f   -4.8773a    1.0000m    0.      
   39.81072    -5.0866f   -5.4724a    1.0000m    0.      
   44.66836    -5.0866f   -6.1401a    1.0000m    0.      
   50.11872    -5.0866f   -6.8893a    1.0000m    0.      
   56.23413    -5.0866f   -7.7299a    1.0000m    0.      
   63.09573    -5.0866f   -8.6731a    1.0000m    0.      
   70.79458    -5.0866f   -9.7314a    1.0000m    0.      
   79.43282    -5.0866f  -10.9188a    1.0000m    0.      
   89.12509    -5.0866f  -12.2511a    1.0000m    0.      
  100.00000    -5.0866f  -13.7460a    1.0000m    0.      
  112.20185    -5.0866f  -15.4232a    1.0000m    0.      
  125.89254    -5.0866f  -17.3052a    1.0000m    0.      
  141.25375    -5.0866f  -19.4167a    1.0000m    0.      
  158.48932    -5.0866f  -21.7859a    1.0000m    0.      
  177.82794    -5.0866f  -24.4442a    1.0000m    0.      
  199.52623    -5.0866f  -27.4268a    1.0000m    0.      
  223.87211    -5.0866f  -30.7734a    1.0000m    0.      
  251.18864    -5.0866f  -34.5283a    1.0000m    0.      
  281.83829    -5.0866f  -38.7414a    1.0000m    0.      
  316.22777    -5.0866f  -43.4686a    1.0000m    0.      
  354.81339    -5.0866f  -48.7726a    1.0000m    0.      
  398.10717    -5.0866f  -54.7237a    1.0000m    0.      
  446.68359    -5.0866f  -61.4010a    1.0000m    0.      
  501.18723    -5.0866f  -68.8931a    1.0000m    0.      
  562.34133    -5.0866f  -77.2993a    1.0000m    0.      
  630.95734    -5.0866f  -86.7312a    1.0000m    0.      
  707.94578    -5.0866f  -97.3140a    1.0000m    0.      
  794.32823    -5.0866f -109.1881a    1.0000m    0.      
  891.25094    -5.0866f -122.5111a    1.0000m    0.      
 1000.00000    -5.0866f -137.4597a    1.0000m    0.      
    1.12202k   -5.0866f -154.2324a    1.0000m    0.      
    1.25893k   -5.0866f -173.0515a    1.0000m    0.      
    1.41254k   -5.0866f -194.1670a    1.0000m    0.      
    1.58489k   -5.0866f -217.8590a    1.0000m    0.      
    1.77828k   -5.0866f -244.4418a    1.0000m    0.      
    1.99526k   -5.0866f -274.2682a    1.0000m    0.      
    2.23872k   -5.0866f -307.7340a    1.0000m    0.      
    2.51189k   -5.0866f -345.2832a    1.0000m    0.      
    2.81838k   -5.0866f -387.4142a    1.0000m    0.      
    3.16228k   -5.0866f -434.6858a    1.0000m    0.      
    3.54813k   -5.0866f -487.7255a    1.0000m    0.      
    3.98107k   -5.0866f -547.2371a    1.0000m    0.      
    4.46684k   -5.0866f -614.0101a    1.0000m    0.      
    5.01187k   -5.0866f -688.9306a    1.0000m    0.      
    5.62341k   -5.0866f -772.9929a    1.0000m    0.      
    6.30957k   -5.0866f -867.3123a    1.0000m    0.      
    7.07946k   -5.0866f -973.1404a    1.0000m    0.      
    7.94328k   -5.0866f   -1.0919f    1.0000m    0.      
    8.91251k   -5.0866f   -1.2251f    1.0000m    0.      
   10.00000k   -5.0866f   -1.3746f    1.0000m    0.      
   11.22018k   -5.0866f   -1.5423f    1.0000m    0.      
   12.58925k   -5.0866f   -1.7305f    1.0000m    0.      
   14.12538k   -5.0866f   -1.9417f    1.0000m    0.      
   15.84893k   -5.0866f   -2.1786f    1.0000m    0.      
   17.78279k   -5.0866f   -2.4444f    1.0000m    0.      
   19.95262k   -5.0866f   -2.7427f    1.0000m    0.      
   22.38721k   -5.0866f   -3.0773f    1.0000m    0.      
   25.11886k   -5.0866f   -3.4528f    1.0000m    0.      
   28.18383k   -5.0866f   -3.8741f    1.0000m    0.      
   31.62278k   -5.0866f   -4.3469f    1.0000m    0.      
   35.48134k   -5.0866f   -4.8773f    1.0000m    0.      
   39.81072k   -5.0866f   -5.4724f    1.0000m    0.      
   44.66836k   -5.0866f   -6.1401f    1.0000m    0.      
   50.11872k   -5.0866f   -6.8893f    1.0000m    0.      
   56.23413k   -5.0866f   -7.7299f    1.0000m    0.      
   63.09573k   -5.0866f   -8.6731f    1.0000m    0.      
   70.79458k   -5.0866f   -9.7314f    1.0000m    0.      
   79.43282k   -5.0866f  -10.9188f    1.0000m    0.      
   89.12509k   -5.0866f  -12.2511f    1.0000m    0.      
  100.00000k   -5.0866f  -13.7460f    1.0000m    0.      
  112.20185k   -5.0866f  -15.4232f    1.0000m    0.      
  125.89254k   -5.0866f  -17.3052f    1.0000m    0.      
  141.25375k   -5.0866f  -19.4167f    1.0000m    0.      
  158.48932k   -5.0866f  -21.7859f    1.0000m    0.      
  177.82794k   -5.0866f  -24.4442f    1.0000m    0.      
  199.52623k   -5.0866f  -27.4268f    1.0000m    0.      
  223.87211k   -5.0866f  -30.7734f    1.0000m    0.      
  251.18864k   -5.0866f  -34.5283f    1.0000m    0.      
  281.83829k   -5.0866f  -38.7414f    1.0000m    0.      
  316.22777k   -5.0866f  -43.4686f    1.0000m    0.      
  354.81339k   -5.0866f  -48.7726f    1.0000m    0.      
  398.10717k   -5.0866f  -54.7237f    1.0000m    0.      
  446.68359k   -5.0866f  -61.4010f    1.0000m    0.      
  501.18723k   -5.0866f  -68.8931f    1.0000m    0.      
  562.34133k   -5.0866f  -77.2993f    1.0000m    0.      
  630.95734k   -5.0866f  -86.7312f    1.0000m    0.      
  707.94578k   -5.0866f  -97.3140f    1.0000m    0.      
  794.32823k   -5.0866f -109.1881f    1.0000m    0.      
  891.25094k   -5.0866f -122.5111f    1.0000m    0.      
 1000.00000k   -5.0866f -137.4597f    1.0000m    0.      
    1.12202x   -5.0866f -154.2324f    1.0000m    0.      
    1.25893x   -5.0866f -173.0515f    1.0000m    0.      
    1.41254x   -5.0866f -194.1670f    1.0000m    0.      
    1.58489x   -5.0866f -217.8590f    1.0000m    0.      
    1.77828x   -5.0866f -244.4418f    1.0000m    0.      
    1.99526x   -5.0866f -274.2682f    1.0000m    0.      
    2.23872x   -5.0866f -307.7340f    1.0000m    0.      
    2.51189x   -5.0866f -345.2832f    1.0000m    0.      
    2.81838x   -5.0866f -387.4142f    1.0000m    0.      
    3.16228x   -5.0866f -434.6858f    1.0000m    0.      
    3.54813x   -5.0866f -487.7255f    1.0000m    0.      
    3.98107x   -5.0866f -547.2371f    1.0000m    0.      
    4.46684x   -5.0866f -614.0101f    1.0000m    0.      
    5.01187x   -5.0866f -688.9306f    1.0000m    0.      
    5.62341x   -5.0866f -772.9929f    1.0000m    0.      
    6.30957x   -5.0866f -867.3123f    1.0000m    0.      
    7.07946x   -5.0866f -973.1404f    1.0000m    0.      
    7.94328x   -5.0866f   -1.0919p    1.0000m    0.      
    8.91251x   -5.0866f   -1.2251p    1.0000m    0.      
   10.00000x   -5.0866f   -1.3746p    1.0000m    0.      
   11.22018x   -5.0866f   -1.5423p    1.0000m    0.      
   12.58925x   -5.0866f   -1.7305p    1.0000m    0.      
   14.12538x   -5.0866f   -1.9417p    1.0000m    0.      
   15.84893x   -5.0866f   -2.1786p    1.0000m    0.      
   17.78279x   -5.0866f   -2.4444p    1.0000m    0.      
   19.95262x   -5.0866f   -2.7427p    1.0000m    0.      
   22.38721x   -5.0866f   -3.0773p    1.0000m    0.      
   25.11886x   -5.0866f   -3.4528p    1.0000m    0.      
   28.18383x   -5.0866f   -3.8741p    1.0000m    0.      
   31.62278x   -5.0866f   -4.3469p    1.0000m    0.      
   35.48134x   -5.0866f   -4.8773p    1.0000m    0.      
   39.81072x   -5.0866f   -5.4724p    1.0000m    0.      
   44.66836x   -5.0866f   -6.1401p    1.0000m    0.      
   50.11872x   -5.0866f   -6.8893p    1.0000m    0.      
   56.23413x   -5.0866f   -7.7299p    1.0000m    0.      
   63.09573x   -5.0866f   -8.6731p    1.0000m    0.      
   70.79458x   -5.0866f   -9.7314p    1.0000m    0.      
   79.43282x   -5.0866f  -10.9188p    1.0000m    0.      
   89.12509x   -5.0866f  -12.2511p    1.0000m    0.      
  100.00000x   -5.0866f  -13.7460p    1.0000m    0.      
  112.20185x   -5.0866f  -15.4232p    1.0000m    0.      
  125.89254x   -5.0866f  -17.3052p    1.0000m    0.      
  141.25375x   -5.0866f  -19.4167p    1.0000m    0.      
  158.48932x   -5.0866f  -21.7859p    1.0000m    0.      
  177.82794x   -5.0871f  -24.4442p    1.0000m    0.      
  199.52623x   -5.0871f  -27.4268p    1.0000m    0.      
  223.87211x   -5.0871f  -30.7734p    1.0000m    0.      
  251.18864x   -5.0871f  -34.5283p    1.0000m    0.      
  281.83829x   -5.0871f  -38.7414p    1.0000m    0.      
  316.22777x   -5.0875f  -43.4686p    1.0000m    0.      
  354.81339x   -5.0875f  -48.7726p    1.0000m    0.      
  398.10717x   -5.0879f  -54.7237p    1.0000m    0.      
  446.68359x   -5.0879f  -61.4010p    1.0000m    0.      
  501.18723x   -5.0884f  -68.8931p    1.0000m    0.      
  562.34133x   -5.0892f  -77.2993p    1.0000m    0.      
  630.95734x   -5.0905f  -86.7312p    1.0000m    0.      
  707.94578x   -5.0914f  -97.3140p    1.0000m    0.      
  794.32823x   -5.0923f -109.1881p    1.0000m    0.      
  891.25094x   -5.0944f -122.5111p    1.0000m    0.      
 1000.00000x   -5.0958f -137.4597p    1.0000m    0.      
    1.12202g   -5.0979f -154.2324p    1.0000m    0.      
    1.25893g   -5.1010f -173.0515p    1.0000m    0.      
    1.41254g   -5.1053f -194.1670p    1.0000m    0.      
    1.58489g   -5.1101f -217.8590p    1.0000m    0.      
    1.77828g   -5.1153f -244.4418p    1.0000m    0.      
    1.99526g   -5.1231f -274.2682p    1.0000m    0.      
    2.23872g   -5.1322f -307.7340p    1.0000m    0.      
    2.51189g   -5.1443f -345.2832p    1.0000m    0.      
    2.81838g   -5.1595f -387.4142p    1.0000m    0.      
    3.16228g   -5.1777f -434.6858p    1.0000m    0.      
    3.54813g   -5.2020f -487.7255p    1.0000m    0.      
    3.98107g   -5.2315f -547.2371p    1.0000m    0.      
    4.46684g   -5.2692f -614.0101p    1.0000m    0.      
    5.01187g   -5.3165f -688.9306p    1.0000m    0.      
    5.62341g   -5.3763f -772.9929p    1.0000m    0.      
    6.30957g   -5.4509f -867.3123p    1.0000m    0.      
    7.07946g   -5.5459f -973.1404p    1.0000m    0.      
    7.94328g   -5.6643f   -1.0919n    1.0000m    0.      
    8.91251g   -5.8139f   -1.2251n    1.0000m    0.      
   10.00000g   -6.0026f   -1.3746n    1.0000m    0.      
y

          ***** job concluded
 **info** dc convergence successful at Newton-Raphson method 
 ******  
 * lab3

 ****** ac analysis tnom=  25.000 temp=  25.000 ******
 ****** operating point status is all       simulation time is     0.     

   *** source        0:vgate =    8.000E-01 ***

    node    =voltage      node    =voltage      node    =voltage

 +0:gate    = 800.0000m 0:vdd     = 800.0000m 0:vss     =   0.     


 **** voltage sources

 subckt                                   
 element  0:vdd      0:vgate    0:vss     
  volts    800.0000m  800.0000m    0.     
  current   -1.6100p   -3.7748f    1.6136p
  power      1.2880p    3.0198f    0.     

     total voltage source power dissipation=    1.2910p       watts




 **** mosfets


 subckt             
 element  0:mn1     
 model    0:nmos    
 region   Cutoff    
  id         0.     
  ibs     -800.0035f
  ibd     -810.0000f
  vgs        0.     
  vds        0.     
  vbs     -800.0000m
  vth      619.0745m
  vdsat     42.8448m
  vod     -619.0745m
  beta       1.6362m
  gam eff  400.0000m
  gm         0.     
  gds        0.     
  gmb        0.     
  cdtot     30.5658a
  cgtot     26.8464a
  cstot     41.4325a
  cbtot     49.0259a
  cgs       12.4548a
  cgd       12.4547a



 ******
 * lab3

 ****** ac analysis tnom=  25.000 temp=  25.000 ******
  *** parameter 0:vgate  =   800.0000m       ***
  
x

 freq         i real     i imag     volt real  volt imag 
             vgate      vgate      gate       gate       
   10.00000  -793.2023a   -1.6868a    1.0000m    0.      
   11.22018  -793.2023a   -1.8926a    1.0000m    0.      
   12.58925  -793.2023a   -2.1236a    1.0000m    0.      
   14.12538  -793.2023a   -2.3827a    1.0000m    0.      
   15.84893  -793.2023a   -2.6734a    1.0000m    0.      
   17.78279  -793.2023a   -2.9996a    1.0000m    0.      
   19.95262  -793.2023a   -3.3656a    1.0000m    0.      
   22.38721  -793.2023a   -3.7763a    1.0000m    0.      
   25.11886  -793.2023a   -4.2371a    1.0000m    0.      
   28.18383  -793.2023a   -4.7541a    1.0000m    0.      
   31.62278  -793.2023a   -5.3342a    1.0000m    0.      
   35.48134  -793.2023a   -5.9850a    1.0000m    0.      
   39.81072  -793.2023a   -6.7153a    1.0000m    0.      
   44.66836  -793.2023a   -7.5347a    1.0000m    0.      
   50.11872  -793.2023a   -8.4541a    1.0000m    0.      
   56.23413  -793.2023a   -9.4856a    1.0000m    0.      
   63.09573  -793.2023a  -10.6431a    1.0000m    0.      
   70.79458  -793.2023a  -11.9417a    1.0000m    0.      
   79.43282  -793.2023a  -13.3988a    1.0000m    0.      
   89.12509  -793.2023a  -15.0337a    1.0000m    0.      
  100.00000  -793.2023a  -16.8681a    1.0000m    0.      
  112.20185  -793.2023a  -18.9263a    1.0000m    0.      
  125.89254  -793.2023a  -21.2357a    1.0000m    0.      
  141.25375  -793.2023a  -23.8269a    1.0000m    0.      
  158.48932  -793.2023a  -26.7342a    1.0000m    0.      
  177.82794  -793.2023a  -29.9962a    1.0000m    0.      
  199.52623  -793.2023a  -33.6563a    1.0000m    0.      
  223.87211  -793.2023a  -37.7630a    1.0000m    0.      
  251.18864  -793.2023a  -42.3708a    1.0000m    0.      
  281.83829  -793.2023a  -47.5408a    1.0000m    0.      
  316.22777  -793.2023a  -53.3417a    1.0000m    0.      
  354.81339  -793.2023a  -59.8503a    1.0000m    0.      
  398.10717  -793.2023a  -67.1532a    1.0000m    0.      
  446.68359  -793.2023a  -75.3471a    1.0000m    0.      
  501.18723  -793.2023a  -84.5409a    1.0000m    0.      
  562.34133  -793.2023a  -94.8564a    1.0000m    0.      
  630.95734  -793.2023a -106.4306a    1.0000m    0.      
  707.94578  -793.2023a -119.4171a    1.0000m    0.      
  794.32823  -793.2023a -133.9882a    1.0000m    0.      
  891.25094  -793.2023a -150.3373a    1.0000m    0.      
 1000.00000  -793.2023a -168.6812a    1.0000m    0.      
    1.12202k -793.2023a -189.2634a    1.0000m    0.      
    1.25893k -793.2023a -212.3570a    1.0000m    0.      
    1.41254k -793.2023a -238.2685a    1.0000m    0.      
    1.58489k -793.2023a -267.3417a    1.0000m    0.      
    1.77828k -793.2023a -299.9623a    1.0000m    0.      
    1.99526k -793.2023a -336.5632a    1.0000m    0.      
    2.23872k -793.2023a -377.6302a    1.0000m    0.      
    2.51189k -793.2023a -423.7080a    1.0000m    0.      
    2.81838k -793.2023a -475.4082a    1.0000m    0.      
    3.16228k -793.2023a -533.4168a    1.0000m    0.      
    3.54813k -793.2023a -598.5035a    1.0000m    0.      
    3.98107k -793.2023a -671.5319a    1.0000m    0.      
    4.46684k -793.2023a -753.4712a    1.0000m    0.      
    5.01187k -793.2023a -845.4086a    1.0000m    0.      
    5.62341k -793.2023a -948.5641a    1.0000m    0.      
    6.30957k -793.2023a   -1.0643f    1.0000m    0.      
    7.07946k -793.2023a   -1.1942f    1.0000m    0.      
    7.94328k -793.2023a   -1.3399f    1.0000m    0.      
    8.91251k -793.2023a   -1.5034f    1.0000m    0.      
   10.00000k -793.2023a   -1.6868f    1.0000m    0.      
   11.22018k -793.2023a   -1.8926f    1.0000m    0.      
   12.58925k -793.2023a   -2.1236f    1.0000m    0.      
   14.12538k -793.2023a   -2.3827f    1.0000m    0.      
   15.84893k -793.2023a   -2.6734f    1.0000m    0.      
   17.78279k -793.2023a   -2.9996f    1.0000m    0.      
   19.95262k -793.2023a   -3.3656f    1.0000m    0.      
   22.38721k -793.2023a   -3.7763f    1.0000m    0.      
   25.11886k -793.2023a   -4.2371f    1.0000m    0.      
   28.18383k -793.2023a   -4.7541f    1.0000m    0.      
   31.62278k -793.2023a   -5.3342f    1.0000m    0.      
   35.48134k -793.2023a   -5.9850f    1.0000m    0.      
   39.81072k -793.2023a   -6.7153f    1.0000m    0.      
   44.66836k -793.2023a   -7.5347f    1.0000m    0.      
   50.11872k -793.2023a   -8.4541f    1.0000m    0.      
   56.23413k -793.2023a   -9.4856f    1.0000m    0.      
   63.09573k -793.2023a  -10.6431f    1.0000m    0.      
   70.79458k -793.2023a  -11.9417f    1.0000m    0.      
   79.43282k -793.2023a  -13.3988f    1.0000m    0.      
   89.12509k -793.2023a  -15.0337f    1.0000m    0.      
  100.00000k -793.2023a  -16.8681f    1.0000m    0.      
  112.20185k -793.2023a  -18.9263f    1.0000m    0.      
  125.89254k -793.2023a  -21.2357f    1.0000m    0.      
  141.25375k -793.2023a  -23.8269f    1.0000m    0.      
  158.48932k -793.2023a  -26.7342f    1.0000m    0.      
  177.82794k -793.2023a  -29.9962f    1.0000m    0.      
  199.52623k -793.2023a  -33.6563f    1.0000m    0.      
  223.87211k -793.2023a  -37.7630f    1.0000m    0.      
  251.18864k -793.2023a  -42.3708f    1.0000m    0.      
  281.83829k -793.2023a  -47.5408f    1.0000m    0.      
  316.22777k -793.2023a  -53.3417f    1.0000m    0.      
  354.81339k -793.2023a  -59.8503f    1.0000m    0.      
  398.10717k -793.2023a  -67.1532f    1.0000m    0.      
  446.68359k -793.2023a  -75.3471f    1.0000m    0.      
  501.18723k -793.2023a  -84.5409f    1.0000m    0.      
  562.34133k -793.2023a  -94.8564f    1.0000m    0.      
  630.95734k -793.2023a -106.4306f    1.0000m    0.      
  707.94578k -793.2023a -119.4171f    1.0000m    0.      
  794.32823k -793.2023a -133.9882f    1.0000m    0.      
  891.25094k -793.2023a -150.3373f    1.0000m    0.      
 1000.00000k -793.2023a -168.6812f    1.0000m    0.      
    1.12202x -793.2023a -189.2634f    1.0000m    0.      
    1.25893x -793.2023a -212.3570f    1.0000m    0.      
    1.41254x -793.2023a -238.2685f    1.0000m    0.      
    1.58489x -793.2023a -267.3417f    1.0000m    0.      
    1.77828x -793.2023a -299.9623f    1.0000m    0.      
    1.99526x -793.2023a -336.5632f    1.0000m    0.      
    2.23872x -793.2023a -377.6302f    1.0000m    0.      
    2.51189x -793.2023a -423.7080f    1.0000m    0.      
    2.81838x -793.2023a -475.4082f    1.0000m    0.      
    3.16228x -793.2023a -533.4168f    1.0000m    0.      
    3.54813x -793.2023a -598.5035f    1.0000m    0.      
    3.98107x -793.2023a -671.5319f    1.0000m    0.      
    4.46684x -793.2023a -753.4712f    1.0000m    0.      
    5.01187x -793.2023a -845.4086f    1.0000m    0.      
    5.62341x -793.2023a -948.5641f    1.0000m    0.      
    6.30957x -793.2023a   -1.0643p    1.0000m    0.      
    7.07946x -793.2023a   -1.1942p    1.0000m    0.      
    7.94328x -793.2023a   -1.3399p    1.0000m    0.      
    8.91251x -793.2023a   -1.5034p    1.0000m    0.      
   10.00000x -793.2023a   -1.6868p    1.0000m    0.      
   11.22018x -793.2023a   -1.8926p    1.0000m    0.      
   12.58925x -793.2023a   -2.1236p    1.0000m    0.      
   14.12538x -793.2023a   -2.3827p    1.0000m    0.      
   15.84893x -793.2023a   -2.6734p    1.0000m    0.      
   17.78279x -793.2023a   -2.9996p    1.0000m    0.      
   19.95262x -793.2023a   -3.3656p    1.0000m    0.      
   22.38721x -793.2023a   -3.7763p    1.0000m    0.      
   25.11886x -793.2023a   -4.2371p    1.0000m    0.      
   28.18383x -793.2023a   -4.7541p    1.0000m    0.      
   31.62278x -793.2023a   -5.3342p    1.0000m    0.      
   35.48134x -793.2023a   -5.9850p    1.0000m    0.      
   39.81072x -793.2023a   -6.7153p    1.0000m    0.      
   44.66836x -793.2023a   -7.5347p    1.0000m    0.      
   50.11872x -793.2023a   -8.4541p    1.0000m    0.      
   56.23413x -793.2023a   -9.4856p    1.0000m    0.      
   63.09573x -793.2023a  -10.6431p    1.0000m    0.      
   70.79458x -793.2023a  -11.9417p    1.0000m    0.      
   79.43282x -793.2023a  -13.3988p    1.0000m    0.      
   89.12509x -793.2023a  -15.0337p    1.0000m    0.      
  100.00000x -793.2023a  -16.8681p    1.0000m    0.      
  112.20185x -793.2023a  -18.9263p    1.0000m    0.      
  125.89254x -793.2023a  -21.2357p    1.0000m    0.      
  141.25375x -793.6360a  -23.8269p    1.0000m    0.      
  158.48932x -793.6360a  -26.7342p    1.0000m    0.      
  177.82794x -793.6360a  -29.9962p    1.0000m    0.      
  199.52623x -793.6360a  -33.6563p    1.0000m    0.      
  223.87211x -793.6360a  -37.7630p    1.0000m    0.      
  251.18864x -794.0697a  -42.3708p    1.0000m    0.      
  281.83829x -794.0697a  -47.5408p    1.0000m    0.      
  316.22777x -794.0697a  -53.3417p    1.0000m    0.      
  354.81339x -794.0697a  -59.8503p    1.0000m    0.      
  398.10717x -794.9370a  -67.1532p    1.0000m    0.      
  446.68359x -795.8044a  -75.3471p    1.0000m    0.      
  501.18723x -796.6718a  -84.5409p    1.0000m    0.      
  562.34133x -797.1054a  -94.8564p    1.0000m    0.      
  630.95734x -797.9728a -106.4306p    1.0000m    0.      
  707.94578x -800.1412a -119.4171p    1.0000m    0.      
  794.32823x -801.4422a -133.9882p    1.0000m    0.      
  891.25094x -804.0443a -150.3373p    1.0000m    0.      
 1000.00000x -806.2127a -168.6812p    1.0000m    0.      
    1.12202g -810.5495a -189.2634p    1.0000m    0.      
    1.25893g -814.0190a -212.3570p    1.0000m    0.      
    1.41254g -819.6568a -238.2685p    1.0000m    0.      
    1.58489g -827.0294a -267.3417p    1.0000m    0.      
    1.77828g -835.7030a -299.9623p    1.0000m    0.      
    1.99526g -846.5451a -336.5632p    1.0000m    0.      
    2.23872g -859.9892a -377.6302p    1.0000m    0.      
    2.51189g -877.7701a -423.7080p    1.0000m    0.      
    2.81838g -899.4541a -475.4082p    1.0000m    0.      
    3.16228g -927.2097a -533.4168p    1.0000m    0.      
    3.54813g -962.3378a -598.5035p    1.0000m    0.      
    3.98107g   -1.0057f -671.5319p    1.0000m    0.      
    4.46684g   -1.0603f -753.4712p    1.0000m    0.      
    5.01187g   -1.1297f -845.4086p    1.0000m    0.      
    5.62341g   -1.2165f -948.5641p    1.0000m    0.      
    6.30957g   -1.3266f   -1.0643n    1.0000m    0.      
    7.07946g   -1.4645f   -1.1942n    1.0000m    0.      
    7.94328g   -1.6384f   -1.3399n    1.0000m    0.      
    8.91251g   -1.8570f   -1.5034n    1.0000m    0.      
   10.00000g   -2.1328f   -1.6868n    1.0000m    0.      
y

          ***** job concluded
 ******  
 * lab3

 ****** job statistics summary tnom=  25.000 temp=  25.000 ******
  
 ******  Machine Information  ******
 CPU:
 model name	: AMD EPYC 7F72 24-Core Processor
 cpu MHz	: 2928.146
 CPU(s)		: 48
  
 OS:
 Linux version 4.18.0-553.153.1.el8_10.x86_64 (mockbuild@x86-64-03.build.eng.rdu2.redhat.com) (gcc version 8.5.0 20210514 (Red Hat 8.5.0-28) (GCC)) #1 SMP Tue Aug 4 21:00:26 EDT 2026

 System loadavg : 0.93 0.70 0.72 5/1587 793095


  ******  PrimeSim HSPICE Threads Information  ******

  Command Line Threads Count :     1
  Available CPU Count        :    48
  Actual Threads Count       :     1


  ******  Circuit Statistics  ******
  # nodes       =       8 # elements   =       4
  # resistors   =       0 # capacitors =       0 # inductors   =       0
  # mutual_inds =       0 # vccs       =       0 # vcvs        =       0
  # cccs        =       0 # ccvs       =       0 # volt_srcs   =       3
  # curr_srcs   =       0 # diodes     =       0 # bjts        =       0
  # jfets       =       0 # mosfets    =       1 # U elements  =       0
  # T elements  =       0 # W elements =       0 # B elements  =       0
  # S elements  =       0 # P elements =       0 # va device   =       0
  # vector_srcs =       0 # N elements =       0


  ******  Runtime Statistics (seconds)  ******

  analysis           time    # points   tot. iter  conv.iter
  op point           0.10           1          19
  ac analysis        0.00         724         724
  readin             0.16
  errchk             0.00
  setup              0.00
  output             0.00


           peak memory used        521.89 megabytes
           total cpu time            0.26 seconds
           total elapsed time        0.73 seconds
           job started at     17:30:21 09/22/2026
           job ended   at     17:30:22 09/22/2026
           job total runtime         0.73 seconds


 lic: Release hspice token(s) 
 lic: total license checkout elapse time:        0.46(s)
