 ****** PrimeSim HSPICE -- W-2024.09 linux64 (Aug 27 2024 9174816) ******
  Copyright (c) 1986 - 2026 by Synopsys, Inc. All Rights Reserved.
  This software and the associated documentation are proprietary
  to Synopsys, Inc. This software may only be used in accordance
  with the terms and conditions of a written license agreement with
  Synopsys, Inc. All other use, reproduction, or distribution of
  this software is strictly prohibited.
  Input File: ac_pmos_gnd.sp                                                    
  Command line options: /opt/coe/synopsys/hspice/W-2024.09/hspice/linux64/hspice -i ac_pmos_gnd.sp -o results_pmos_gnd/
  Start time: Tue Sep 22 17:29:59 2026
 lic:  
 lic: FLEXlm: SDK_14.2 
 lic: USER:   venky.k              HOSTNAME: n01-zeus.olympus.ece.tamu.edu 
 lic: HOSTID: ffffffffa8c00b02     PID:      792869 
 lic: Using FLEXlm license file: 
 lic: 27070@coe-vtls3.engr.tamu.edu 
 lic: Checkout 1 hspice 
 lic: License/Maintenance for hspice will expire on 12-jan-2027/2025.06 
 lic: 1(in_use)/100(total) FLOATING license(s) on SERVER 27070@coe-vtls3.engr.tamu.edu 
 lic:   
1****** PrimeSim HSPICE -- W-2024.09 linux64 (Aug 27 2024 9174816) ******
 ******  
 * lab3

 ****** mos   model parameters tnom=  25.000 temp=  25.000 ******
 Model file: ../22nm_HP.pm
 Model line:           74
 Model Name: pmos  
 BSIM4 Model (Level 54)
    MOBMOD = 0
    BINUNIT = 1
    PARAMCHK = 1
    CAPMOD = 2
    DIOMOD = 1
    RDSMOD = 0
    TRNQSMOD = 0
    ACNQSMOD = 0
    RBODYMOD = 1
    RGATEMOD = 1
    PERMOD = 1
    GEOMOD = 1
    RGEOMOD = 0
    FNOIMOD = 1
    TNOIMOD = 0
    IGCMOD = 1
    IGBMOD = 1
    STIMOD = 0
    VERSION =      4 
    TOXREF = 1.1e-09 
    TOXE = 1.1e-09 
    TOXP =  8e-10 
    TOXM = 1.1e-09 
    DTOX =  3e-10 
    EPSROX =    3.9 
    CDSC =      0 
    CDSCB =      0 
    CDSCD =      0 
    CIT =      0 
    NFACTOR =    2.1 
    XJ = 7.2e-09 
    VSAT = 2.1e+05 
    A0 =      1 
    AGS =  1e-20 
    A1 =      0 
    A2 =      1 
    AT = 3.3e+04 
    KETA = -0.047 
    NSUB =  6e+16 
    NDEP = 4.4e+18 
    NSD =  2e+20 
    NGATE =  1e+23 
    GAMMA1 =      0 
    GAMMA2 =      0 
    VBX =      0 
    VBM =     -3 
    XT = 1.55e-07 
    K1 =    0.4 
    KT1 =  -0.11 
    KT1L =      0 
    KT2 =  0.022 
    K2 =  -0.01 
    K3 =      0 
    K3B =      0 
    LPE0 =      0 
    LPEB =      0 
    DVTP0 =  1e-11 
    DVTP1 =   0.05 
    W0 = 2.5e-06 
    DVT0 =      1 
    DVT1 =      2 
    DVT2 = -0.032 
    DVT0W =      0 
    DVT1W =      0 
    DVT2W =      0 
    DROUT =   0.56 
    DSUB =    0.1 
    VTH0 = -0.4606 
    EU =      1 
    UA =  2e-09 
    UA1 = 4.31e-09 
    UB =  5e-19 
    UB1 = 7.61e-18 
    UC =      0 
    UC1 = -5.6e-11 
    U0 = 0.0095 
    UTE =   -1.5 
    VOFF = -0.126 
    VOFFL =      0 
    MINV =   0.05 
    FPROUT =    0.2 
    PDITS =   0.08 
    PDITSD =   0.23 
    PDITSL = 2.3e+06 
    DELTA =   0.01 
    RDSW =    145 
    RDSWMIN =      0 
    RDWMIN =      0 
    RSWMIN =      0 
    RDW =   72.5 
    RSW =   72.5 
    PRWG =      0 
    PRWB =      0 
    PRT =      0 
    ETA0 = 0.0038 
    ETAB =      0 
    PCLM =   0.12 
    PDIBLC1 =  0.001 
    PDIBLC2 =  0.001 
    PDIBLCB = 3.4e-08 
    PSCBE1 = 8.14e+08 
    PSCBE2 = 9.58e-07 
    PVAG =  1e-20 
    WR =      1 
    DWG =      0 
    DWB =      0 
    XW =      0 
    XWREF =      0 
    XL = -9e-09 
    XLREF = -9e-09 
    B0 =      0 
    B1 =      0 
    ALPHA0 =  0.074 
    ALPHA1 =  0.005 
    AGIDL = 0.0002 
    BGIDL = 2.1e+09 
    CGIDL = 0.0002 
    PHIN =      0 
    EGIDL =    0.8 
    AIGC = 0.0213 
    BIGC = 0.002589 
    CIGC =  0.002 
    AIGSD = 0.0213 
    BIGSD = 0.002589 
    CIGSD =  0.002 
    AIGBACC =  0.012 
    BIGBACC = 0.0028 
    CIGBACC =  0.002 
    AIGBINV =  0.014 
    BIGBINV =  0.004 
    CIGBINV =  0.004 
    NIGC =      1 
    NIGBINV =      3 
    NIGBACC =      1 
    NTOX =      1 
    EIGBINV =    1.1 
    PIGCD =      1 
    POXEDGE =      1 
    XRCRG1 =     12 
    TNOIA =    1.5 
    TNOIB =    3.5 
    NTNOI =      1 
    XRCRG2 =      5 
    BETA0 =     30 
    IJTHDFWD =   0.01 
    IJTHSFWD =   0.01 
    IJTHDREV =  0.001 
    IJTHSREV =  0.001 
    XJBVD =      1 
    XJBVS =      1 
    BVD =     10 
    BVS =     10 
    VFB =   0.55 
    GBMIN =  1e-10 
    RBDB =     15 
    RBPB =      5 
    RBSB =     15 
    RBPS =     15 
    RBPD =     15 
    CGSL = 2.653e-10 
    CGDL = 2.653e-10 
    CKAPPAS =   0.03 
    CKAPPAD =   0.03 
    CF = 1.297e-10 
    CLC =  1e-07 
    CLE =    0.6 
    DWC =  5e-09 
    DLC =  2e-09 
    DLCIG =  2e-09 
    DWJ =      0 
    VFBCV =     -1 
    ACDE =      1 
    MOIN =     15 
    NOFF =    0.9 
    VOFFCV =   0.02 
    DMCG =      0 
    DMCI =      0 
    DMDG =      0 
    DMCGT =      0 
    XGW =      0 
    XGL =      0 
    RSHG =    0.4 
    NGCON =      1 
    TCJ =  0.001 
    TPB =  0.005 
    TCJSW =  0.001 
    TPBSW =  0.005 
    TCJSWG =  0.001 
    TPBSWG =  0.005 
    SK0 =      0 
    SK1 =      0 
    SK2 =      0 
    SL =  2e-06 
    SW =  2e-06 
    K =      0 
    TNOM =  300.1 
    CGSO = 6.5e-11 
    CGDO = 6.5e-11 
    CGBO = 2.56e-11 
    XPART =      0 
    RSH =      5 
    JSS = 0.0001 
    JSWS =  1e-11 
    JSWGS =  1e-10 
    PBS =      1 
    MJS =    0.5 
    PBSWS =      1 
    MJSWS =   0.33 
    CJS = 0.0005 
    CJSWS =  5e-10 
    NJS =      1 
    PBSWGS =      1 
    MJSWGS =   0.33 
    CJSWGS =  3e-10 
    XTIS =      3 
    JSD = 0.0001 
    JSWD =  1e-11 
    JSWGD =  1e-10 
    PBD =      1 
    MJD =    0.5 
    PBSWD =      1 
    MJSWD =   0.33 
    CJD = 0.0005 
    CJSWD =  5e-10 
    NJD =      1 
    PBSWGD =      1 
    MJSWGD =   0.33 
    CJSWGD =  5e-10 
    XTID =      3 
    LMLT =      1 
    WMLT =      1 
    LINT =  2e-09 
    LL =      0 
    LLC =      0 
    LLN =      1 
    LW =      0 
    LWC =      0 
    LWN =      1 
    LWL =      0 
    LWLC =      0 
    LMIN =      0 
    LMAX =      1 
    WINT =  5e-09 
    WL =      0 
    WLC =      0 
    WLN =      1 
    WW =      0 
    WWC =      0 
    WWN =      1 
    WWL =      0 
    WWLC =      0 
    WMIN =      0 
    WMAX =      1 
    NOIA = 6.188e+40 
    NOIB = 1.5e+25 
    NOIC = 8.75e+09 
    EM = 4.1e+07 
    EF =      1 
    AF =      1 
    KF =      0 
    TRS =      0 
    TRD =      0 
  **warning** (pmos:mp2 (ac_pmos_gnd.sp:20)) Warning:  Acde = 0.259654 may be too small in BSIM4 model with w=5.72e-08 l=2.2e-08.
  
      
 *****************************************************************
 ******  option summary
 ******
 runlvl  = 3         bypass  = 2.0000    
 **info** dc convergence successful at Newton-Raphson method 
 ******  
 * lab3

 ****** operating point information tnom=  25.000 temp=  25.000 ******
 ****** operating point status is all       simulation time is     0.     
    node    =voltage      node    =voltage      node    =voltage

 +0:gate    = 200.0000m 0:vdd     = 800.0000m 0:vss     =   0.     


 **** voltage sources

 subckt                                   
 element  0:vdd      0:vgate    0:vss     
  volts    800.0000m  200.0000m    0.     
  current   -1.6112p    1.2212f    1.6100p
  power      1.2889p -244.2491a    0.     

     total voltage source power dissipation=    1.2887p       watts




 **** mosfets


 subckt             
 element  0:mp2     
 model    0:pmos    
 region   Cutoff    
  id         0.     
  ibs      800.0045f
  ibd      810.0000f
  vgs      200.0000m
  vds        0.     
  vbs      800.0000m
  vth     -560.3548m
  vdsat    -49.5859m
  vod      760.3548m
  beta     348.9452u
  gam eff  400.0000m
  gm         0.     
  gds        0.     
  gmb        0.     
  cdtot     37.2512a
  cgtot     30.0955a
  cstot     51.3779a
  cbtot     63.8975a
  cgs       13.7068a
  cgd       13.7067a



 **info** dc convergence successful at Newton-Raphson method 
 ******  
 * lab3

 ****** ac analysis tnom=  25.000 temp=  25.000 ******
 ****** operating point status is all       simulation time is     0.     

   *** source        0:vgate =    2.000E-01 ***

    node    =voltage      node    =voltage      node    =voltage

 +0:gate    = 200.0000m 0:vdd     = 800.0000m 0:vss     =   0.     


 **** voltage sources

 subckt                                   
 element  0:vdd      0:vgate    0:vss     
  volts    800.0000m  200.0000m    0.     
  current   -1.6112p    1.2212f    1.6100p
  power      1.2889p -244.2491a    0.     

     total voltage source power dissipation=    1.2887p       watts




 **** mosfets


 subckt             
 element  0:mp2     
 model    0:pmos    
 region   Cutoff    
  id         0.     
  ibs      800.0045f
  ibd      810.0000f
  vgs      200.0000m
  vds        0.     
  vbs      800.0000m
  vth     -560.3548m
  vdsat    -49.5859m
  vod      760.3548m
  beta     348.9452u
  gam eff  400.0000m
  gm         0.     
  gds        0.     
  gmb        0.     
  cdtot     37.2512a
  cgtot     30.0955a
  cstot     51.3779a
  cbtot     63.8975a
  cgs       13.7068a
  cgd       13.7067a



 ******
 * lab3

 ****** ac analysis tnom=  25.000 temp=  25.000 ******
  *** parameter 0:vgate  =   200.0000m       ***
  
x

 freq         i real     i imag     volt real  volt imag 
             vgate      vgate      gate       gate       
   10.00000    -5.6379a   -1.8910a    1.0000m    0.      
   11.22018    -5.6379a   -2.1217a    1.0000m    0.      
   12.58925    -5.6379a   -2.3806a    1.0000m    0.      
   14.12538    -5.6379a   -2.6710a    1.0000m    0.      
   15.84893    -5.6379a   -2.9970a    1.0000m    0.      
   17.78279    -5.6379a   -3.3626a    1.0000m    0.      
   19.95262    -5.6379a   -3.7730a    1.0000m    0.      
   22.38721    -5.6379a   -4.2333a    1.0000m    0.      
   25.11886    -5.6379a   -4.7499a    1.0000m    0.      
   28.18383    -5.6379a   -5.3294a    1.0000m    0.      
   31.62278    -5.6379a   -5.9797a    1.0000m    0.      
   35.48134    -5.6379a   -6.7094a    1.0000m    0.      
   39.81072    -5.6379a   -7.5280a    1.0000m    0.      
   44.66836    -5.6379a   -8.4466a    1.0000m    0.      
   50.11872    -5.6379a   -9.4772a    1.0000m    0.      
   56.23413    -5.6379a  -10.6336a    1.0000m    0.      
   63.09573    -5.6379a  -11.9311a    1.0000m    0.      
   70.79458    -5.6379a  -13.3869a    1.0000m    0.      
   79.43282    -5.6379a  -15.0204a    1.0000m    0.      
   89.12509    -5.6379a  -16.8532a    1.0000m    0.      
  100.00000    -5.6379a  -18.9096a    1.0000m    0.      
  112.20185    -5.6379a  -21.2169a    1.0000m    0.      
  125.89254    -5.6379a  -23.8057a    1.0000m    0.      
  141.25375    -5.6379a  -26.7105a    1.0000m    0.      
  158.48932    -5.6379a  -29.9696a    1.0000m    0.      
  177.82794    -5.6379a  -33.6265a    1.0000m    0.      
  199.52623    -5.6379a  -37.7295a    1.0000m    0.      
  223.87211    -5.6379a  -42.3332a    1.0000m    0.      
  251.18864    -5.6379a  -47.4987a    1.0000m    0.      
  281.83829    -5.6379a  -53.2944a    1.0000m    0.      
  316.22777    -5.6379a  -59.7973a    1.0000m    0.      
  354.81339    -5.6379a  -67.0937a    1.0000m    0.      
  398.10717    -5.6379a  -75.2803a    1.0000m    0.      
  446.68359    -5.6379a  -84.4659a    1.0000m    0.      
  501.18723    -5.6379a  -94.7723a    1.0000m    0.      
  562.34133    -5.6379a -106.3363a    1.0000m    0.      
  630.95734    -5.6379a -119.3113a    1.0000m    0.      
  707.94578    -5.6379a -133.8694a    1.0000m    0.      
  794.32823    -5.6379a -150.2040a    1.0000m    0.      
  891.25094    -5.6379a -168.5316a    1.0000m    0.      
 1000.00000    -5.6379a -189.0956a    1.0000m    0.      
    1.12202k   -5.6379a -212.1688a    1.0000m    0.      
    1.25893k   -5.6379a -238.0573a    1.0000m    0.      
    1.41254k   -5.6379a -267.1046a    1.0000m    0.      
    1.58489k   -5.6379a -299.6963a    1.0000m    0.      
    1.77828k   -5.6379a -336.2648a    1.0000m    0.      
    1.99526k   -5.6379a -377.2953a    1.0000m    0.      
    2.23872k   -5.6379a -423.3323a    1.0000m    0.      
    2.51189k   -5.6379a -474.9867a    1.0000m    0.      
    2.81838k   -5.6379a -532.9438a    1.0000m    0.      
    3.16228k   -5.6379a -597.9728a    1.0000m    0.      
    3.54813k   -5.6379a -670.9365a    1.0000m    0.      
    3.98107k   -5.6379a -752.8032a    1.0000m    0.      
    4.46684k   -5.6379a -844.6591a    1.0000m    0.      
    5.01187k   -5.6379a -947.7230a    1.0000m    0.      
    5.62341k   -5.6379a   -1.0634f    1.0000m    0.      
    6.30957k   -5.6379a   -1.1931f    1.0000m    0.      
    7.07946k   -5.6379a   -1.3387f    1.0000m    0.      
    7.94328k   -5.6379a   -1.5020f    1.0000m    0.      
    8.91251k   -5.6379a   -1.6853f    1.0000m    0.      
   10.00000k   -5.6379a   -1.8910f    1.0000m    0.      
   11.22018k   -5.6379a   -2.1217f    1.0000m    0.      
   12.58925k   -5.6379a   -2.3806f    1.0000m    0.      
   14.12538k   -5.6379a   -2.6710f    1.0000m    0.      
   15.84893k   -5.6379a   -2.9970f    1.0000m    0.      
   17.78279k   -5.6379a   -3.3626f    1.0000m    0.      
   19.95262k   -5.6379a   -3.7730f    1.0000m    0.      
   22.38721k   -5.6379a   -4.2333f    1.0000m    0.      
   25.11886k   -5.6379a   -4.7499f    1.0000m    0.      
   28.18383k   -5.6379a   -5.3294f    1.0000m    0.      
   31.62278k   -5.6379a   -5.9797f    1.0000m    0.      
   35.48134k   -5.6379a   -6.7094f    1.0000m    0.      
   39.81072k   -5.6379a   -7.5280f    1.0000m    0.      
   44.66836k   -5.6379a   -8.4466f    1.0000m    0.      
   50.11872k   -5.6379a   -9.4772f    1.0000m    0.      
   56.23413k   -5.6379a  -10.6336f    1.0000m    0.      
   63.09573k   -5.6379a  -11.9311f    1.0000m    0.      
   70.79458k   -5.6379a  -13.3869f    1.0000m    0.      
   79.43282k   -5.6379a  -15.0204f    1.0000m    0.      
   89.12509k   -5.6379a  -16.8532f    1.0000m    0.      
  100.00000k   -5.6379a  -18.9096f    1.0000m    0.      
  112.20185k   -5.6379a  -21.2169f    1.0000m    0.      
  125.89254k   -5.6379a  -23.8057f    1.0000m    0.      
  141.25375k   -5.6379a  -26.7105f    1.0000m    0.      
  158.48932k   -5.6379a  -29.9696f    1.0000m    0.      
  177.82794k   -5.6379a  -33.6265f    1.0000m    0.      
  199.52623k   -5.6379a  -37.7295f    1.0000m    0.      
  223.87211k   -5.6379a  -42.3332f    1.0000m    0.      
  251.18864k   -5.6379a  -47.4987f    1.0000m    0.      
  281.83829k   -5.6379a  -53.2944f    1.0000m    0.      
  316.22777k   -5.6379a  -59.7973f    1.0000m    0.      
  354.81339k   -5.6379a  -67.0937f    1.0000m    0.      
  398.10717k   -5.6379a  -75.2803f    1.0000m    0.      
  446.68359k   -5.6379a  -84.4659f    1.0000m    0.      
  501.18723k   -5.6379a  -94.7723f    1.0000m    0.      
  562.34133k   -5.6379a -106.3363f    1.0000m    0.      
  630.95734k   -5.6379a -119.3113f    1.0000m    0.      
  707.94578k   -5.6379a -133.8694f    1.0000m    0.      
  794.32823k   -5.6379a -150.2040f    1.0000m    0.      
  891.25094k   -5.6379a -168.5316f    1.0000m    0.      
 1000.00000k   -5.6379a -189.0956f    1.0000m    0.      
    1.12202x   -5.6379a -212.1688f    1.0000m    0.      
    1.25893x   -5.6379a -238.0573f    1.0000m    0.      
    1.41254x   -5.6379a -267.1046f    1.0000m    0.      
    1.58489x   -5.6379a -299.6963f    1.0000m    0.      
    1.77828x   -5.6379a -336.2648f    1.0000m    0.      
    1.99526x   -5.6379a -377.2953f    1.0000m    0.      
    2.23872x   -5.6379a -423.3323f    1.0000m    0.      
    2.51189x   -5.6379a -474.9867f    1.0000m    0.      
    2.81838x   -5.6379a -532.9438f    1.0000m    0.      
    3.16228x   -5.6379a -597.9728f    1.0000m    0.      
    3.54813x   -5.6379a -670.9365f    1.0000m    0.      
    3.98107x   -5.6379a -752.8032f    1.0000m    0.      
    4.46684x   -5.6379a -844.6591f    1.0000m    0.      
    5.01187x   -5.6379a -947.7230f    1.0000m    0.      
    5.62341x   -5.6379a   -1.0634p    1.0000m    0.      
    6.30957x   -5.6379a   -1.1931p    1.0000m    0.      
    7.07946x   -5.6379a   -1.3387p    1.0000m    0.      
    7.94328x   -5.6379a   -1.5020p    1.0000m    0.      
    8.91251x   -5.6379a   -1.6853p    1.0000m    0.      
   10.00000x   -5.6379a   -1.8910p    1.0000m    0.      
   11.22018x   -5.6379a   -2.1217p    1.0000m    0.      
   12.58925x   -5.6379a   -2.3806p    1.0000m    0.      
   14.12538x   -5.6379a   -2.6710p    1.0000m    0.      
   15.84893x   -5.6379a   -2.9970p    1.0000m    0.      
   17.78279x   -5.6379a   -3.3626p    1.0000m    0.      
   19.95262x   -5.6379a   -3.7730p    1.0000m    0.      
   22.38721x   -5.6379a   -4.2333p    1.0000m    0.      
   25.11886x   -5.6379a   -4.7499p    1.0000m    0.      
   28.18383x   -5.6379a   -5.3294p    1.0000m    0.      
   31.62278x   -5.6379a   -5.9797p    1.0000m    0.      
   35.48134x   -5.6379a   -6.7094p    1.0000m    0.      
   39.81072x   -5.6379a   -7.5280p    1.0000m    0.      
   44.66836x   -5.6379a   -8.4466p    1.0000m    0.      
   50.11872x   -5.6379a   -9.4772p    1.0000m    0.      
   56.23413x   -5.6379a  -10.6336p    1.0000m    0.      
   63.09573x   -5.6379a  -11.9311p    1.0000m    0.      
   70.79458x   -5.6379a  -13.3869p    1.0000m    0.      
   79.43282x   -5.6379a  -15.0204p    1.0000m    0.      
   89.12509x   -5.6379a  -16.8532p    1.0000m    0.      
  100.00000x   -6.0715a  -18.9096p    1.0000m    0.      
  112.20185x   -6.0715a  -21.2169p    1.0000m    0.      
  125.89254x   -6.0715a  -23.8057p    1.0000m    0.      
  141.25375x   -6.0715a  -26.7105p    1.0000m    0.      
  158.48932x   -6.0715a  -29.9696p    1.0000m    0.      
  177.82794x   -6.2884a  -33.6265p    1.0000m    0.      
  199.52623x   -6.2884a  -37.7295p    1.0000m    0.      
  223.87211x   -6.7221a  -42.3332p    1.0000m    0.      
  251.18864x   -6.7221a  -47.4987p    1.0000m    0.      
  281.83829x   -7.1557a  -53.2944p    1.0000m    0.      
  316.22777x   -7.8063a  -59.7973p    1.0000m    0.      
  354.81339x   -8.4568a  -67.0937p    1.0000m    0.      
  398.10717x   -8.8905a  -75.2803p    1.0000m    0.      
  446.68359x   -9.9747a  -84.4659p    1.0000m    0.      
  501.18723x  -11.0589a  -94.7723p    1.0000m    0.      
  562.34133x  -13.0104a -106.3363p    1.0000m    0.      
  630.95734x  -14.5283a -119.3113p    1.0000m    0.      
  707.94578x  -16.6967a -133.8694p    1.0000m    0.      
  794.32823x  -19.7325a -150.2040p    1.0000m    0.      
  891.25094x  -22.9851a -168.5316p    1.0000m    0.      
 1000.00000x  -27.3219a -189.0956p    1.0000m    0.      
    1.12202g  -33.3934a -212.1688p    1.0000m    0.      
    1.25893g  -40.7660a -238.0573p    1.0000m    0.      
    1.41254g  -49.6565a -267.1046p    1.0000m    0.      
    1.58489g  -60.7153a -299.6963p    1.0000m    0.      
    1.77828g  -75.0268a -336.2648p    1.0000m    0.      
    1.99526g  -93.6751a -377.2953p    1.0000m    0.      
    2.23872g -116.0096a -423.3323p    1.0000m    0.      
    2.51189g -144.8494a -474.9867p    1.0000m    0.      
    2.81838g -180.4112a -532.9438p    1.0000m    0.      
    3.16228g -225.9477a -597.9728p    1.0000m    0.      
    3.54813g -283.1936a -670.9365p    1.0000m    0.      
    3.98107g -354.9678a -752.8032p    1.0000m    0.      
    4.46684g -445.3903a -844.6591p    1.0000m    0.      
    5.01187g -559.2315a -947.7230p    1.0000m    0.      
    5.62341g -702.7798a   -1.0634n    1.0000m    0.      
    6.30957g -883.4079a   -1.1931n    1.0000m    0.      
    7.07946g   -1.1104f   -1.3387n    1.0000m    0.      
    7.94328g   -1.3965f   -1.5020n    1.0000m    0.      
    8.91251g   -1.7564f   -1.6853n    1.0000m    0.      
   10.00000g   -2.2096f   -1.8910n    1.0000m    0.      
y

          ***** job concluded
 **info** dc convergence successful at Newton-Raphson method 
 ******  
 * lab3

 ****** ac analysis tnom=  25.000 temp=  25.000 ******
 ****** operating point status is all       simulation time is     0.     

   *** source        0:vgate =    4.000E-01 ***

    node    =voltage      node    =voltage      node    =voltage

 +0:gate    = 400.0000m 0:vdd     = 800.0000m 0:vss     =   0.     


 **** voltage sources

 subckt                                   
 element  0:vdd      0:vgate    0:vss     
  volts    800.0000m  400.0000m    0.     
  current   -1.6105p  333.0669a    1.6101p
  power      1.2884p -133.2268a    0.     

     total voltage source power dissipation=    1.2882p       watts




 **** mosfets


 subckt             
 element  0:mp2     
 model    0:pmos    
 region   Cutoff    
  id         0.     
  ibs      800.0045f
  ibd      810.0000f
  vgs      400.0000m
  vds        0.     
  vbs      800.0000m
  vth     -560.3548m
  vdsat    -49.5859m
  vod      960.3548m
  beta     348.9452u
  gam eff  400.0000m
  gm         0.     
  gds        0.     
  gmb        0.     
  cdtot     35.4545a
  cgtot     26.7047a
  cstot     49.5812a
  cbtot     64.1001a
  cgs       11.9101a
  cgd       11.9100a



 ******
 * lab3

 ****** ac analysis tnom=  25.000 temp=  25.000 ******
  *** parameter 0:vgate  =   400.0000m       ***
  
x

 freq         i real     i imag     volt real  volt imag 
             vgate      vgate      gate       gate       
   10.00000    -3.4694a   -1.6779a    1.0000m    0.      
   11.22018    -3.4694a   -1.8826a    1.0000m    0.      
   12.58925    -3.4694a   -2.1124a    1.0000m    0.      
   14.12538    -3.4694a   -2.3701a    1.0000m    0.      
   15.84893    -3.4694a   -2.6593a    1.0000m    0.      
   17.78279    -3.4694a   -2.9838a    1.0000m    0.      
   19.95262    -3.4694a   -3.3479a    1.0000m    0.      
   22.38721    -3.4694a   -3.7564a    1.0000m    0.      
   25.11886    -3.4694a   -4.2147a    1.0000m    0.      
   28.18383    -3.4694a   -4.7290a    1.0000m    0.      
   31.62278    -3.4694a   -5.3060a    1.0000m    0.      
   35.48134    -3.4694a   -5.9534a    1.0000m    0.      
   39.81072    -3.4694a   -6.6799a    1.0000m    0.      
   44.66836    -3.4694a   -7.4949a    1.0000m    0.      
   50.11872    -3.4694a   -8.4094a    1.0000m    0.      
   56.23413    -3.4694a   -9.4355a    1.0000m    0.      
   63.09573    -3.4694a  -10.5869a    1.0000m    0.      
   70.79458    -3.4694a  -11.8786a    1.0000m    0.      
   79.43282    -3.4694a  -13.3281a    1.0000m    0.      
   89.12509    -3.4694a  -14.9543a    1.0000m    0.      
  100.00000    -3.4694a  -16.7790a    1.0000m    0.      
  112.20185    -3.4694a  -18.8264a    1.0000m    0.      
  125.89254    -3.4694a  -21.1235a    1.0000m    0.      
  141.25375    -3.4694a  -23.7010a    1.0000m    0.      
  158.48932    -3.4694a  -26.5930a    1.0000m    0.      
  177.82794    -3.4694a  -29.8378a    1.0000m    0.      
  199.52623    -3.4694a  -33.4786a    1.0000m    0.      
  223.87211    -3.4694a  -37.5636a    1.0000m    0.      
  251.18864    -3.4694a  -42.1470a    1.0000m    0.      
  281.83829    -3.4694a  -47.2897a    1.0000m    0.      
  316.22777    -3.4694a  -53.0599a    1.0000m    0.      
  354.81339    -3.4694a  -59.5342a    1.0000m    0.      
  398.10717    -3.4694a  -66.7985a    1.0000m    0.      
  446.68359    -3.4694a  -74.9492a    1.0000m    0.      
  501.18723    -3.4694a  -84.0944a    1.0000m    0.      
  562.34133    -3.4694a  -94.3554a    1.0000m    0.      
  630.95734    -3.4694a -105.8685a    1.0000m    0.      
  707.94578    -3.4694a -118.7864a    1.0000m    0.      
  794.32823    -3.4694a -133.2806a    1.0000m    0.      
  891.25094    -3.4694a -149.5433a    1.0000m    0.      
 1000.00000    -3.4694a -167.7903a    1.0000m    0.      
    1.12202k   -3.4694a -188.2638a    1.0000m    0.      
    1.25893k   -3.4694a -211.2355a    1.0000m    0.      
    1.41254k   -3.4694a -237.0101a    1.0000m    0.      
    1.58489k   -3.4694a -265.9297a    1.0000m    0.      
    1.77828k   -3.4694a -298.3780a    1.0000m    0.      
    1.99526k   -3.4694a -334.7856a    1.0000m    0.      
    2.23872k   -3.4694a -375.6357a    1.0000m    0.      
    2.51189k   -3.4694a -421.4702a    1.0000m    0.      
    2.81838k   -3.4694a -472.8973a    1.0000m    0.      
    3.16228k   -3.4694a -530.5995a    1.0000m    0.      
    3.54813k   -3.4694a -595.3424a    1.0000m    0.      
    3.98107k   -3.4694a -667.9852a    1.0000m    0.      
    4.46684k   -3.4694a -749.4917a    1.0000m    0.      
    5.01187k   -3.4694a -840.9435a    1.0000m    0.      
    5.62341k   -3.4694a -943.5542a    1.0000m    0.      
    6.30957k   -3.4694a   -1.0587f    1.0000m    0.      
    7.07946k   -3.4694a   -1.1879f    1.0000m    0.      
    7.94328k   -3.4694a   -1.3328f    1.0000m    0.      
    8.91251k   -3.4694a   -1.4954f    1.0000m    0.      
   10.00000k   -3.4694a   -1.6779f    1.0000m    0.      
   11.22018k   -3.4694a   -1.8826f    1.0000m    0.      
   12.58925k   -3.4694a   -2.1124f    1.0000m    0.      
   14.12538k   -3.4694a   -2.3701f    1.0000m    0.      
   15.84893k   -3.4694a   -2.6593f    1.0000m    0.      
   17.78279k   -3.4694a   -2.9838f    1.0000m    0.      
   19.95262k   -3.4694a   -3.3479f    1.0000m    0.      
   22.38721k   -3.4694a   -3.7564f    1.0000m    0.      
   25.11886k   -3.4694a   -4.2147f    1.0000m    0.      
   28.18383k   -3.4694a   -4.7290f    1.0000m    0.      
   31.62278k   -3.4694a   -5.3060f    1.0000m    0.      
   35.48134k   -3.4694a   -5.9534f    1.0000m    0.      
   39.81072k   -3.4694a   -6.6799f    1.0000m    0.      
   44.66836k   -3.4694a   -7.4949f    1.0000m    0.      
   50.11872k   -3.4694a   -8.4094f    1.0000m    0.      
   56.23413k   -3.4694a   -9.4355f    1.0000m    0.      
   63.09573k   -3.4694a  -10.5869f    1.0000m    0.      
   70.79458k   -3.4694a  -11.8786f    1.0000m    0.      
   79.43282k   -3.4694a  -13.3281f    1.0000m    0.      
   89.12509k   -3.4694a  -14.9543f    1.0000m    0.      
  100.00000k   -3.4694a  -16.7790f    1.0000m    0.      
  112.20185k   -3.4694a  -18.8264f    1.0000m    0.      
  125.89254k   -3.4694a  -21.1235f    1.0000m    0.      
  141.25375k   -3.4694a  -23.7010f    1.0000m    0.      
  158.48932k   -3.4694a  -26.5930f    1.0000m    0.      
  177.82794k   -3.4694a  -29.8378f    1.0000m    0.      
  199.52623k   -3.4694a  -33.4786f    1.0000m    0.      
  223.87211k   -3.4694a  -37.5636f    1.0000m    0.      
  251.18864k   -3.4694a  -42.1470f    1.0000m    0.      
  281.83829k   -3.4694a  -47.2897f    1.0000m    0.      
  316.22777k   -3.4694a  -53.0599f    1.0000m    0.      
  354.81339k   -3.4694a  -59.5342f    1.0000m    0.      
  398.10717k   -3.4694a  -66.7985f    1.0000m    0.      
  446.68359k   -3.4694a  -74.9492f    1.0000m    0.      
  501.18723k   -3.4694a  -84.0944f    1.0000m    0.      
  562.34133k   -3.4694a  -94.3554f    1.0000m    0.      
  630.95734k   -3.4694a -105.8685f    1.0000m    0.      
  707.94578k   -3.4694a -118.7864f    1.0000m    0.      
  794.32823k   -3.4694a -133.2806f    1.0000m    0.      
  891.25094k   -3.4694a -149.5433f    1.0000m    0.      
 1000.00000k   -3.4694a -167.7903f    1.0000m    0.      
    1.12202x   -3.4694a -188.2638f    1.0000m    0.      
    1.25893x   -3.4694a -211.2355f    1.0000m    0.      
    1.41254x   -3.4694a -237.0101f    1.0000m    0.      
    1.58489x   -3.4694a -265.9297f    1.0000m    0.      
    1.77828x   -3.4694a -298.3780f    1.0000m    0.      
    1.99526x   -3.4694a -334.7856f    1.0000m    0.      
    2.23872x   -3.4694a -375.6357f    1.0000m    0.      
    2.51189x   -3.4694a -421.4702f    1.0000m    0.      
    2.81838x   -3.4694a -472.8973f    1.0000m    0.      
    3.16228x   -3.4694a -530.5995f    1.0000m    0.      
    3.54813x   -3.4694a -595.3424f    1.0000m    0.      
    3.98107x   -3.4694a -667.9852f    1.0000m    0.      
    4.46684x   -3.4694a -749.4917f    1.0000m    0.      
    5.01187x   -3.4694a -840.9435f    1.0000m    0.      
    5.62341x   -3.4694a -943.5542f    1.0000m    0.      
    6.30957x   -3.4694a   -1.0587p    1.0000m    0.      
    7.07946x   -3.4694a   -1.1879p    1.0000m    0.      
    7.94328x   -3.4694a   -1.3328p    1.0000m    0.      
    8.91251x   -3.4694a   -1.4954p    1.0000m    0.      
   10.00000x   -3.4694a   -1.6779p    1.0000m    0.      
   11.22018x   -3.4694a   -1.8826p    1.0000m    0.      
   12.58925x   -3.4694a   -2.1124p    1.0000m    0.      
   14.12538x   -3.4694a   -2.3701p    1.0000m    0.      
   15.84893x   -3.4694a   -2.6593p    1.0000m    0.      
   17.78279x   -3.4694a   -2.9838p    1.0000m    0.      
   19.95262x   -3.4694a   -3.3479p    1.0000m    0.      
   22.38721x   -3.4694a   -3.7564p    1.0000m    0.      
   25.11886x   -3.4694a   -4.2147p    1.0000m    0.      
   28.18383x   -3.4694a   -4.7290p    1.0000m    0.      
   31.62278x   -3.4694a   -5.3060p    1.0000m    0.      
   35.48134x   -3.4694a   -5.9534p    1.0000m    0.      
   39.81072x   -3.4694a   -6.6799p    1.0000m    0.      
   44.66836x   -3.4694a   -7.4949p    1.0000m    0.      
   50.11872x   -3.4694a   -8.4094p    1.0000m    0.      
   56.23413x   -3.4694a   -9.4355p    1.0000m    0.      
   63.09573x   -3.4694a  -10.5869p    1.0000m    0.      
   70.79458x   -3.4694a  -11.8786p    1.0000m    0.      
   79.43282x   -3.4694a  -13.3281p    1.0000m    0.      
   89.12509x   -3.4694a  -14.9543p    1.0000m    0.      
  100.00000x   -3.4694a  -16.7790p    1.0000m    0.      
  112.20185x   -3.6863a  -18.8264p    1.0000m    0.      
  125.89254x   -3.6863a  -21.1235p    1.0000m    0.      
  141.25375x   -3.6863a  -23.7010p    1.0000m    0.      
  158.48932x   -3.6863a  -26.5930p    1.0000m    0.      
  177.82794x   -3.6863a  -29.8378p    1.0000m    0.      
  199.52623x   -4.1200a  -33.4786p    1.0000m    0.      
  223.87211x   -4.1200a  -37.5636p    1.0000m    0.      
  251.18864x   -4.5536a  -42.1470p    1.0000m    0.      
  281.83829x   -4.5536a  -47.2897p    1.0000m    0.      
  316.22777x   -5.2042a  -53.0599p    1.0000m    0.      
  354.81339x   -5.6379a  -59.5342p    1.0000m    0.      
  398.10717x   -6.2884a  -66.7985p    1.0000m    0.      
  446.68359x   -6.7221a  -74.9492p    1.0000m    0.      
  501.18723x   -7.8063a  -84.0944p    1.0000m    0.      
  562.34133x   -8.8905a  -94.3554p    1.0000m    0.      
  630.95734x   -9.9747a -105.8685p    1.0000m    0.      
  707.94578x  -12.3599a -118.7864p    1.0000m    0.      
  794.32823x  -14.7451a -133.2806p    1.0000m    0.      
  891.25094x  -17.7809a -149.5433p    1.0000m    0.      
 1000.00000x  -21.0335a -167.7903p    1.0000m    0.      
    1.12202g  -25.5872a -188.2638p    1.0000m    0.      
    1.25893g  -31.4419a -211.2355p    1.0000m    0.      
    1.41254g  -38.5976a -237.0101p    1.0000m    0.      
    1.58489g  -48.1386a -265.9297p    1.0000m    0.      
    1.77828g  -59.6311a -298.3780p    1.0000m    0.      
    1.99526g  -74.3763a -334.7856p    1.0000m    0.      
    2.23872g  -92.1572a -375.6357p    1.0000m    0.      
    2.51189g -115.3591a -421.4702p    1.0000m    0.      
    2.81838g -144.1989a -472.8973p    1.0000m    0.      
    3.16228g -180.8449a -530.5995p    1.0000m    0.      
    3.54813g -226.5983a -595.3424p    1.0000m    0.      
    3.98107g -284.9283a -667.9852p    1.0000m    0.      
    4.46684g -357.5699a -749.4917p    1.0000m    0.      
    5.01187g -449.0765a -840.9435p    1.0000m    0.      
    5.62341g -564.4357a -943.5542p    1.0000m    0.      
    6.30957g -709.7187a   -1.0587n    1.0000m    0.      
    7.07946g -892.9489a   -1.1879n    1.0000m    0.      
    7.94328g   -1.1230f   -1.3328n    1.0000m    0.      
    8.91251g   -1.4131f   -1.4954n    1.0000m    0.      
   10.00000g   -1.7783f   -1.6779n    1.0000m    0.      
y

          ***** job concluded
 **info** dc convergence successful at Newton-Raphson method 
 ******  
 * lab3

 ****** ac analysis tnom=  25.000 temp=  25.000 ******
 ****** operating point status is all       simulation time is     0.     

   *** source        0:vgate =    6.000E-01 ***

    node    =voltage      node    =voltage      node    =voltage

 +0:gate    = 600.0000m 0:vdd     = 800.0000m 0:vss     =   0.     


 **** voltage sources

 subckt                                   
 element  0:vdd      0:vgate    0:vss     
  volts    800.0000m  600.0000m    0.     
  current   -1.6101p -222.0446a    1.6104p
  power      1.2881p  133.2268a    0.     

     total voltage source power dissipation=    1.2882p       watts




 **** mosfets


 subckt             
 element  0:mp2     
 model    0:pmos    
 region   Cutoff    
  id         0.     
  ibs      800.0045f
  ibd      810.0000f
  vgs      600.0000m
  vds        0.     
  vbs      800.0000m
  vth     -560.3548m
  vdsat    -49.5859m
  vod        1.1604 
  beta     348.9452u
  gam eff  400.0000m
  gm         0.     
  gds        0.     
  gmb        0.     
  cdtot     34.6742a
  cgtot     25.4066a
  cstot     48.8008a
  cbtot     64.3627a
  cgs       11.1298a
  cgd       11.1297a



 ******
 * lab3

 ****** ac analysis tnom=  25.000 temp=  25.000 ******
  *** parameter 0:vgate  =   600.0000m       ***
  
x

 freq         i real     i imag     volt real  volt imag 
             vgate      vgate      gate       gate       
   10.00000    -3.4694a   -1.5963a    1.0000m    0.      
   11.22018    -3.4694a   -1.7911a    1.0000m    0.      
   12.58925    -3.4694a   -2.0097a    1.0000m    0.      
   14.12538    -3.4694a   -2.2549a    1.0000m    0.      
   15.84893    -3.4694a   -2.5300a    1.0000m    0.      
   17.78279    -3.4694a   -2.8387a    1.0000m    0.      
   19.95262    -3.4694a   -3.1851a    1.0000m    0.      
   22.38721    -3.4694a   -3.5738a    1.0000m    0.      
   25.11886    -3.4694a   -4.0098a    1.0000m    0.      
   28.18383    -3.4694a   -4.4991a    1.0000m    0.      
   31.62278    -3.4694a   -5.0481a    1.0000m    0.      
   35.48134    -3.4694a   -5.6640a    1.0000m    0.      
   39.81072    -3.4694a   -6.3551a    1.0000m    0.      
   44.66836    -3.4694a   -7.1306a    1.0000m    0.      
   50.11872    -3.4694a   -8.0007a    1.0000m    0.      
   56.23413    -3.4694a   -8.9769a    1.0000m    0.      
   63.09573    -3.4694a  -10.0722a    1.0000m    0.      
   70.79458    -3.4694a  -11.3012a    1.0000m    0.      
   79.43282    -3.4694a  -12.6802a    1.0000m    0.      
   89.12509    -3.4694a  -14.2274a    1.0000m    0.      
  100.00000    -3.4694a  -15.9634a    1.0000m    0.      
  112.20185    -3.4694a  -17.9112a    1.0000m    0.      
  125.89254    -3.4694a  -20.0967a    1.0000m    0.      
  141.25375    -3.4694a  -22.5489a    1.0000m    0.      
  158.48932    -3.4694a  -25.3003a    1.0000m    0.      
  177.82794    -3.4694a  -28.3874a    1.0000m    0.      
  199.52623    -3.4694a  -31.8512a    1.0000m    0.      
  223.87211    -3.4694a  -35.7376a    1.0000m    0.      
  251.18864    -3.4694a  -40.0983a    1.0000m    0.      
  281.83829    -3.4694a  -44.9910a    1.0000m    0.      
  316.22777    -3.4694a  -50.4808a    1.0000m    0.      
  354.81339    -3.4694a  -56.6403a    1.0000m    0.      
  398.10717    -3.4694a  -63.5515a    1.0000m    0.      
  446.68359    -3.4694a  -71.3060a    1.0000m    0.      
  501.18723    -3.4694a  -80.0066a    1.0000m    0.      
  562.34133    -3.4694a  -89.7689a    1.0000m    0.      
  630.95734    -3.4694a -100.7223a    1.0000m    0.      
  707.94578    -3.4694a -113.0123a    1.0000m    0.      
  794.32823    -3.4694a -126.8019a    1.0000m    0.      
  891.25094    -3.4694a -142.2741a    1.0000m    0.      
 1000.00000    -3.4694a -159.6342a    1.0000m    0.      
    1.12202k   -3.4694a -179.1125a    1.0000m    0.      
    1.25893k   -3.4694a -200.9675a    1.0000m    0.      
    1.41254k   -3.4694a -225.4892a    1.0000m    0.      
    1.58489k   -3.4694a -253.0031a    1.0000m    0.      
    1.77828k   -3.4694a -283.8741a    1.0000m    0.      
    1.99526k   -3.4694a -318.5120a    1.0000m    0.      
    2.23872k   -3.4694a -357.3763a    1.0000m    0.      
    2.51189k   -3.4694a -400.9829a    1.0000m    0.      
    2.81838k   -3.4694a -449.9102a    1.0000m    0.      
    3.16228k   -3.4694a -504.8075a    1.0000m    0.      
    3.54813k   -3.4694a -566.4033a    1.0000m    0.      
    3.98107k   -3.4694a -635.5150a    1.0000m    0.      
    4.46684k   -3.4694a -713.0596a    1.0000m    0.      
    5.01187k   -3.4694a -800.0660a    1.0000m    0.      
    5.62341k   -3.4694a -897.6888a    1.0000m    0.      
    6.30957k   -3.4694a   -1.0072f    1.0000m    0.      
    7.07946k   -3.4694a   -1.1301f    1.0000m    0.      
    7.94328k   -3.4694a   -1.2680f    1.0000m    0.      
    8.91251k   -3.4694a   -1.4227f    1.0000m    0.      
   10.00000k   -3.4694a   -1.5963f    1.0000m    0.      
   11.22018k   -3.4694a   -1.7911f    1.0000m    0.      
   12.58925k   -3.4694a   -2.0097f    1.0000m    0.      
   14.12538k   -3.4694a   -2.2549f    1.0000m    0.      
   15.84893k   -3.4694a   -2.5300f    1.0000m    0.      
   17.78279k   -3.4694a   -2.8387f    1.0000m    0.      
   19.95262k   -3.4694a   -3.1851f    1.0000m    0.      
   22.38721k   -3.4694a   -3.5738f    1.0000m    0.      
   25.11886k   -3.4694a   -4.0098f    1.0000m    0.      
   28.18383k   -3.4694a   -4.4991f    1.0000m    0.      
   31.62278k   -3.4694a   -5.0481f    1.0000m    0.      
   35.48134k   -3.4694a   -5.6640f    1.0000m    0.      
   39.81072k   -3.4694a   -6.3551f    1.0000m    0.      
   44.66836k   -3.4694a   -7.1306f    1.0000m    0.      
   50.11872k   -3.4694a   -8.0007f    1.0000m    0.      
   56.23413k   -3.4694a   -8.9769f    1.0000m    0.      
   63.09573k   -3.4694a  -10.0722f    1.0000m    0.      
   70.79458k   -3.4694a  -11.3012f    1.0000m    0.      
   79.43282k   -3.4694a  -12.6802f    1.0000m    0.      
   89.12509k   -3.4694a  -14.2274f    1.0000m    0.      
  100.00000k   -3.4694a  -15.9634f    1.0000m    0.      
  112.20185k   -3.4694a  -17.9112f    1.0000m    0.      
  125.89254k   -3.4694a  -20.0967f    1.0000m    0.      
  141.25375k   -3.4694a  -22.5489f    1.0000m    0.      
  158.48932k   -3.4694a  -25.3003f    1.0000m    0.      
  177.82794k   -3.4694a  -28.3874f    1.0000m    0.      
  199.52623k   -3.4694a  -31.8512f    1.0000m    0.      
  223.87211k   -3.4694a  -35.7376f    1.0000m    0.      
  251.18864k   -3.4694a  -40.0983f    1.0000m    0.      
  281.83829k   -3.4694a  -44.9910f    1.0000m    0.      
  316.22777k   -3.4694a  -50.4808f    1.0000m    0.      
  354.81339k   -3.4694a  -56.6403f    1.0000m    0.      
  398.10717k   -3.4694a  -63.5515f    1.0000m    0.      
  446.68359k   -3.4694a  -71.3060f    1.0000m    0.      
  501.18723k   -3.4694a  -80.0066f    1.0000m    0.      
  562.34133k   -3.4694a  -89.7689f    1.0000m    0.      
  630.95734k   -3.4694a -100.7223f    1.0000m    0.      
  707.94578k   -3.4694a -113.0123f    1.0000m    0.      
  794.32823k   -3.4694a -126.8019f    1.0000m    0.      
  891.25094k   -3.4694a -142.2741f    1.0000m    0.      
 1000.00000k   -3.4694a -159.6342f    1.0000m    0.      
    1.12202x   -3.4694a -179.1125f    1.0000m    0.      
    1.25893x   -3.4694a -200.9675f    1.0000m    0.      
    1.41254x   -3.4694a -225.4892f    1.0000m    0.      
    1.58489x   -3.4694a -253.0031f    1.0000m    0.      
    1.77828x   -3.4694a -283.8741f    1.0000m    0.      
    1.99526x   -3.4694a -318.5120f    1.0000m    0.      
    2.23872x   -3.4694a -357.3763f    1.0000m    0.      
    2.51189x   -3.4694a -400.9829f    1.0000m    0.      
    2.81838x   -3.4694a -449.9102f    1.0000m    0.      
    3.16228x   -3.4694a -504.8075f    1.0000m    0.      
    3.54813x   -3.4694a -566.4033f    1.0000m    0.      
    3.98107x   -3.4694a -635.5150f    1.0000m    0.      
    4.46684x   -3.4694a -713.0596f    1.0000m    0.      
    5.01187x   -3.4694a -800.0660f    1.0000m    0.      
    5.62341x   -3.4694a -897.6888f    1.0000m    0.      
    6.30957x   -3.4694a   -1.0072p    1.0000m    0.      
    7.07946x   -3.4694a   -1.1301p    1.0000m    0.      
    7.94328x   -3.4694a   -1.2680p    1.0000m    0.      
    8.91251x   -3.4694a   -1.4227p    1.0000m    0.      
   10.00000x   -3.4694a   -1.5963p    1.0000m    0.      
   11.22018x   -3.4694a   -1.7911p    1.0000m    0.      
   12.58925x   -3.4694a   -2.0097p    1.0000m    0.      
   14.12538x   -3.4694a   -2.2549p    1.0000m    0.      
   15.84893x   -3.4694a   -2.5300p    1.0000m    0.      
   17.78279x   -3.4694a   -2.8387p    1.0000m    0.      
   19.95262x   -3.4694a   -3.1851p    1.0000m    0.      
   22.38721x   -3.4694a   -3.5738p    1.0000m    0.      
   25.11886x   -3.4694a   -4.0098p    1.0000m    0.      
   28.18383x   -3.4694a   -4.4991p    1.0000m    0.      
   31.62278x   -3.4694a   -5.0481p    1.0000m    0.      
   35.48134x   -3.4694a   -5.6640p    1.0000m    0.      
   39.81072x   -3.4694a   -6.3551p    1.0000m    0.      
   44.66836x   -3.4694a   -7.1306p    1.0000m    0.      
   50.11872x   -3.4694a   -8.0007p    1.0000m    0.      
   56.23413x   -3.4694a   -8.9769p    1.0000m    0.      
   63.09573x   -3.4694a  -10.0722p    1.0000m    0.      
   70.79458x   -3.4694a  -11.3012p    1.0000m    0.      
   79.43282x   -3.4694a  -12.6802p    1.0000m    0.      
   89.12509x   -3.4694a  -14.2274p    1.0000m    0.      
  100.00000x   -3.4694a  -15.9634p    1.0000m    0.      
  112.20185x   -3.4694a  -17.9112p    1.0000m    0.      
  125.89254x   -4.1200a  -20.0967p    1.0000m    0.      
  141.25375x   -4.1200a  -22.5489p    1.0000m    0.      
  158.48932x   -4.1200a  -25.3003p    1.0000m    0.      
  177.82794x   -4.1200a  -28.3874p    1.0000m    0.      
  199.52623x   -4.1200a  -31.8512p    1.0000m    0.      
  223.87211x   -4.1200a  -35.7376p    1.0000m    0.      
  251.18864x   -4.1200a  -40.0983p    1.0000m    0.      
  281.83829x   -4.7705a  -44.9910p    1.0000m    0.      
  316.22777x   -5.2042a  -50.4808p    1.0000m    0.      
  354.81339x   -5.6379a  -56.6403p    1.0000m    0.      
  398.10717x   -6.0715a  -63.5515p    1.0000m    0.      
  446.68359x   -6.7221a  -71.3060p    1.0000m    0.      
  501.18723x   -7.8063a  -80.0066p    1.0000m    0.      
  562.34133x   -8.4568a  -89.7689p    1.0000m    0.      
  630.95734x   -9.9747a -100.7223p    1.0000m    0.      
  707.94578x  -11.9262a -113.0123p    1.0000m    0.      
  794.32823x  -14.0946a -126.8019p    1.0000m    0.      
  891.25094x  -16.2630a -142.2741p    1.0000m    0.      
 1000.00000x  -19.7325a -159.6342p    1.0000m    0.      
    1.12202g  -24.5030a -179.1125p    1.0000m    0.      
    1.25893g  -29.7071a -200.9675p    1.0000m    0.      
    1.41254g  -36.2124a -225.4892p    1.0000m    0.      
    1.58489g  -44.8860a -253.0031p    1.0000m    0.      
    1.77828g  -55.5112a -283.8741p    1.0000m    0.      
    1.99526g  -68.7384a -318.5120p    1.0000m    0.      
    2.23872g  -85.8688a -357.3763p    1.0000m    0.      
    2.51189g -106.9023a -400.9829p    1.0000m    0.      
    2.81838g -134.2242a -449.9102p    1.0000m    0.      
    3.16228g -167.8345a -504.8075p    1.0000m    0.      
    3.54813g -209.9015a -566.4033p    1.0000m    0.      
    3.98107g -263.6780a -635.5150p    1.0000m    0.      
    4.46684g -330.8985a -713.0596p    1.0000m    0.      
    5.01187g -415.9000a -800.0660p    1.0000m    0.      
    5.62341g -522.5854a -897.6888p    1.0000m    0.      
    6.30957g -657.2434a   -1.0072n    1.0000m    0.      
    7.07946g -826.5957a   -1.1301n    1.0000m    0.      
    7.94328g   -1.0393f   -1.2680n    1.0000m    0.      
    8.91251g   -1.3078f   -1.4227n    1.0000m    0.      
   10.00000g   -1.6452f   -1.5963n    1.0000m    0.      
y

          ***** job concluded
 **info** dc convergence successful at Newton-Raphson method 
 ******  
 * lab3

 ****** ac analysis tnom=  25.000 temp=  25.000 ******
 ****** operating point status is all       simulation time is     0.     

   *** source        0:vgate =    8.000E-01 ***

    node    =voltage      node    =voltage      node    =voltage

 +0:gate    = 800.0000m 0:vdd     = 800.0000m 0:vss     =   0.     


 **** voltage sources

 subckt                                   
 element  0:vdd      0:vgate    0:vss     
  volts    800.0000m  800.0000m    0.     
  current   -1.6100p   -1.3323f    1.6113p
  power      1.2880p    1.0658f    0.     

     total voltage source power dissipation=    1.2891p       watts




 **** mosfets


 subckt             
 element  0:mp2     
 model    0:pmos    
 region   Cutoff    
  id         0.     
  ibs      800.0045f
  ibd      810.0000f
  vgs      800.0000m
  vds        0.     
  vbs      800.0000m
  vth     -560.3548m
  vdsat    -49.5859m
  vod        1.3604 
  beta     348.9452u
  gam eff  400.0000m
  gm         0.     
  gds        0.     
  gmb        0.     
  cdtot     34.2754a
  cgtot     24.9677a
  cstot     48.4021a
  cbtot     64.7212a
  cgs       10.7311a
  cgd       10.7310a



 ******
 * lab3

 ****** ac analysis tnom=  25.000 temp=  25.000 ******
  *** parameter 0:vgate  =   800.0000m       ***
  
x

 freq         i real     i imag     volt real  volt imag 
             vgate      vgate      gate       gate       
   10.00000    -7.3726a   -1.5688a    1.0000m    0.      
   11.22018    -7.3726a   -1.7602a    1.0000m    0.      
   12.58925    -7.3726a   -1.9750a    1.0000m    0.      
   14.12538    -7.3726a   -2.2159a    1.0000m    0.      
   15.84893    -7.3726a   -2.4863a    1.0000m    0.      
   17.78279    -7.3726a   -2.7897a    1.0000m    0.      
   19.95262    -7.3726a   -3.1301a    1.0000m    0.      
   22.38721    -7.3726a   -3.5120a    1.0000m    0.      
   25.11886    -7.3726a   -3.9406a    1.0000m    0.      
   28.18383    -7.3726a   -4.4214a    1.0000m    0.      
   31.62278    -7.3726a   -4.9609a    1.0000m    0.      
   35.48134    -7.3726a   -5.5662a    1.0000m    0.      
   39.81072    -7.3726a   -6.2454a    1.0000m    0.      
   44.66836    -7.3726a   -7.0074a    1.0000m    0.      
   50.11872    -7.3726a   -7.8625a    1.0000m    0.      
   56.23413    -7.3726a   -8.8218a    1.0000m    0.      
   63.09573    -7.3726a   -9.8982a    1.0000m    0.      
   70.79458    -7.3726a  -11.1060a    1.0000m    0.      
   79.43282    -7.3726a  -12.4611a    1.0000m    0.      
   89.12509    -7.3726a  -13.9816a    1.0000m    0.      
  100.00000    -7.3726a  -15.6877a    1.0000m    0.      
  112.20185    -7.3726a  -17.6018a    1.0000m    0.      
  125.89254    -7.3726a  -19.7496a    1.0000m    0.      
  141.25375    -7.3726a  -22.1594a    1.0000m    0.      
  158.48932    -7.3726a  -24.8633a    1.0000m    0.      
  177.82794    -7.3726a  -27.8970a    1.0000m    0.      
  199.52623    -7.3726a  -31.3010a    1.0000m    0.      
  223.87211    -7.3726a  -35.1203a    1.0000m    0.      
  251.18864    -7.3726a  -39.4056a    1.0000m    0.      
  281.83829    -7.3726a  -44.2138a    1.0000m    0.      
  316.22777    -7.3726a  -49.6087a    1.0000m    0.      
  354.81339    -7.3726a  -55.6619a    1.0000m    0.      
  398.10717    -7.3726a  -62.4537a    1.0000m    0.      
  446.68359    -7.3726a  -70.0742a    1.0000m    0.      
  501.18723    -7.3726a  -78.6245a    1.0000m    0.      
  562.34133    -7.3726a  -88.2182a    1.0000m    0.      
  630.95734    -7.3726a  -98.9824a    1.0000m    0.      
  707.94578    -7.3726a -111.0601a    1.0000m    0.      
  794.32823    -7.3726a -124.6115a    1.0000m    0.      
  891.25094    -7.3726a -139.8164a    1.0000m    0.      
 1000.00000    -7.3726a -156.8765a    1.0000m    0.      
    1.12202k   -7.3726a -176.0184a    1.0000m    0.      
    1.25893k   -7.3726a -197.4958a    1.0000m    0.      
    1.41254k   -7.3726a -221.5940a    1.0000m    0.      
    1.58489k   -7.3726a -248.6325a    1.0000m    0.      
    1.77828k   -7.3726a -278.9703a    1.0000m    0.      
    1.99526k   -7.3726a -313.0098a    1.0000m    0.      
    2.23872k   -7.3726a -351.2028a    1.0000m    0.      
    2.51189k   -7.3726a -394.0560a    1.0000m    0.      
    2.81838k   -7.3726a -442.1381a    1.0000m    0.      
    3.16228k   -7.3726a -496.0871a    1.0000m    0.      
    3.54813k   -7.3726a -556.6189a    1.0000m    0.      
    3.98107k   -7.3726a -624.5367a    1.0000m    0.      
    4.46684k   -7.3726a -700.7417a    1.0000m    0.      
    5.01187k   -7.3726a -786.2451a    1.0000m    0.      
    5.62341k   -7.3726a -882.1815a    1.0000m    0.      
    6.30957k   -7.3726a -989.8240a    1.0000m    0.      
    7.07946k   -7.3726a   -1.1106f    1.0000m    0.      
    7.94328k   -7.3726a   -1.2461f    1.0000m    0.      
    8.91251k   -7.3726a   -1.3982f    1.0000m    0.      
   10.00000k   -7.3726a   -1.5688f    1.0000m    0.      
   11.22018k   -7.3726a   -1.7602f    1.0000m    0.      
   12.58925k   -7.3726a   -1.9750f    1.0000m    0.      
   14.12538k   -7.3726a   -2.2159f    1.0000m    0.      
   15.84893k   -7.3726a   -2.4863f    1.0000m    0.      
   17.78279k   -7.3726a   -2.7897f    1.0000m    0.      
   19.95262k   -7.3726a   -3.1301f    1.0000m    0.      
   22.38721k   -7.3726a   -3.5120f    1.0000m    0.      
   25.11886k   -7.3726a   -3.9406f    1.0000m    0.      
   28.18383k   -7.3726a   -4.4214f    1.0000m    0.      
   31.62278k   -7.3726a   -4.9609f    1.0000m    0.      
   35.48134k   -7.3726a   -5.5662f    1.0000m    0.      
   39.81072k   -7.3726a   -6.2454f    1.0000m    0.      
   44.66836k   -7.3726a   -7.0074f    1.0000m    0.      
   50.11872k   -7.3726a   -7.8625f    1.0000m    0.      
   56.23413k   -7.3726a   -8.8218f    1.0000m    0.      
   63.09573k   -7.3726a   -9.8982f    1.0000m    0.      
   70.79458k   -7.3726a  -11.1060f    1.0000m    0.      
   79.43282k   -7.3726a  -12.4611f    1.0000m    0.      
   89.12509k   -7.3726a  -13.9816f    1.0000m    0.      
  100.00000k   -7.3726a  -15.6877f    1.0000m    0.      
  112.20185k   -7.3726a  -17.6018f    1.0000m    0.      
  125.89254k   -7.3726a  -19.7496f    1.0000m    0.      
  141.25375k   -7.3726a  -22.1594f    1.0000m    0.      
  158.48932k   -7.3726a  -24.8633f    1.0000m    0.      
  177.82794k   -7.3726a  -27.8970f    1.0000m    0.      
  199.52623k   -7.3726a  -31.3010f    1.0000m    0.      
  223.87211k   -7.3726a  -35.1203f    1.0000m    0.      
  251.18864k   -7.3726a  -39.4056f    1.0000m    0.      
  281.83829k   -7.3726a  -44.2138f    1.0000m    0.      
  316.22777k   -7.3726a  -49.6087f    1.0000m    0.      
  354.81339k   -7.3726a  -55.6619f    1.0000m    0.      
  398.10717k   -7.3726a  -62.4537f    1.0000m    0.      
  446.68359k   -7.3726a  -70.0742f    1.0000m    0.      
  501.18723k   -7.3726a  -78.6245f    1.0000m    0.      
  562.34133k   -7.3726a  -88.2182f    1.0000m    0.      
  630.95734k   -7.3726a  -98.9824f    1.0000m    0.      
  707.94578k   -7.3726a -111.0601f    1.0000m    0.      
  794.32823k   -7.3726a -124.6115f    1.0000m    0.      
  891.25094k   -7.3726a -139.8164f    1.0000m    0.      
 1000.00000k   -7.3726a -156.8765f    1.0000m    0.      
    1.12202x   -7.3726a -176.0184f    1.0000m    0.      
    1.25893x   -7.3726a -197.4958f    1.0000m    0.      
    1.41254x   -7.3726a -221.5940f    1.0000m    0.      
    1.58489x   -7.3726a -248.6325f    1.0000m    0.      
    1.77828x   -7.3726a -278.9703f    1.0000m    0.      
    1.99526x   -7.3726a -313.0098f    1.0000m    0.      
    2.23872x   -7.3726a -351.2028f    1.0000m    0.      
    2.51189x   -7.3726a -394.0560f    1.0000m    0.      
    2.81838x   -7.3726a -442.1381f    1.0000m    0.      
    3.16228x   -7.3726a -496.0871f    1.0000m    0.      
    3.54813x   -7.3726a -556.6189f    1.0000m    0.      
    3.98107x   -7.3726a -624.5367f    1.0000m    0.      
    4.46684x   -7.3726a -700.7417f    1.0000m    0.      
    5.01187x   -7.3726a -786.2451f    1.0000m    0.      
    5.62341x   -7.3726a -882.1815f    1.0000m    0.      
    6.30957x   -7.3726a -989.8240f    1.0000m    0.      
    7.07946x   -7.3726a   -1.1106p    1.0000m    0.      
    7.94328x   -7.3726a   -1.2461p    1.0000m    0.      
    8.91251x   -7.3726a   -1.3982p    1.0000m    0.      
   10.00000x   -7.3726a   -1.5688p    1.0000m    0.      
   11.22018x   -7.3726a   -1.7602p    1.0000m    0.      
   12.58925x   -7.3726a   -1.9750p    1.0000m    0.      
   14.12538x   -7.3726a   -2.2159p    1.0000m    0.      
   15.84893x   -7.3726a   -2.4863p    1.0000m    0.      
   17.78279x   -7.3726a   -2.7897p    1.0000m    0.      
   19.95262x   -7.3726a   -3.1301p    1.0000m    0.      
   22.38721x   -7.3726a   -3.5120p    1.0000m    0.      
   25.11886x   -7.3726a   -3.9406p    1.0000m    0.      
   28.18383x   -7.3726a   -4.4214p    1.0000m    0.      
   31.62278x   -7.3726a   -4.9609p    1.0000m    0.      
   35.48134x   -7.3726a   -5.5662p    1.0000m    0.      
   39.81072x   -7.3726a   -6.2454p    1.0000m    0.      
   44.66836x   -7.3726a   -7.0074p    1.0000m    0.      
   50.11872x   -7.3726a   -7.8625p    1.0000m    0.      
   56.23413x   -7.3726a   -8.8218p    1.0000m    0.      
   63.09573x   -7.3726a   -9.8982p    1.0000m    0.      
   70.79458x   -7.3726a  -11.1060p    1.0000m    0.      
   79.43282x   -7.3726a  -12.4611p    1.0000m    0.      
   89.12509x   -7.3726a  -13.9816p    1.0000m    0.      
  100.00000x   -7.3726a  -15.6877p    1.0000m    0.      
  112.20185x   -7.3726a  -17.6018p    1.0000m    0.      
  125.89254x   -7.8063a  -19.7496p    1.0000m    0.      
  141.25375x   -7.8063a  -22.1594p    1.0000m    0.      
  158.48932x   -7.8063a  -24.8633p    1.0000m    0.      
  177.82794x   -7.8063a  -27.8970p    1.0000m    0.      
  199.52623x   -8.2399a  -31.3010p    1.0000m    0.      
  223.87211x   -8.2399a  -35.1203p    1.0000m    0.      
  251.18864x   -8.4568a  -39.4056p    1.0000m    0.      
  281.83829x   -8.8905a  -44.2138p    1.0000m    0.      
  316.22777x   -9.3241a  -49.6087p    1.0000m    0.      
  354.81339x   -9.7578a  -55.6619p    1.0000m    0.      
  398.10717x   -9.9747a  -62.4537p    1.0000m    0.      
  446.68359x  -11.0589a  -70.0742p    1.0000m    0.      
  501.18723x  -11.9262a  -78.6245p    1.0000m    0.      
  562.34133x  -12.5767a  -88.2182p    1.0000m    0.      
  630.95734x  -14.0946a  -98.9824p    1.0000m    0.      
  707.94578x  -15.6125a -111.0601p    1.0000m    0.      
  794.32823x  -17.7809a -124.6115p    1.0000m    0.      
  891.25094x  -20.3830a -139.8164p    1.0000m    0.      
 1000.00000x  -23.6356a -156.8765p    1.0000m    0.      
    1.12202g  -28.1893a -176.0184p    1.0000m    0.      
    1.25893g  -32.9597a -197.4958p    1.0000m    0.      
    1.41254g  -39.8986a -221.5940p    1.0000m    0.      
    1.58489g  -48.5723a -248.6325p    1.0000m    0.      
    1.77828g  -59.1974a -278.9703p    1.0000m    0.      
    1.99526g  -72.2079a -313.0098p    1.0000m    0.      
    2.23872g  -89.1214a -351.2028p    1.0000m    0.      
    2.51189g -110.1549a -394.0560p    1.0000m    0.      
    2.81838g -136.8263a -442.1381p    1.0000m    0.      
    3.16228g -169.7861a -496.0871p    1.0000m    0.      
    3.54813g -212.2868a -556.6189p    1.0000m    0.      
    3.98107g -265.4127a -624.5367p    1.0000m    0.      
    4.46684g -331.5490a -700.7417p    1.0000m    0.      
    5.01187g -415.9000a -786.2451p    1.0000m    0.      
    5.62341g -521.5012a -882.1815p    1.0000m    0.      
    6.30957g -655.0750a -989.8240p    1.0000m    0.      
    7.07946g -822.4758a   -1.1106n    1.0000m    0.      
    7.94328g   -1.0330f   -1.2461n    1.0000m    0.      
    8.91251g   -1.2989f   -1.3982n    1.0000m    0.      
   10.00000g   -1.6335f   -1.5688n    1.0000m    0.      
y

          ***** job concluded
 ******  
 * lab3

 ****** job statistics summary tnom=  25.000 temp=  25.000 ******
  
 ******  Machine Information  ******
 CPU:
 model name	: AMD EPYC 7F72 24-Core Processor
 cpu MHz	: 3193.859
 CPU(s)		: 48
  
 OS:
 Linux version 4.18.0-553.153.1.el8_10.x86_64 (mockbuild@x86-64-03.build.eng.rdu2.redhat.com) (gcc version 8.5.0 20210514 (Red Hat 8.5.0-28) (GCC)) #1 SMP Tue Aug 4 21:00:26 EDT 2026

 System loadavg : 0.65 0.64 0.70 2/1650 792872


  ******  PrimeSim HSPICE Threads Information  ******

  Command Line Threads Count :     1
  Available CPU Count        :    48
  Actual Threads Count       :     1


  ******  Circuit Statistics  ******
  # nodes       =       8 # elements   =       4
  # resistors   =       0 # capacitors =       0 # inductors   =       0
  # mutual_inds =       0 # vccs       =       0 # vcvs        =       0
  # cccs        =       0 # ccvs       =       0 # volt_srcs   =       3
  # curr_srcs   =       0 # diodes     =       0 # bjts        =       0
  # jfets       =       0 # mosfets    =       1 # U elements  =       0
  # T elements  =       0 # W elements =       0 # B elements  =       0
  # S elements  =       0 # P elements =       0 # va device   =       0
  # vector_srcs =       0 # N elements =       0


  ******  Runtime Statistics (seconds)  ******

  analysis           time    # points   tot. iter  conv.iter
  op point           0.13           1          19
  ac analysis        0.00         724         724
  readin             0.19
  errchk             0.00
  setup              0.00
  output             0.00


           peak memory used        521.88 megabytes
           total cpu time            0.31 seconds
           total elapsed time        0.81 seconds
           job started at     17:29:59 09/22/2026
           job ended   at     17:29:59 09/22/2026
           job total runtime         0.81 seconds


 lic: Release hspice token(s) 
 lic: total license checkout elapse time:        0.49(s)
