 ****** PrimeSim HSPICE -- W-2024.09 linux64 (Aug 27 2024 9174816) ******
  Copyright (c) 1986 - 2026 by Synopsys, Inc. All Rights Reserved.
  This software and the associated documentation are proprietary
  to Synopsys, Inc. This software may only be used in accordance
  with the terms and conditions of a written license agreement with
  Synopsys, Inc. All other use, reproduction, or distribution of
  this software is strictly prohibited.
  Input File: ring_3.sp                                                         
  Command line options: /opt/coe/synopsys/hspice/W-2024.09/hspice/linux64/hspice -i ring_3.sp -o results_3/results
  Start time: Tue Sep  8 18:49:41 2026
 lic:  
 lic: FLEXlm: SDK_14.2 
 lic: USER:   venky.k              HOSTNAME: n02-hera.olympus.ece.tamu.edu 
 lic: HOSTID: ffffffffa8c00c02     PID:      326510 
 lic: Using FLEXlm license file: 
 lic: 27070@coe-vtls3.engr.tamu.edu 
 lic: Checkout 1 hspice 
 lic: License/Maintenance for hspice will expire on 12-jan-2027/2025.06 
 lic: 1(in_use)/100(total) FLOATING license(s) on SERVER 27070@coe-vtls3.engr.tamu.edu 
 lic:   
1****** PrimeSim HSPICE -- W-2024.09 linux64 (Aug 27 2024 9174816) ******
 ******  
 * lab2

 ****** circuit name directory
 circuit number to circuit name directory
   number circuitname                     definition         multiplier
        0 main circuit
        1 x0.                             inv                1.00 
        2 x1.                             inv                1.00 
        3 x2.                             inv                1.00 
 ******  
 * lab2

 ****** mos   model parameters tnom=  25.000 temp=  25.000 ******
 Model file: ../22nm_HP.pm
 Model line:            4
 Model Name: nmos  
 BSIM4 Model (Level 54)
    MOBMOD = 0
    BINUNIT = 1
    PARAMCHK = 1
    CAPMOD = 2
    DIOMOD = 1
    RDSMOD = 0
    TRNQSMOD = 0
    ACNQSMOD = 0
    RBODYMOD = 1
    RGATEMOD = 1
    PERMOD = 1
    GEOMOD = 1
    RGEOMOD = 0
    FNOIMOD = 1
    TNOIMOD = 0
    IGCMOD = 1
    IGBMOD = 1
    STIMOD = 0
    VERSION =      4 
    TOXREF = 1.05e-09 
    TOXE = 1.05e-09 
    TOXP =  8e-10 
    TOXM = 1.05e-09 
    DTOX = 2.5e-10 
    EPSROX =    3.9 
    CDSC =      0 
    CDSCB =      0 
    CDSCD =      0 
    CIT =      0 
    NFACTOR =    2.3 
    XJ = 7.2e-09 
    VSAT = 2.5e+05 
    A0 =      1 
    AGS =      0 
    A1 =      0 
    A2 =      1 
    AT = 3.3e+04 
    KETA =   0.04 
    NSUB =  6e+16 
    NDEP = 5.5e+18 
    NSD =  2e+20 
    NGATE =  1e+23 
    GAMMA1 =      0 
    GAMMA2 =      0 
    VBX =      0 
    VBM =     -3 
    XT = 1.55e-07 
    K1 =    0.4 
    KT1 =  -0.11 
    KT1L =      0 
    KT2 =  0.022 
    K2 =      0 
    K3 =      0 
    K3B =      0 
    LPE0 =      0 
    LPEB =      0 
    DVTP0 =  1e-11 
    DVTP1 =    0.1 
    W0 = 2.5e-06 
    DVT0 =      1 
    DVT1 =      2 
    DVT2 =      0 
    DVT0W =      0 
    DVT1W =      0 
    DVT2W =      0 
    DROUT =    0.5 
    DSUB =    0.1 
    VTH0 = 0.5031 
    EU =   1.67 
    UA =  6e-10 
    UA1 = 4.31e-09 
    UB = 1.2e-18 
    UB1 = 7.61e-18 
    UC =      0 
    UC1 = -5.6e-11 
    U0 =   0.04 
    UTE =   -1.5 
    VOFF =  -0.13 
    VOFFL =      0 
    MINV =   0.05 
    FPROUT =    0.2 
    PDITS =   0.01 
    PDITSD =   0.23 
    PDITSL = 2.3e+06 
    DELTA =   0.01 
    RDSW =    145 
    RDSWMIN =      0 
    RDWMIN =      0 
    RSWMIN =      0 
    RDW =     75 
    RSW =     75 
    PRWG =      0 
    PRWB =      0 
    PRT =      0 
    ETA0 =  0.004 
    ETAB =      0 
    PCLM =   0.02 
    PDIBLC1 =  0.001 
    PDIBLC2 =  0.001 
    PDIBLCB = -0.005 
    PSCBE1 = 8.14e+08 
    PSCBE2 =  1e-07 
    PVAG =  1e-20 
    WR =      1 
    DWG =      0 
    DWB =      0 
    XW =      0 
    XWREF =      0 
    XL = -9e-09 
    XLREF = -9e-09 
    B0 =      0 
    B1 =      0 
    ALPHA0 =  0.074 
    ALPHA1 =  0.005 
    AGIDL = 0.0002 
    BGIDL = 2.1e+09 
    CGIDL = 0.0002 
    PHIN =      0 
    EGIDL =    0.8 
    AIGC = 0.0213 
    BIGC = 0.002589 
    CIGC =  0.002 
    AIGSD = 0.0213 
    BIGSD = 0.002589 
    CIGSD =  0.002 
    AIGBACC =  0.012 
    BIGBACC = 0.0028 
    CIGBACC =  0.002 
    AIGBINV =  0.014 
    BIGBINV =  0.004 
    CIGBINV =  0.004 
    NIGC =      1 
    NIGBINV =      3 
    NIGBACC =      1 
    NTOX =      1 
    EIGBINV =    1.1 
    PIGCD =      1 
    POXEDGE =      1 
    XRCRG1 =     12 
    TNOIA =    1.5 
    TNOIB =    3.5 
    NTNOI =      1 
    XRCRG2 =      5 
    BETA0 =     30 
    IJTHDFWD =   0.01 
    IJTHSFWD =   0.01 
    IJTHDREV =  0.001 
    IJTHSREV =  0.001 
    XJBVD =      1 
    XJBVS =      1 
    BVD =     10 
    BVS =     10 
    VFB =  -0.55 
    GBMIN =  1e-10 
    RBDB =     15 
    RBPB =      5 
    RBSB =     15 
    RBPS =     15 
    RBPD =     15 
    CGSL = 2.653e-10 
    CGDL = 2.653e-10 
    CKAPPAS =   0.03 
    CKAPPAD =   0.03 
    CF = 1.307e-10 
    CLC =  1e-07 
    CLE =    0.6 
    DWC =  5e-09 
    DLC =  2e-09 
    DLCIG =  2e-09 
    DWJ =      0 
    VFBCV =     -1 
    ACDE =      1 
    MOIN =     15 
    NOFF =    0.9 
    VOFFCV =   0.02 
    DMCG =      0 
    DMCI =      0 
    DMDG =      0 
    DMCGT =      0 
    XGW =      0 
    XGL =      0 
    RSHG =    0.4 
    NGCON =      1 
    TCJ =  0.001 
    TPB =  0.005 
    TCJSW =  0.001 
    TPBSW =  0.005 
    TCJSWG =  0.001 
    TPBSWG =  0.005 
    SK0 =      0 
    SK1 =      0 
    SK2 =      0 
    SL =  2e-06 
    SW =  2e-06 
    K =      0 
    TNOM =  300.1 
    CGSO = 6.5e-11 
    CGDO = 6.5e-11 
    CGBO = 2.56e-11 
    XPART =      0 
    RSH =      5 
    JSS = 0.0001 
    JSWS =  1e-11 
    JSWGS =  1e-10 
    PBS =      1 
    MJS =    0.5 
    PBSWS =      1 
    MJSWS =   0.33 
    CJS = 0.0005 
    CJSWS =  5e-10 
    NJS =      1 
    PBSWGS =      1 
    MJSWGS =   0.33 
    CJSWGS =  3e-10 
    XTIS =      3 
    JSD = 0.0001 
    JSWD =  1e-11 
    JSWGD =  1e-10 
    PBD =      1 
    MJD =    0.5 
    PBSWD =      1 
    MJSWD =   0.33 
    CJD = 0.0005 
    CJSWD =  5e-10 
    NJD =      1 
    PBSWGD =      1 
    MJSWGD =   0.33 
    CJSWGD =  5e-10 
    XTID =      3 
    LMLT =      1 
    WMLT =      1 
    LINT =  2e-09 
    LL =      0 
    LLC =      0 
    LLN =      1 
    LW =      0 
    LWC =      0 
    LWN =      1 
    LWL =      0 
    LWLC =      0 
    LMIN =      0 
    LMAX =      1 
    WINT =  5e-09 
    WL =      0 
    WLC =      0 
    WLN =      1 
    WW =      0 
    WWC =      0 
    WWN =      1 
    WWL =      0 
    WWLC =      0 
    WMIN =      0 
    WMAX =      1 
    NOIA = 6.25e+41 
    NOIB = 3.125e+26 
    NOIC = 8.75e+09 
    EM = 4.1e+07 
    EF =      1 
    AF =      1 
    KF =      0 
    TRS =      0 
    TRD =      0 
 Model file: ../22nm_HP.pm
 Model line:           74
 Model Name: pmos  
 BSIM4 Model (Level 54)
    MOBMOD = 0
    BINUNIT = 1
    PARAMCHK = 1
    CAPMOD = 2
    DIOMOD = 1
    RDSMOD = 0
    TRNQSMOD = 0
    ACNQSMOD = 0
    RBODYMOD = 1
    RGATEMOD = 1
    PERMOD = 1
    GEOMOD = 1
    RGEOMOD = 0
    FNOIMOD = 1
    TNOIMOD = 0
    IGCMOD = 1
    IGBMOD = 1
    STIMOD = 0
    VERSION =      4 
    TOXREF = 1.1e-09 
    TOXE = 1.1e-09 
    TOXP =  8e-10 
    TOXM = 1.1e-09 
    DTOX =  3e-10 
    EPSROX =    3.9 
    CDSC =      0 
    CDSCB =      0 
    CDSCD =      0 
    CIT =      0 
    NFACTOR =    2.1 
    XJ = 7.2e-09 
    VSAT = 2.1e+05 
    A0 =      1 
    AGS =  1e-20 
    A1 =      0 
    A2 =      1 
    AT = 3.3e+04 
    KETA = -0.047 
    NSUB =  6e+16 
    NDEP = 4.4e+18 
    NSD =  2e+20 
    NGATE =  1e+23 
    GAMMA1 =      0 
    GAMMA2 =      0 
    VBX =      0 
    VBM =     -3 
    XT = 1.55e-07 
    K1 =    0.4 
    KT1 =  -0.11 
    KT1L =      0 
    KT2 =  0.022 
    K2 =  -0.01 
    K3 =      0 
    K3B =      0 
    LPE0 =      0 
    LPEB =      0 
    DVTP0 =  1e-11 
    DVTP1 =   0.05 
    W0 = 2.5e-06 
    DVT0 =      1 
    DVT1 =      2 
    DVT2 = -0.032 
    DVT0W =      0 
    DVT1W =      0 
    DVT2W =      0 
    DROUT =   0.56 
    DSUB =    0.1 
    VTH0 = -0.4606 
    EU =      1 
    UA =  2e-09 
    UA1 = 4.31e-09 
    UB =  5e-19 
    UB1 = 7.61e-18 
    UC =      0 
    UC1 = -5.6e-11 
    U0 = 0.0095 
    UTE =   -1.5 
    VOFF = -0.126 
    VOFFL =      0 
    MINV =   0.05 
    FPROUT =    0.2 
    PDITS =   0.08 
    PDITSD =   0.23 
    PDITSL = 2.3e+06 
    DELTA =   0.01 
    RDSW =    145 
    RDSWMIN =      0 
    RDWMIN =      0 
    RSWMIN =      0 
    RDW =   72.5 
    RSW =   72.5 
    PRWG =      0 
    PRWB =      0 
    PRT =      0 
    ETA0 = 0.0038 
    ETAB =      0 
    PCLM =   0.12 
    PDIBLC1 =  0.001 
    PDIBLC2 =  0.001 
    PDIBLCB = 3.4e-08 
    PSCBE1 = 8.14e+08 
    PSCBE2 = 9.58e-07 
    PVAG =  1e-20 
    WR =      1 
    DWG =      0 
    DWB =      0 
    XW =      0 
    XWREF =      0 
    XL = -9e-09 
    XLREF = -9e-09 
    B0 =      0 
    B1 =      0 
    ALPHA0 =  0.074 
    ALPHA1 =  0.005 
    AGIDL = 0.0002 
    BGIDL = 2.1e+09 
    CGIDL = 0.0002 
    PHIN =      0 
    EGIDL =    0.8 
    AIGC = 0.0213 
    BIGC = 0.002589 
    CIGC =  0.002 
    AIGSD = 0.0213 
    BIGSD = 0.002589 
    CIGSD =  0.002 
    AIGBACC =  0.012 
    BIGBACC = 0.0028 
    CIGBACC =  0.002 
    AIGBINV =  0.014 
    BIGBINV =  0.004 
    CIGBINV =  0.004 
    NIGC =      1 
    NIGBINV =      3 
    NIGBACC =      1 
    NTOX =      1 
    EIGBINV =    1.1 
    PIGCD =      1 
    POXEDGE =      1 
    XRCRG1 =     12 
    TNOIA =    1.5 
    TNOIB =    3.5 
    NTNOI =      1 
    XRCRG2 =      5 
    BETA0 =     30 
    IJTHDFWD =   0.01 
    IJTHSFWD =   0.01 
    IJTHDREV =  0.001 
    IJTHSREV =  0.001 
    XJBVD =      1 
    XJBVS =      1 
    BVD =     10 
    BVS =     10 
    VFB =   0.55 
    GBMIN =  1e-10 
    RBDB =     15 
    RBPB =      5 
    RBSB =     15 
    RBPS =     15 
    RBPD =     15 
    CGSL = 2.653e-10 
    CGDL = 2.653e-10 
    CKAPPAS =   0.03 
    CKAPPAD =   0.03 
    CF = 1.297e-10 
    CLC =  1e-07 
    CLE =    0.6 
    DWC =  5e-09 
    DLC =  2e-09 
    DLCIG =  2e-09 
    DWJ =      0 
    VFBCV =     -1 
    ACDE =      1 
    MOIN =     15 
    NOFF =    0.9 
    VOFFCV =   0.02 
    DMCG =      0 
    DMCI =      0 
    DMDG =      0 
    DMCGT =      0 
    XGW =      0 
    XGL =      0 
    RSHG =    0.4 
    NGCON =      1 
    TCJ =  0.001 
    TPB =  0.005 
    TCJSW =  0.001 
    TPBSW =  0.005 
    TCJSWG =  0.001 
    TPBSWG =  0.005 
    SK0 =      0 
    SK1 =      0 
    SK2 =      0 
    SL =  2e-06 
    SW =  2e-06 
    K =      0 
    TNOM =  300.1 
    CGSO = 6.5e-11 
    CGDO = 6.5e-11 
    CGBO = 2.56e-11 
    XPART =      0 
    RSH =      5 
    JSS = 0.0001 
    JSWS =  1e-11 
    JSWGS =  1e-10 
    PBS =      1 
    MJS =    0.5 
    PBSWS =      1 
    MJSWS =   0.33 
    CJS = 0.0005 
    CJSWS =  5e-10 
    NJS =      1 
    PBSWGS =      1 
    MJSWGS =   0.33 
    CJSWGS =  3e-10 
    XTIS =      3 
    JSD = 0.0001 
    JSWD =  1e-11 
    JSWGD =  1e-10 
    PBD =      1 
    MJD =    0.5 
    PBSWD =      1 
    MJSWD =   0.33 
    CJD = 0.0005 
    CJSWD =  5e-10 
    NJD =      1 
    PBSWGD =      1 
    MJSWGD =   0.33 
    CJSWGD =  5e-10 
    XTID =      3 
    LMLT =      1 
    WMLT =      1 
    LINT =  2e-09 
    LL =      0 
    LLC =      0 
    LLN =      1 
    LW =      0 
    LWC =      0 
    LWN =      1 
    LWL =      0 
    LWLC =      0 
    LMIN =      0 
    LMAX =      1 
    WINT =  5e-09 
    WL =      0 
    WLC =      0 
    WLN =      1 
    WW =      0 
    WWC =      0 
    WWN =      1 
    WWL =      0 
    WWLC =      0 
    WMIN =      0 
    WMAX =      1 
    NOIA = 6.188e+40 
    NOIB = 1.5e+25 
    NOIC = 8.75e+09 
    EM = 4.1e+07 
    EF =      1 
    AF =      1 
    KF =      0 
    TRS =      0 
    TRD =      0 
  **warning** (nmos:x0.mn (inv.sub:7)) Warning:  Acde = 0.245565 may be too small in BSIM4 model with w=4.4e-08 l=2.2e-08.
  
      
 **info** set option symb=1 internally to help for convergence.
 *****************************************************************
 ******  option summary
 ******
 runlvl  = 3         bypass  = 2.0000    
  Opening plot unit= 15
 file=results_3/results.pa0

 **info** dc convergence successful at Newton-Raphson method 

   *** parameter gnd_vss =    0.000E+00 ***

 ******
 * lab2

 ****** transient analysis tnom=  25.000 temp=  25.000 ******
 tplh=   3.0396p  targ= 164.3306p   trig= 161.2910p
 tphl=   2.8510p  targ= 173.1239p   trig= 170.2730p
 t=  17.7132p  targ= 193.9112p   trig= 176.1979p
 f=  56.4549g
 tphl_6=  17.1060p
 tplh_6=  18.2378p

          ***** job concluded
 **info** dc convergence successful at Newton-Raphson method 

   *** parameter gnd_vss =    1.000E-02 ***

 ******
 * lab2

 ****** transient analysis tnom=  25.000 temp=  25.000 ******
 tplh=   3.0662p  targ= 168.9079p   trig= 165.8417p
 tphl=   3.0117p  targ= 177.9914p   trig= 174.9797p
 t=  18.2270p  targ= 199.2659p   trig= 181.0389p
 f=  54.8637g
 tphl_6=  18.0701p
 tplh_6=  18.3975p

          ***** job concluded
 **info** dc convergence successful at Newton-Raphson method 

   *** parameter gnd_vss =    2.000E-02 ***

 ******
 * lab2

 ****** transient analysis tnom=  25.000 temp=  25.000 ******
 tplh=   3.1134p  targ= 173.5137p   trig= 170.4003p
 tphl=   3.1656p  targ= 182.8813p   trig= 179.7157p
 t=  18.7670p  targ= 204.7326p   trig= 185.9656p
 f=  53.2850g
 tphl_6=  18.9936p
 tplh_6=  18.6804p

          ***** job concluded
 **info** dc convergence successful at Newton-Raphson method 

   *** parameter gnd_vss =    3.000E-02 ***

 ******
 * lab2

 ****** transient analysis tnom=  25.000 temp=  25.000 ******
 tplh=   3.0605p  targ= 178.6308p   trig= 175.5703p
 tphl=   3.3335p  targ= 188.4019p   trig= 185.0684p
 t=  19.3519p  targ= 210.8405p   trig= 191.4886p
 f=  51.6744g
 tphl_6=  20.0012p
 tplh_6=  18.3630p

          ***** job concluded
 **info** dc convergence successful at Newton-Raphson method 

   *** parameter gnd_vss =    4.000E-02 ***

 ******
 * lab2

 ****** transient analysis tnom=  25.000 temp=  25.000 ******
 tplh=   3.1060p  targ= 183.8952p   trig= 180.7891p
 tphl=   3.5311p  targ= 194.0820p   trig= 190.5509p
 t=  19.8994p  targ= 217.1156p   trig= 197.2162p
 f=  50.2527g
 tphl_6=  21.1865p
 tplh_6=  18.6362p

          ***** job concluded
 **info** dc convergence successful at Newton-Raphson method 

   *** parameter gnd_vss =    5.000E-02 ***

 ******
 * lab2

 ****** transient analysis tnom=  25.000 temp=  25.000 ******
 tplh=   3.1281p  targ= 189.8049p   trig= 186.6768p
 tphl=   3.7204p  targ= 200.3907p   trig= 196.6703p
 t=  20.5281p  targ= 224.0752p   trig= 203.5471p
 f=  48.7137g
 tphl_6=  22.3224p
 tplh_6=  18.7686p

          ***** job concluded
 **info** dc convergence successful at Newton-Raphson method 

   *** parameter gnd_vss =    6.000E-02 ***

 ******
 * lab2

 ****** transient analysis tnom=  25.000 temp=  25.000 ******
 tplh=   3.1397p  targ= 195.8964p   trig= 192.7567p
 tphl=   3.9210p  targ= 206.8326p   trig= 202.9116p
 t=  21.2051p  targ= 231.2166p   trig= 210.0115p
 f=  47.1585g
 tphl_6=  23.5260p
 tplh_6=  18.8384p

          ***** job concluded
 **info** dc convergence successful at Newton-Raphson method 

   *** parameter gnd_vss =    7.000E-02 ***

 ******
 * lab2

 ****** transient analysis tnom=  25.000 temp=  25.000 ******
 tplh=   3.1841p  targ= 202.7695p   trig= 199.5854p
 tphl=   4.1451p  targ= 214.2199p   trig= 210.0747p
 t=  21.9787p  targ= 239.3984p   trig= 217.4197p
 f=  45.4987g
 tphl_6=  24.8708p
 tplh_6=  19.1045p

          ***** job concluded
 **info** dc convergence successful at Newton-Raphson method 

   *** parameter gnd_vss =    8.000E-02 ***

 ******
 * lab2

 ****** transient analysis tnom=  25.000 temp=  25.000 ******
 tplh=   3.1560p  targ= 209.8311p   trig= 206.6751p
 tphl=   4.4129p  targ= 221.8382p   trig= 217.4253p
 t=  22.7246p  targ= 247.7127p   trig= 224.9881p
 f=  44.0052g
 tphl_6=  26.4772p
 tplh_6=  18.9359p

          ***** job concluded
 **info** dc convergence successful at Newton-Raphson method 

   *** parameter gnd_vss =    9.000E-02 ***

 ******
 * lab2

 ****** transient analysis tnom=  25.000 temp=  25.000 ******
 tplh=   3.1662p  targ= 217.6653p   trig= 214.4991p
 tphl=   4.6804p  targ= 230.2342p   trig= 225.5538p
 t=  23.6024p  targ= 256.9876p   trig= 233.3852p
 f=  42.3685g
 tphl_6=  28.0823p
 tplh_6=  18.9969p

          ***** job concluded
 **info** dc convergence successful at Newton-Raphson method 

   *** parameter gnd_vss =    1.000E-01 ***

 ******
 * lab2

 ****** transient analysis tnom=  25.000 temp=  25.000 ******
 tplh=   3.1936p  targ= 225.9405p   trig= 222.7468p
 tphl=   4.9513p  targ= 239.0872p   trig= 234.1360p
 t=  24.5130p  targ= 266.7886p   trig= 242.2755p
 f=  40.7946g
 tphl_6=  29.7077p
 tplh_6=  19.1619p

          ***** job concluded
 **info** dc convergence successful at Newton-Raphson method 

   *** parameter gnd_vss =    1.100E-01 ***

 ******
 * lab2

 ****** transient analysis tnom=  25.000 temp=  25.000 ******
 tplh=   3.2697p  targ= 235.1825p   trig= 231.9128p
 tphl=   5.2563p  targ= 248.9562p   trig= 243.6999p
 t=  25.5304p  targ= 277.7479p   trig= 252.2175p
 f=  39.1690g
 tphl_6=  31.5377p
 tplh_6=  19.6180p

          ***** job concluded
 **info** dc convergence successful at Newton-Raphson method 

   *** parameter gnd_vss =    1.200E-01 ***

 ******
 * lab2

 ****** transient analysis tnom=  25.000 temp=  25.000 ******
 tplh=   3.3054p  targ= 245.2873p   trig= 241.9819p
 tphl=   5.5751p  targ= 259.7260p   trig= 254.1509p
 t=  26.6319p  targ= 289.7041p   trig= 263.0723p
 f=  37.5490g
 tphl_6=  33.4505p
 tplh_6=  19.8326p

          ***** job concluded
 **info** dc convergence successful at Newton-Raphson method 

   *** parameter gnd_vss =    1.300E-01 ***

 ******
 * lab2

 ****** transient analysis tnom=  25.000 temp=  25.000 ******
 tplh=   3.3645p  targ= 256.3662p   trig= 253.0017p
 tphl=   5.9470p  targ= 271.5949p   trig= 265.6480p
 t=  27.7933p  targ= 302.7271p   trig= 274.9339p
 f=  35.9799g
 tphl_6=  35.6818p
 tplh_6=  20.1871p

          ***** job concluded
 **info** dc convergence successful at Newton-Raphson method 

   *** parameter gnd_vss =    1.400E-01 ***

 ******
 * lab2

 ****** transient analysis tnom=  25.000 temp=  25.000 ******
 tplh=   3.3243p  targ= 268.6262p   trig= 265.3019p
 tphl=   6.3261p  targ= 284.6793p   trig= 278.3532p
 t=  29.1943p  targ= 317.2821p   trig= 288.0878p
 f=  34.2533g
 tphl_6=  37.9566p
 tplh_6=  19.9459p

          ***** job concluded
 **info** dc convergence successful at Newton-Raphson method 

   *** parameter gnd_vss =    1.500E-01 ***

 ******
 * lab2

 ****** transient analysis tnom=  25.000 temp=  25.000 ******
 tplh=   3.3631p  targ= 281.7274p   trig= 278.3644p
 tphl=   6.7575p  targ= 298.6630p   trig= 291.9055p
 t=  30.6900p  targ= 332.8024p   trig= 302.1124p
 f=  32.5839g
 tphl_6=  40.5449p
 tplh_6=  20.1784p

          ***** job concluded
 **info** dc convergence successful at Newton-Raphson method 

   *** parameter gnd_vss =    1.600E-01 ***

 ******
 * lab2

 ****** transient analysis tnom=  25.000 temp=  25.000 ******
 tplh=   3.5236p  targ= 296.6151p   trig= 293.0915p
 tphl=   7.2897p  targ= 314.6052p   trig= 307.3156p
 t=  32.2517p  targ= 350.3616p   trig= 318.1099p
 f=  31.0061g
 tphl_6=  43.7381p
 tplh_6=  21.1415p

          ***** job concluded
 **info** dc convergence successful at Newton-Raphson method 

   *** parameter gnd_vss =    1.700E-01 ***

 ******
 * lab2

 ****** transient analysis tnom=  25.000 temp=  25.000 ******
 tplh=   3.5482p  targ= 312.9471p   trig= 309.3989p
 tphl=   7.8541p  targ= 332.0823p   trig= 324.2282p
 t=  34.0486p  targ= 369.6087p   trig= 335.5601p
 f=  29.3698g
 tphl_6=  47.1248p
 tplh_6=  21.2893p

          ***** job concluded
 **info** dc convergence successful at Newton-Raphson method 

   *** parameter gnd_vss =    1.800E-01 ***

 ******
 * lab2

 ****** transient analysis tnom=  25.000 temp=  25.000 ******
 tplh=   3.6265p  targ= 331.7098p   trig= 328.0833p
 tphl=   8.4515p  targ= 352.1337p   trig= 343.6822p
 t=  36.0728p  targ= 391.7919p   trig= 355.7192p
 f=  27.7217g
 tphl_6=  50.7092p
 tplh_6=  21.7589p

          ***** job concluded
 **info** dc convergence successful at Newton-Raphson method 

   *** parameter gnd_vss =    1.900E-01 ***

 ******
 * lab2

 ****** transient analysis tnom=  25.000 temp=  25.000 ******
 tplh=   3.6273p  targ= 352.5502p   trig= 348.9229p
 tphl=   9.1380p  targ= 374.4612p   trig= 365.3233p
 t=  38.3120p  targ= 416.4418p   trig= 378.1298p
 f=  26.1015g
 tphl_6=  54.8277p
 tplh_6=  21.7637p

          ***** job concluded
 **info** dc convergence successful at Newton-Raphson method 

   *** parameter gnd_vss =    2.000E-01 ***

 ******
 * lab2

 ****** transient analysis tnom=  25.000 temp=  25.000 ******
 tplh=   3.6160p  targ= 375.4793p   trig= 371.8633p
 tphl=   9.9143p  targ= 399.0370p   trig= 389.1227p
 t=  40.8960p  targ= 443.6320p   trig= 402.7360p
 f=  24.4523g
 tphl_6=  59.4860p
 tplh_6=  21.6962p

          ***** job concluded
 **info** dc convergence successful at Newton-Raphson method 

   *** parameter gnd_vss =    2.100E-01 ***

 ******
 * lab2

 ****** transient analysis tnom=  25.000 temp=  25.000 ******
 tplh=   3.7395p  targ= 402.2574p   trig= 398.5179p
 tphl=  10.8500p  targ= 427.6607p   trig= 416.8108p
 t=  43.6627p  targ= 475.0716p   trig= 431.4089p
 f=  22.9028g
 tphl_6=  65.0998p
 tplh_6=  22.4367p

          ***** job concluded
 **info** dc convergence successful at Newton-Raphson method 

   *** parameter gnd_vss =    2.200E-01 ***

 ******
 * lab2

 ****** transient analysis tnom=  25.000 temp=  25.000 ******
 tplh=   3.7633p  targ= 431.2559p   trig= 427.4926p
 tphl=  11.8738p  targ= 458.7934p   trig= 446.9196p
 t=  46.9383p  targ= 509.4981p   trig= 462.5598p
 f=  21.3046g
 tphl_6=  71.2426p
 tplh_6=  22.5797p

          ***** job concluded
 **info** dc convergence successful at Newton-Raphson method 

   *** parameter gnd_vss =    2.300E-01 ***

 ******
 * lab2

 ****** transient analysis tnom=  25.000 temp=  25.000 ******
 tplh=   3.7182p  targ= 465.0052p   trig= 461.2870p
 tphl=  13.1392p  targ= 495.0077p   trig= 481.8685p
 t=  50.6085p  targ= 549.3778p   trig= 498.7692p
 f=  19.7595g
 tphl_6=  78.8355p
 tplh_6=  22.3095p

          ***** job concluded
 **info** dc convergence successful at Newton-Raphson method 

   *** parameter gnd_vss =    2.400E-01 ***

 ******
 * lab2

 ****** transient analysis tnom=  25.000 temp=  25.000 ******
 tplh=   3.8443p  targ= 504.5637p   trig= 500.7195p
 tphl=  14.4668p  targ= 537.4190p   trig= 522.9522p
 t=  54.8976p  targ= 596.1434p   trig= 541.2458p
 f=  18.2157g
 tphl_6=  86.8007p
 tplh_6=  23.0655p

          ***** job concluded
 **info** dc convergence successful at Newton-Raphson method 

   *** parameter gnd_vss =    2.500E-01 ***

 ******
 * lab2

 ****** transient analysis tnom=  25.000 temp=  25.000 ******
 tplh=   3.7289p  targ= 549.1483p   trig= 545.4194p
 tphl=  16.2305p  targ= 585.3479p   trig= 569.1174p
 t=  59.9731p  targ= 648.9762p   trig= 589.0031p
 f=  16.6741g
 tphl_6=  97.3828p
 tplh_6=  22.3732p

          ***** job concluded
 **info** dc convergence successful at Newton-Raphson method 

   *** parameter gnd_vss =    2.600E-01 ***

 ******
 * lab2

 ****** transient analysis tnom=  25.000 temp=  25.000 ******
 tplh=   3.7014p  targ= 602.0407p   trig= 598.3392p
 tphl=  18.1146p  targ= 642.1209p   trig= 624.0063p
 t=  65.7395p  targ= 711.6402p   trig= 645.9007p
 f=  15.2116g
 tphl_6= 108.6874p
 tplh_6=  22.2085p

          ***** job concluded
 **info** dc convergence successful at Newton-Raphson method 

   *** parameter gnd_vss =    2.700E-01 ***

 ******
 * lab2

 ****** transient analysis tnom=  25.000 temp=  25.000 ******
 tplh=   3.6437p  targ= 663.2006p   trig= 659.5568p
 tphl=  20.3980p  targ= 707.7316p   trig= 687.3336p
 t=  72.4312p  targ= 783.8076p   trig= 711.3764p
 f=  13.8062g
 tphl_6= 122.3880p
 tplh_6=  21.8625p

          ***** job concluded
 **info** dc convergence successful at Newton-Raphson method 

   *** parameter gnd_vss =    2.800E-01 ***

 ******
 * lab2

 ****** transient analysis tnom=  25.000 temp=  25.000 ******
 tplh=   3.4470p  targ= 733.5582p   trig= 730.1112p
 tphl=  23.1616p  targ= 783.4553p   trig= 760.2937p
 t=  80.1160p  targ= 867.0292p   trig= 786.9132p
 f=  12.4819g
 tphl_6= 138.9695p
 tplh_6=  20.6823p

          ***** job concluded
 **info** dc convergence successful at Newton-Raphson method 

   *** parameter gnd_vss =    2.900E-01 ***

 ******
 * lab2

 ****** transient analysis tnom=  25.000 temp=  25.000 ******
 tplh=   3.2119p  targ= 818.0568p   trig= 814.8449p
 tphl=  26.4777p  targ= 874.2421p   trig= 847.7643p
 t=  89.2992p  targ= 966.8507p   trig= 877.5514p
 f=  11.1983g
 tphl_6= 158.8665p
 tplh_6=  19.2712p

          ***** job concluded
 **info** dc convergence successful at Newton-Raphson method 

   *** parameter gnd_vss =    3.000E-01 ***

 ******
 * lab2

 ****** transient analysis tnom=  25.000 temp=  25.000 ******
 tplh=   2.8744p  targ= 917.2997p   trig= 914.4253p
 tphl=  30.8626p  targ= 981.5503p   trig= 950.6877p
 t= 100.1747p  targ=   1.0845n   trig= 984.3243p
 f=   9.9826g
 tphl_6= 185.1756p
 tplh_6=  17.2464p

          ***** job concluded
 **info** dc convergence successful at Newton-Raphson method 

   *** parameter gnd_vss =    3.100E-01 ***

 ******
 * lab2

 ****** transient analysis tnom=  25.000 temp=  25.000 ******
 tplh=   2.2704p  targ=   1.0362n   trig=   1.0339n
 tphl=  35.4489p  targ=   1.1095n   trig=   1.0741n
 t= 113.5264p  targ=   1.2253n   trig=   1.1118n
 f=   8.8085g
 tphl_6= 212.6936p
 tplh_6=  13.6227p

          ***** job concluded
 **info** dc convergence successful at Newton-Raphson method 

   *** parameter gnd_vss =    3.200E-01 ***

 ******
 * lab2

 ****** transient analysis tnom=  25.000 temp=  25.000 ******
 tplh=   1.4600p  targ=   1.1799n   trig=   1.1785n
 tphl=  41.4922p  targ=   1.2645n   trig=   1.2230n
 t= 129.1063p  targ=   1.3951n   trig=   1.2660n
 f=   7.7456g
 tphl_6= 248.9532p
 tplh_6=   8.7602p

          ***** job concluded
 **info** dc convergence successful at Newton-Raphson method 

   *** parameter gnd_vss =    3.300E-01 ***

 ******
 * lab2

 ****** transient analysis tnom=  25.000 temp=  25.000 ******
 tplh= 358.3973f  targ=   1.3531n   trig=   1.3527n
 tphl=  49.4193p  targ=   1.4516n   trig=   1.4022n
 t= 148.4743p  targ=   1.6000n   trig=   1.4515n
 f=   6.7352g
 tphl_6= 296.5157p
 tplh_6=   2.1504p

          ***** job concluded
 **info** dc convergence successful at Newton-Raphson method 

   *** parameter gnd_vss =    3.400E-01 ***

 ******
 * lab2

 ****** transient analysis tnom=  25.000 temp=  25.000 ******
 tplh=  -1.7498p  targ=   1.5611n   trig=   1.5628n
 tphl=  58.3781p  targ=   1.6765n   trig=   1.6181n
 t= 171.1349p  targ=   1.8459n   trig=   1.6748n
 f=   5.8433g
 tphl_6= 350.2685p
 tplh_6= -10.4989p

          ***** job concluded
 **info** dc convergence successful at Newton-Raphson method 

   *** parameter gnd_vss =    3.500E-01 ***

 ******
 * lab2

 ****** transient analysis tnom=  25.000 temp=  25.000 ******
 tplh=  -4.6196p  targ=   1.8113n   trig=   1.8159n
 tphl=  71.1443p  targ=   1.9484n   trig=   1.8773n
 t= 198.2532p  targ=   2.1416n   trig=   1.9434n
 f=   5.0441g
 tphl_6= 426.8660p
 tplh_6= -27.7173p

          ***** job concluded
 **info** dc convergence successful at Newton-Raphson method 

   *** parameter gnd_vss =    3.600E-01 ***

 ******
 * lab2

 ****** transient analysis tnom=  25.000 temp=  25.000 ******
 tplh=  -9.1051p  targ=   2.1188n   trig=   2.1279n
 tphl=  86.5139p  targ=   2.2828n   trig=   2.1962n
 t= 232.2286p  targ=   2.5059n   trig=   2.2737n
 f=   4.3061g
 tphl_6= 519.0835p
 tplh_6= -54.6307p

          ***** job concluded
 **info** dc convergence successful at Newton-Raphson method 

   *** parameter gnd_vss =    3.700E-01 ***

 ******
 * lab2

 ****** transient analysis tnom=  25.000 temp=  25.000 ******
 tplh= -17.6152p  targ=   2.5068n   trig=   2.5244n
 tphl= 109.9062p  targ=   2.7088n   trig=   2.5989n
 t= 276.3662p  targ=   2.9676n   trig=   2.6912n
 f=   3.6184g
 tphl_6= 659.4370p
 tplh_6=-105.6914p

          ***** job concluded
 **info** dc convergence successful at Newton-Raphson method 

   *** parameter gnd_vss =    3.800E-01 ***

 ******
 * lab2

 ****** transient analysis tnom=  25.000 temp=  25.000 ******
 tplh= -26.5413p  targ=   2.9663n   trig=   2.9928n
  **warning** (ring_3.sp:28) .MEASURE tphl never reached the trigger value, Measurement failed! 
  **warning** (ring_3.sp:28) .MEASURE tphl never reached the target value, Measurement failed! 
   tphl= failed                          trig= not found
   t= failed                          trig= not found
 f=   failed
 tphl_6=   failed
 tplh_6=-159.2478p

          ***** job concluded
 **info** dc convergence successful at Newton-Raphson method 

   *** parameter gnd_vss =    3.900E-01 ***

 ******
 * lab2

 ****** transient analysis tnom=  25.000 temp=  25.000 ******
   tplh= failed                          trig= not found
   tphl= failed                          trig= not found
   t= failed                          trig= not found
 f=   failed
 tphl_6=   failed
 tplh_6=   failed

          ***** job concluded
 **info** dc convergence successful at Newton-Raphson method 

   *** parameter gnd_vss =    4.000E-01 ***

 ******
 * lab2

 ****** transient analysis tnom=  25.000 temp=  25.000 ******
   tplh= failed                          trig= not found
   tphl= failed                          trig= not found
   t= failed                          trig= not found
 f=   failed
 tphl_6=   failed
 tplh_6=   failed

          ***** job concluded
 ******  
 * lab2

 ****** job statistics summary tnom=  25.000 temp=  25.000 ******
  
 ******  Machine Information  ******
 CPU:
 model name	: AMD EPYC 7F72 24-Core Processor
 cpu MHz	: 3193.742
 CPU(s)		: 48
  
 OS:
 Linux version 4.18.0-553.153.1.el8_10.x86_64 (mockbuild@x86-64-03.build.eng.rdu2.redhat.com) (gcc version 8.5.0 20210514 (Red Hat 8.5.0-28) (GCC)) #1 SMP Tue Aug 4 21:00:26 EDT 2026

 System loadavg : 1.46 1.14 0.75 1/1213 326522


  ******  PrimeSim HSPICE Threads Information  ******

  Command Line Threads Count :     1
  Available CPU Count        :    48
  Actual Threads Count       :     1


  ******  Circuit Statistics  ******
  # nodes       =      30 # elements   =       8
  # resistors   =       0 # capacitors =       0 # inductors   =       0
  # mutual_inds =       0 # vccs       =       0 # vcvs        =       0
  # cccs        =       0 # ccvs       =       0 # volt_srcs   =       2
  # curr_srcs   =       0 # diodes     =       0 # bjts        =       0
  # jfets       =       0 # mosfets    =       6 # U elements  =       0
  # T elements  =       0 # W elements =       0 # B elements  =       0
  # S elements  =       0 # P elements =       0 # va device   =       0
  # vector_srcs =       0 # N elements =       0


  ******  Runtime Statistics (seconds)  ******

  analysis           time    # points   tot. iter  conv.iter
  op point           0.16           1         304
  transient          3.28    12300041      178573       63234 rev=         2
  readin             0.32
  errchk             0.00
  setup              0.12
  output             0.00


           peak memory used        522.77 megabytes
           total cpu time            3.92 seconds
           total elapsed time        4.40 seconds
           job started at     18:49:41 09/08/2026
           job ended   at     18:49:46 09/08/2026
           job total runtime         4.40 seconds


 lic: Release hspice token(s) 
 lic: total license checkout elapse time:        0.47(s)
