 ****** PrimeSim HSPICE -- W-2024.09 linux64 (Aug 27 2024 9174816) ******
  Copyright (c) 1986 - 2026 by Synopsys, Inc. All Rights Reserved.
  This software and the associated documentation are proprietary
  to Synopsys, Inc. This software may only be used in accordance
  with the terms and conditions of a written license agreement with
  Synopsys, Inc. All other use, reproduction, or distribution of
  this software is strictly prohibited.
  Input File: ac_pmos_vdd.sp                                                    
  Command line options: /opt/coe/synopsys/hspice/W-2024.09/hspice/linux64/hspice -i ac_pmos_vdd.sp -o results_pmos_vdd/
  Start time: Tue Sep 15 16:45:01 2026
 lic:  
 lic: FLEXlm: SDK_14.2 
 lic: USER:   venky.k              HOSTNAME: n01-zeus.olympus.ece.tamu.edu 
 lic: HOSTID: ffffffffa8c00b02     PID:      524294 
 lic: Using FLEXlm license file: 
 lic: 27070@coe-vtls3.engr.tamu.edu 
 lic: Checkout 1 hspice 
 lic: License/Maintenance for hspice will expire on 12-jan-2027/2025.06 
 lic: 1(in_use)/100(total) FLOATING license(s) on SERVER 27070@coe-vtls3.engr.tamu.edu 
 lic:   
  **warning** (ac_pmos_vdd.sp:27) No analysis statements before the .probe statement, command ignored
 ac output variable type=ii     not allowed for transient or dc

 ac output variable type=ir     not allowed for transient or dc

 ac output variable type=vi     not allowed for transient or dc

 ac output variable type=vr     not allowed for transient or dc

1****** PrimeSim HSPICE -- W-2024.09 linux64 (Aug 27 2024 9174816) ******
 ******  
 * lab3

 ****** mos   model parameters tnom=  25.000 temp=  25.000 ******
 Model file: ../22nm_HP.pm
 Model line:           74
 Model Name: pmos  
 BSIM4 Model (Level 54)
    MOBMOD = 0
    BINUNIT = 1
    PARAMCHK = 1
    CAPMOD = 2
    DIOMOD = 1
    RDSMOD = 0
    TRNQSMOD = 0
    ACNQSMOD = 0
    RBODYMOD = 1
    RGATEMOD = 1
    PERMOD = 1
    GEOMOD = 1
    RGEOMOD = 0
    FNOIMOD = 1
    TNOIMOD = 0
    IGCMOD = 1
    IGBMOD = 1
    STIMOD = 0
    VERSION =      4 
    TOXREF = 1.1e-09 
    TOXE = 1.1e-09 
    TOXP =  8e-10 
    TOXM = 1.1e-09 
    DTOX =  3e-10 
    EPSROX =    3.9 
    CDSC =      0 
    CDSCB =      0 
    CDSCD =      0 
    CIT =      0 
    NFACTOR =    2.1 
    XJ = 7.2e-09 
    VSAT = 2.1e+05 
    A0 =      1 
    AGS =  1e-20 
    A1 =      0 
    A2 =      1 
    AT = 3.3e+04 
    KETA = -0.047 
    NSUB =  6e+16 
    NDEP = 4.4e+18 
    NSD =  2e+20 
    NGATE =  1e+23 
    GAMMA1 =      0 
    GAMMA2 =      0 
    VBX =      0 
    VBM =     -3 
    XT = 1.55e-07 
    K1 =    0.4 
    KT1 =  -0.11 
    KT1L =      0 
    KT2 =  0.022 
    K2 =  -0.01 
    K3 =      0 
    K3B =      0 
    LPE0 =      0 
    LPEB =      0 
    DVTP0 =  1e-11 
    DVTP1 =   0.05 
    W0 = 2.5e-06 
    DVT0 =      1 
    DVT1 =      2 
    DVT2 = -0.032 
    DVT0W =      0 
    DVT1W =      0 
    DVT2W =      0 
    DROUT =   0.56 
    DSUB =    0.1 
    VTH0 = -0.4606 
    EU =      1 
    UA =  2e-09 
    UA1 = 4.31e-09 
    UB =  5e-19 
    UB1 = 7.61e-18 
    UC =      0 
    UC1 = -5.6e-11 
    U0 = 0.0095 
    UTE =   -1.5 
    VOFF = -0.126 
    VOFFL =      0 
    MINV =   0.05 
    FPROUT =    0.2 
    PDITS =   0.08 
    PDITSD =   0.23 
    PDITSL = 2.3e+06 
    DELTA =   0.01 
    RDSW =    145 
    RDSWMIN =      0 
    RDWMIN =      0 
    RSWMIN =      0 
    RDW =   72.5 
    RSW =   72.5 
    PRWG =      0 
    PRWB =      0 
    PRT =      0 
    ETA0 = 0.0038 
    ETAB =      0 
    PCLM =   0.12 
    PDIBLC1 =  0.001 
    PDIBLC2 =  0.001 
    PDIBLCB = 3.4e-08 
    PSCBE1 = 8.14e+08 
    PSCBE2 = 9.58e-07 
    PVAG =  1e-20 
    WR =      1 
    DWG =      0 
    DWB =      0 
    XW =      0 
    XWREF =      0 
    XL = -9e-09 
    XLREF = -9e-09 
    B0 =      0 
    B1 =      0 
    ALPHA0 =  0.074 
    ALPHA1 =  0.005 
    AGIDL = 0.0002 
    BGIDL = 2.1e+09 
    CGIDL = 0.0002 
    PHIN =      0 
    EGIDL =    0.8 
    AIGC = 0.0213 
    BIGC = 0.002589 
    CIGC =  0.002 
    AIGSD = 0.0213 
    BIGSD = 0.002589 
    CIGSD =  0.002 
    AIGBACC =  0.012 
    BIGBACC = 0.0028 
    CIGBACC =  0.002 
    AIGBINV =  0.014 
    BIGBINV =  0.004 
    CIGBINV =  0.004 
    NIGC =      1 
    NIGBINV =      3 
    NIGBACC =      1 
    NTOX =      1 
    EIGBINV =    1.1 
    PIGCD =      1 
    POXEDGE =      1 
    XRCRG1 =     12 
    TNOIA =    1.5 
    TNOIB =    3.5 
    NTNOI =      1 
    XRCRG2 =      5 
    BETA0 =     30 
    IJTHDFWD =   0.01 
    IJTHSFWD =   0.01 
    IJTHDREV =  0.001 
    IJTHSREV =  0.001 
    XJBVD =      1 
    XJBVS =      1 
    BVD =     10 
    BVS =     10 
    VFB =   0.55 
    GBMIN =  1e-10 
    RBDB =     15 
    RBPB =      5 
    RBSB =     15 
    RBPS =     15 
    RBPD =     15 
    CGSL = 2.653e-10 
    CGDL = 2.653e-10 
    CKAPPAS =   0.03 
    CKAPPAD =   0.03 
    CF = 1.297e-10 
    CLC =  1e-07 
    CLE =    0.6 
    DWC =  5e-09 
    DLC =  2e-09 
    DLCIG =  2e-09 
    DWJ =      0 
    VFBCV =     -1 
    ACDE =      1 
    MOIN =     15 
    NOFF =    0.9 
    VOFFCV =   0.02 
    DMCG =      0 
    DMCI =      0 
    DMDG =      0 
    DMCGT =      0 
    XGW =      0 
    XGL =      0 
    RSHG =    0.4 
    NGCON =      1 
    TCJ =  0.001 
    TPB =  0.005 
    TCJSW =  0.001 
    TPBSW =  0.005 
    TCJSWG =  0.001 
    TPBSWG =  0.005 
    SK0 =      0 
    SK1 =      0 
    SK2 =      0 
    SL =  2e-06 
    SW =  2e-06 
    K =      0 
    TNOM =  300.1 
    CGSO = 6.5e-11 
    CGDO = 6.5e-11 
    CGBO = 2.56e-11 
    XPART =      0 
    RSH =      5 
    JSS = 0.0001 
    JSWS =  1e-11 
    JSWGS =  1e-10 
    PBS =      1 
    MJS =    0.5 
    PBSWS =      1 
    MJSWS =   0.33 
    CJS = 0.0005 
    CJSWS =  5e-10 
    NJS =      1 
    PBSWGS =      1 
    MJSWGS =   0.33 
    CJSWGS =  3e-10 
    XTIS =      3 
    JSD = 0.0001 
    JSWD =  1e-11 
    JSWGD =  1e-10 
    PBD =      1 
    MJD =    0.5 
    PBSWD =      1 
    MJSWD =   0.33 
    CJD = 0.0005 
    CJSWD =  5e-10 
    NJD =      1 
    PBSWGD =      1 
    MJSWGD =   0.33 
    CJSWGD =  5e-10 
    XTID =      3 
    LMLT =      1 
    WMLT =      1 
    LINT =  2e-09 
    LL =      0 
    LLC =      0 
    LLN =      1 
    LW =      0 
    LWC =      0 
    LWN =      1 
    LWL =      0 
    LWLC =      0 
    LMIN =      0 
    LMAX =      1 
    WINT =  5e-09 
    WL =      0 
    WLC =      0 
    WLN =      1 
    WW =      0 
    WWC =      0 
    WWN =      1 
    WWL =      0 
    WWLC =      0 
    WMIN =      0 
    WMAX =      1 
    NOIA = 6.188e+40 
    NOIB = 1.5e+25 
    NOIC = 8.75e+09 
    EM = 4.1e+07 
    EF =      1 
    AF =      1 
    KF =      0 
    TRS =      0 
    TRD =      0 
  **warning** (pmos:mp1 (ac_pmos_vdd.sp:19)) Warning:  Acde = 0.259654 may be too small in BSIM4 model with w=5.72e-08 l=2.2e-08.
  

  **warning** the following singular supplies were terminated to 1 meg resistor 
          supply       node1            node2
(ac_pmos_vdd.sp:16)vss                     0:vss              defined in subckt 0                     0:0                defined in subckt 0               
      
 *****************************************************************
 ******  option summary
 ******
 runlvl  = 3         bypass  = 2.0000    
 **info** dc convergence successful at Newton-Raphson method 
 ******  
 * lab3

 ****** operating point information tnom=  25.000 temp=  25.000 ******
 ****** operating point status is all       simulation time is     0.     
    node    =voltage      node    =voltage      node    =voltage

 +0:gate    = 200.0000m 0:vdd     = 800.0000m 0:vss     =   0.     


 **** voltage sources

 subckt                                   
 element  0:vdd      0:vgate    0:vss     
  volts    800.0000m  200.0000m    0.     
  current  -11.9056f   11.8794f    0.     
  power      9.5245f   -2.3759f    0.     

     total voltage source power dissipation=    7.1486f       watts




 **** mosfets


 subckt             
 element  0:mp1     
 model    0:pmos    
 region   Linear    
  id         0.     
  ibs     -2.199e-26
  ibd     -3.054e-26
  vgs     -600.0000m
  vds        0.     
  vbs        0.     
  vth     -440.4299m
  vdsat   -174.5730m
  vod     -159.5701m
  beta     470.6730u
  gam eff  400.0000m
  gm         0.     
  gds        0.     
  gmb        0.     
  cdtot     60.4457a
  cgtot     55.1045a
  cstot     69.6296a
  cbtot     77.4553a
  cgs       31.7898a
  cgd       22.2452a



 **info** dc convergence successful at Newton-Raphson method 
 ******  
 * lab3

 ****** ac analysis tnom=  25.000 temp=  25.000 ******
 ****** operating point status is all       simulation time is     0.     

   *** source        0:vgate =    2.000E-01 ***

    node    =voltage      node    =voltage      node    =voltage

 +0:gate    = 200.0000m 0:vdd     = 800.0000m 0:vss     =   0.     


 **** voltage sources

 subckt                                   
 element  0:vdd      0:vgate    0:vss     
  volts    800.0000m  200.0000m    0.     
  current  -11.9056f   11.8794f    0.     
  power      9.5245f   -2.3759f    0.     

     total voltage source power dissipation=    7.1486f       watts




 **** mosfets


 subckt             
 element  0:mp1     
 model    0:pmos    
 region   Linear    
  id         0.     
  ibs     -2.199e-26
  ibd     -3.054e-26
  vgs     -600.0000m
  vds        0.     
  vbs        0.     
  vth     -440.4299m
  vdsat   -174.5730m
  vod     -159.5701m
  beta     470.6730u
  gam eff  400.0000m
  gm         0.     
  gds        0.     
  gmb        0.     
  cdtot     60.4457a
  cgtot     55.1045a
  cstot     69.6296a
  cbtot     77.4553a
  cgs       31.7898a
  cgd       22.2452a



  **warning** no probe statements specified, thus .ac# omitted

          ***** job concluded
 **info** dc convergence successful at Newton-Raphson method 
 ******  
 * lab3

 ****** ac analysis tnom=  25.000 temp=  25.000 ******
 ****** operating point status is all       simulation time is     0.     

   *** source        0:vgate =    4.000E-01 ***

    node    =voltage      node    =voltage      node    =voltage

 +0:gate    = 400.0000m 0:vdd     = 800.0000m 0:vss     =   0.     


 **** voltage sources

 subckt                                   
 element  0:vdd      0:vgate    0:vss     
  volts    800.0000m  400.0000m    0.     
  current -624.8107a  555.1115a    0.     
  power    499.8485a -222.0446a    0.     

     total voltage source power dissipation=  277.8039a       watts




 **** mosfets


 subckt             
 element  0:mp1     
 model    0:pmos    
 region   Subth     
  id         0.     
  ibs     -1.110e-27
  ibd     -1.543e-27
  vgs     -400.0000m
  vds        0.     
  vbs        0.     
  vth     -440.4299m
  vdsat    -62.3455m
  vod       40.4299m
  beta     431.6902u
  gam eff  400.0000m
  gm         0.     
  gds        0.     
  gmb        0.     
  cdtot     50.0435a
  cgtot     45.6902a
  cstot     67.1888a
  cbtot     77.1694a
  cgs       21.9023a
  cgd       21.0354a



  **warning** no probe statements specified, thus .ac# omitted

          ***** job concluded
 **info** dc convergence successful at Newton-Raphson method 
 ******  
 * lab3

 ****** ac analysis tnom=  25.000 temp=  25.000 ******
 ****** operating point status is all       simulation time is     0.     

   *** source        0:vgate =    6.000E-01 ***

    node    =voltage      node    =voltage      node    =voltage

 +0:gate    = 600.0000m 0:vdd     = 800.0000m 0:vss     =   0.     


 **** voltage sources

 subckt                                   
 element  0:vdd      0:vgate    0:vss     
  volts    800.0000m  600.0000m    0.     
  current  -70.4025a  222.0446a    0.     
  power     56.3220a -133.2268a    0.     

     total voltage source power dissipation=  -76.9048a       watts




 **** mosfets


 subckt             
 element  0:mp1     
 model    0:pmos    
 region   Subth     
  id         0.     
  ibs     -1.110e-28
  ibd     -1.532e-28
  vgs     -200.0000m
  vds        0.     
  vbs        0.     
  vth     -440.4299m
  vdsat    -46.7829m
  vod      240.4299m
  beta     423.0977u
  gam eff  400.0000m
  gm         0.     
  gds        0.     
  gmb        0.     
  cdtot     48.5938a
  cgtot     43.2485a
  cstot     65.7196a
  cbtot     77.3586a
  cgs       20.0519a
  cgd       20.0499a



  **warning** no probe statements specified, thus .ac# omitted

          ***** job concluded
 **info** dc convergence successful at Newton-Raphson method 
 ******  
 * lab3

 ****** ac analysis tnom=  25.000 temp=  25.000 ******
 ****** operating point status is all       simulation time is     0.     

   *** source        0:vgate =    8.000E-01 ***

    node    =voltage      node    =voltage      node    =voltage

 +0:gate    = 800.0000m 0:vdd     = 800.0000m 0:vss     =   0.     


 **** voltage sources

 subckt                                   
 element  0:vdd      0:vgate    0:vss     
  volts    800.0000m  800.0000m    0.     
  current   99.0180a    0.         0.     
  power    -79.2144a    0.         0.     

     total voltage source power dissipation=  -79.2144a       watts




 **** mosfets


 subckt             
 element  0:mp1     
 model    0:pmos    
 region   Cutoff    
  id         0.     
  ibs      1.110e-28
  ibd      1.543e-28
  vgs        0.     
  vds        0.     
  vbs        0.     
  vth     -440.4299m
  vdsat    -46.6047m
  vod      440.4299m
  beta     422.9306u
  gam eff  400.0000m
  gm         0.     
  gds        0.     
  gmb        0.     
  cdtot     45.7847a
  cgtot     37.9895a
  cstot     62.9104a
  cbtot     77.7168a
  cgs       17.2420a
  cgd       17.2419a



  **warning** no probe statements specified, thus .ac# omitted

          ***** job concluded
 ******  
 * lab3

 ****** job statistics summary tnom=  25.000 temp=  25.000 ******
  
 ******  Machine Information  ******
 CPU:
 model name	: AMD EPYC 7F72 24-Core Processor
 cpu MHz	: 3193.859
 CPU(s)		: 48
  
 OS:
 Linux version 4.18.0-553.153.1.el8_10.x86_64 (mockbuild@x86-64-03.build.eng.rdu2.redhat.com) (gcc version 8.5.0 20210514 (Red Hat 8.5.0-28) (GCC)) #1 SMP Tue Aug 4 21:00:26 EDT 2026

 System loadavg : 0.24 0.31 0.26 2/1160 524297


  ******  PrimeSim HSPICE Threads Information  ******

  Command Line Threads Count :     1
  Available CPU Count        :    48
  Actual Threads Count       :     1


  ******  Circuit Statistics  ******
  # nodes       =       8 # elements   =       5
  # resistors   =       1 # capacitors =       0 # inductors   =       0
  # mutual_inds =       0 # vccs       =       0 # vcvs        =       0
  # cccs        =       0 # ccvs       =       0 # volt_srcs   =       3
  # curr_srcs   =       0 # diodes     =       0 # bjts        =       0
  # jfets       =       0 # mosfets    =       1 # U elements  =       0
  # T elements  =       0 # W elements =       0 # B elements  =       0
  # S elements  =       0 # P elements =       0 # va device   =       0
  # vector_srcs =       0 # N elements =       0


  ******  Runtime Statistics (seconds)  ******

  analysis           time    # points   tot. iter  conv.iter
  op point           0.11           1          19
  ac analysis        0.00         724         724
  readin             0.17
  errchk             0.00
  setup              0.00
  output             0.00


           peak memory used        521.66 megabytes
           total cpu time            0.23 seconds
           total elapsed time        0.70 seconds
           job started at     16:45:01 09/15/2026
           job ended   at     16:45:02 09/15/2026
           job total runtime         0.70 seconds


 lic: Release hspice token(s) 
 lic: total license checkout elapse time:        0.47(s)
