 ****** PrimeSim HSPICE -- W-2024.09 linux64 (Aug 27 2024 9174816) ******
  Copyright (c) 1986 - 2026 by Synopsys, Inc. All Rights Reserved.
  This software and the associated documentation are proprietary
  to Synopsys, Inc. This software may only be used in accordance
  with the terms and conditions of a written license agreement with
  Synopsys, Inc. All other use, reproduction, or distribution of
  this software is strictly prohibited.
  Input File: ring.sp                                                           
  Command line options: /opt/coe/synopsys/hspice/W-2024.09/hspice/linux64/hspice -i ring.sp -o results_21/results
  Start time: Tue Sep  8 18:49:59 2026
 lic:  
 lic: FLEXlm: SDK_14.2 
 lic: USER:   venky.k              HOSTNAME: n02-hera.olympus.ece.tamu.edu 
 lic: HOSTID: ffffffffa8c00c02     PID:      326591 
 lic: Using FLEXlm license file: 
 lic: 27070@coe-vtls3.engr.tamu.edu 
 lic: Checkout 1 hspice 
 lic: License/Maintenance for hspice will expire on 12-jan-2027/2025.06 
 lic: 1(in_use)/100(total) FLOATING license(s) on SERVER 27070@coe-vtls3.engr.tamu.edu 
 lic:   
1****** PrimeSim HSPICE -- W-2024.09 linux64 (Aug 27 2024 9174816) ******
 ******  
 * lab2

 ****** circuit name directory
 circuit number to circuit name directory
   number circuitname                     definition         multiplier
        0 main circuit
        1 x0.                             inv                1.00 
        2 x1.                             inv                1.00 
        3 x2.                             inv                1.00 
        4 x3.                             inv                1.00 
        5 x4.                             inv                1.00 
        6 x5.                             inv                1.00 
        7 x6.                             inv                1.00 
        8 x7.                             inv                1.00 
        9 x8.                             inv                1.00 
       10 x9.                             inv                1.00 
       11 x10.                            inv                1.00 
       12 x11.                            inv                1.00 
       13 x12.                            inv                1.00 
       14 x13.                            inv                1.00 
       15 x14.                            inv                1.00 
       16 x15.                            inv                1.00 
       17 x16.                            inv                1.00 
       18 x17.                            inv                1.00 
       19 x18.                            inv                1.00 
       20 x19.                            inv                1.00 
       21 x20.                            inv                1.00 
 ******  
 * lab2

 ****** mos   model parameters tnom=  25.000 temp=  25.000 ******
 Model file: ../22nm_HP.pm
 Model line:            4
 Model Name: nmos  
 BSIM4 Model (Level 54)
    MOBMOD = 0
    BINUNIT = 1
    PARAMCHK = 1
    CAPMOD = 2
    DIOMOD = 1
    RDSMOD = 0
    TRNQSMOD = 0
    ACNQSMOD = 0
    RBODYMOD = 1
    RGATEMOD = 1
    PERMOD = 1
    GEOMOD = 1
    RGEOMOD = 0
    FNOIMOD = 1
    TNOIMOD = 0
    IGCMOD = 1
    IGBMOD = 1
    STIMOD = 0
    VERSION =      4 
    TOXREF = 1.05e-09 
    TOXE = 1.05e-09 
    TOXP =  8e-10 
    TOXM = 1.05e-09 
    DTOX = 2.5e-10 
    EPSROX =    3.9 
    CDSC =      0 
    CDSCB =      0 
    CDSCD =      0 
    CIT =      0 
    NFACTOR =    2.3 
    XJ = 7.2e-09 
    VSAT = 2.5e+05 
    A0 =      1 
    AGS =      0 
    A1 =      0 
    A2 =      1 
    AT = 3.3e+04 
    KETA =   0.04 
    NSUB =  6e+16 
    NDEP = 5.5e+18 
    NSD =  2e+20 
    NGATE =  1e+23 
    GAMMA1 =      0 
    GAMMA2 =      0 
    VBX =      0 
    VBM =     -3 
    XT = 1.55e-07 
    K1 =    0.4 
    KT1 =  -0.11 
    KT1L =      0 
    KT2 =  0.022 
    K2 =      0 
    K3 =      0 
    K3B =      0 
    LPE0 =      0 
    LPEB =      0 
    DVTP0 =  1e-11 
    DVTP1 =    0.1 
    W0 = 2.5e-06 
    DVT0 =      1 
    DVT1 =      2 
    DVT2 =      0 
    DVT0W =      0 
    DVT1W =      0 
    DVT2W =      0 
    DROUT =    0.5 
    DSUB =    0.1 
    VTH0 = 0.5031 
    EU =   1.67 
    UA =  6e-10 
    UA1 = 4.31e-09 
    UB = 1.2e-18 
    UB1 = 7.61e-18 
    UC =      0 
    UC1 = -5.6e-11 
    U0 =   0.04 
    UTE =   -1.5 
    VOFF =  -0.13 
    VOFFL =      0 
    MINV =   0.05 
    FPROUT =    0.2 
    PDITS =   0.01 
    PDITSD =   0.23 
    PDITSL = 2.3e+06 
    DELTA =   0.01 
    RDSW =    145 
    RDSWMIN =      0 
    RDWMIN =      0 
    RSWMIN =      0 
    RDW =     75 
    RSW =     75 
    PRWG =      0 
    PRWB =      0 
    PRT =      0 
    ETA0 =  0.004 
    ETAB =      0 
    PCLM =   0.02 
    PDIBLC1 =  0.001 
    PDIBLC2 =  0.001 
    PDIBLCB = -0.005 
    PSCBE1 = 8.14e+08 
    PSCBE2 =  1e-07 
    PVAG =  1e-20 
    WR =      1 
    DWG =      0 
    DWB =      0 
    XW =      0 
    XWREF =      0 
    XL = -9e-09 
    XLREF = -9e-09 
    B0 =      0 
    B1 =      0 
    ALPHA0 =  0.074 
    ALPHA1 =  0.005 
    AGIDL = 0.0002 
    BGIDL = 2.1e+09 
    CGIDL = 0.0002 
    PHIN =      0 
    EGIDL =    0.8 
    AIGC = 0.0213 
    BIGC = 0.002589 
    CIGC =  0.002 
    AIGSD = 0.0213 
    BIGSD = 0.002589 
    CIGSD =  0.002 
    AIGBACC =  0.012 
    BIGBACC = 0.0028 
    CIGBACC =  0.002 
    AIGBINV =  0.014 
    BIGBINV =  0.004 
    CIGBINV =  0.004 
    NIGC =      1 
    NIGBINV =      3 
    NIGBACC =      1 
    NTOX =      1 
    EIGBINV =    1.1 
    PIGCD =      1 
    POXEDGE =      1 
    XRCRG1 =     12 
    TNOIA =    1.5 
    TNOIB =    3.5 
    NTNOI =      1 
    XRCRG2 =      5 
    BETA0 =     30 
    IJTHDFWD =   0.01 
    IJTHSFWD =   0.01 
    IJTHDREV =  0.001 
    IJTHSREV =  0.001 
    XJBVD =      1 
    XJBVS =      1 
    BVD =     10 
    BVS =     10 
    VFB =  -0.55 
    GBMIN =  1e-10 
    RBDB =     15 
    RBPB =      5 
    RBSB =     15 
    RBPS =     15 
    RBPD =     15 
    CGSL = 2.653e-10 
    CGDL = 2.653e-10 
    CKAPPAS =   0.03 
    CKAPPAD =   0.03 
    CF = 1.307e-10 
    CLC =  1e-07 
    CLE =    0.6 
    DWC =  5e-09 
    DLC =  2e-09 
    DLCIG =  2e-09 
    DWJ =      0 
    VFBCV =     -1 
    ACDE =      1 
    MOIN =     15 
    NOFF =    0.9 
    VOFFCV =   0.02 
    DMCG =      0 
    DMCI =      0 
    DMDG =      0 
    DMCGT =      0 
    XGW =      0 
    XGL =      0 
    RSHG =    0.4 
    NGCON =      1 
    TCJ =  0.001 
    TPB =  0.005 
    TCJSW =  0.001 
    TPBSW =  0.005 
    TCJSWG =  0.001 
    TPBSWG =  0.005 
    SK0 =      0 
    SK1 =      0 
    SK2 =      0 
    SL =  2e-06 
    SW =  2e-06 
    K =      0 
    TNOM =  300.1 
    CGSO = 6.5e-11 
    CGDO = 6.5e-11 
    CGBO = 2.56e-11 
    XPART =      0 
    RSH =      5 
    JSS = 0.0001 
    JSWS =  1e-11 
    JSWGS =  1e-10 
    PBS =      1 
    MJS =    0.5 
    PBSWS =      1 
    MJSWS =   0.33 
    CJS = 0.0005 
    CJSWS =  5e-10 
    NJS =      1 
    PBSWGS =      1 
    MJSWGS =   0.33 
    CJSWGS =  3e-10 
    XTIS =      3 
    JSD = 0.0001 
    JSWD =  1e-11 
    JSWGD =  1e-10 
    PBD =      1 
    MJD =    0.5 
    PBSWD =      1 
    MJSWD =   0.33 
    CJD = 0.0005 
    CJSWD =  5e-10 
    NJD =      1 
    PBSWGD =      1 
    MJSWGD =   0.33 
    CJSWGD =  5e-10 
    XTID =      3 
    LMLT =      1 
    WMLT =      1 
    LINT =  2e-09 
    LL =      0 
    LLC =      0 
    LLN =      1 
    LW =      0 
    LWC =      0 
    LWN =      1 
    LWL =      0 
    LWLC =      0 
    LMIN =      0 
    LMAX =      1 
    WINT =  5e-09 
    WL =      0 
    WLC =      0 
    WLN =      1 
    WW =      0 
    WWC =      0 
    WWN =      1 
    WWL =      0 
    WWLC =      0 
    WMIN =      0 
    WMAX =      1 
    NOIA = 6.25e+41 
    NOIB = 3.125e+26 
    NOIC = 8.75e+09 
    EM = 4.1e+07 
    EF =      1 
    AF =      1 
    KF =      0 
    TRS =      0 
    TRD =      0 
 Model file: ../22nm_HP.pm
 Model line:           74
 Model Name: pmos  
 BSIM4 Model (Level 54)
    MOBMOD = 0
    BINUNIT = 1
    PARAMCHK = 1
    CAPMOD = 2
    DIOMOD = 1
    RDSMOD = 0
    TRNQSMOD = 0
    ACNQSMOD = 0
    RBODYMOD = 1
    RGATEMOD = 1
    PERMOD = 1
    GEOMOD = 1
    RGEOMOD = 0
    FNOIMOD = 1
    TNOIMOD = 0
    IGCMOD = 1
    IGBMOD = 1
    STIMOD = 0
    VERSION =      4 
    TOXREF = 1.1e-09 
    TOXE = 1.1e-09 
    TOXP =  8e-10 
    TOXM = 1.1e-09 
    DTOX =  3e-10 
    EPSROX =    3.9 
    CDSC =      0 
    CDSCB =      0 
    CDSCD =      0 
    CIT =      0 
    NFACTOR =    2.1 
    XJ = 7.2e-09 
    VSAT = 2.1e+05 
    A0 =      1 
    AGS =  1e-20 
    A1 =      0 
    A2 =      1 
    AT = 3.3e+04 
    KETA = -0.047 
    NSUB =  6e+16 
    NDEP = 4.4e+18 
    NSD =  2e+20 
    NGATE =  1e+23 
    GAMMA1 =      0 
    GAMMA2 =      0 
    VBX =      0 
    VBM =     -3 
    XT = 1.55e-07 
    K1 =    0.4 
    KT1 =  -0.11 
    KT1L =      0 
    KT2 =  0.022 
    K2 =  -0.01 
    K3 =      0 
    K3B =      0 
    LPE0 =      0 
    LPEB =      0 
    DVTP0 =  1e-11 
    DVTP1 =   0.05 
    W0 = 2.5e-06 
    DVT0 =      1 
    DVT1 =      2 
    DVT2 = -0.032 
    DVT0W =      0 
    DVT1W =      0 
    DVT2W =      0 
    DROUT =   0.56 
    DSUB =    0.1 
    VTH0 = -0.4606 
    EU =      1 
    UA =  2e-09 
    UA1 = 4.31e-09 
    UB =  5e-19 
    UB1 = 7.61e-18 
    UC =      0 
    UC1 = -5.6e-11 
    U0 = 0.0095 
    UTE =   -1.5 
    VOFF = -0.126 
    VOFFL =      0 
    MINV =   0.05 
    FPROUT =    0.2 
    PDITS =   0.08 
    PDITSD =   0.23 
    PDITSL = 2.3e+06 
    DELTA =   0.01 
    RDSW =    145 
    RDSWMIN =      0 
    RDWMIN =      0 
    RSWMIN =      0 
    RDW =   72.5 
    RSW =   72.5 
    PRWG =      0 
    PRWB =      0 
    PRT =      0 
    ETA0 = 0.0038 
    ETAB =      0 
    PCLM =   0.12 
    PDIBLC1 =  0.001 
    PDIBLC2 =  0.001 
    PDIBLCB = 3.4e-08 
    PSCBE1 = 8.14e+08 
    PSCBE2 = 9.58e-07 
    PVAG =  1e-20 
    WR =      1 
    DWG =      0 
    DWB =      0 
    XW =      0 
    XWREF =      0 
    XL = -9e-09 
    XLREF = -9e-09 
    B0 =      0 
    B1 =      0 
    ALPHA0 =  0.074 
    ALPHA1 =  0.005 
    AGIDL = 0.0002 
    BGIDL = 2.1e+09 
    CGIDL = 0.0002 
    PHIN =      0 
    EGIDL =    0.8 
    AIGC = 0.0213 
    BIGC = 0.002589 
    CIGC =  0.002 
    AIGSD = 0.0213 
    BIGSD = 0.002589 
    CIGSD =  0.002 
    AIGBACC =  0.012 
    BIGBACC = 0.0028 
    CIGBACC =  0.002 
    AIGBINV =  0.014 
    BIGBINV =  0.004 
    CIGBINV =  0.004 
    NIGC =      1 
    NIGBINV =      3 
    NIGBACC =      1 
    NTOX =      1 
    EIGBINV =    1.1 
    PIGCD =      1 
    POXEDGE =      1 
    XRCRG1 =     12 
    TNOIA =    1.5 
    TNOIB =    3.5 
    NTNOI =      1 
    XRCRG2 =      5 
    BETA0 =     30 
    IJTHDFWD =   0.01 
    IJTHSFWD =   0.01 
    IJTHDREV =  0.001 
    IJTHSREV =  0.001 
    XJBVD =      1 
    XJBVS =      1 
    BVD =     10 
    BVS =     10 
    VFB =   0.55 
    GBMIN =  1e-10 
    RBDB =     15 
    RBPB =      5 
    RBSB =     15 
    RBPS =     15 
    RBPD =     15 
    CGSL = 2.653e-10 
    CGDL = 2.653e-10 
    CKAPPAS =   0.03 
    CKAPPAD =   0.03 
    CF = 1.297e-10 
    CLC =  1e-07 
    CLE =    0.6 
    DWC =  5e-09 
    DLC =  2e-09 
    DLCIG =  2e-09 
    DWJ =      0 
    VFBCV =     -1 
    ACDE =      1 
    MOIN =     15 
    NOFF =    0.9 
    VOFFCV =   0.02 
    DMCG =      0 
    DMCI =      0 
    DMDG =      0 
    DMCGT =      0 
    XGW =      0 
    XGL =      0 
    RSHG =    0.4 
    NGCON =      1 
    TCJ =  0.001 
    TPB =  0.005 
    TCJSW =  0.001 
    TPBSW =  0.005 
    TCJSWG =  0.001 
    TPBSWG =  0.005 
    SK0 =      0 
    SK1 =      0 
    SK2 =      0 
    SL =  2e-06 
    SW =  2e-06 
    K =      0 
    TNOM =  300.1 
    CGSO = 6.5e-11 
    CGDO = 6.5e-11 
    CGBO = 2.56e-11 
    XPART =      0 
    RSH =      5 
    JSS = 0.0001 
    JSWS =  1e-11 
    JSWGS =  1e-10 
    PBS =      1 
    MJS =    0.5 
    PBSWS =      1 
    MJSWS =   0.33 
    CJS = 0.0005 
    CJSWS =  5e-10 
    NJS =      1 
    PBSWGS =      1 
    MJSWGS =   0.33 
    CJSWGS =  3e-10 
    XTIS =      3 
    JSD = 0.0001 
    JSWD =  1e-11 
    JSWGD =  1e-10 
    PBD =      1 
    MJD =    0.5 
    PBSWD =      1 
    MJSWD =   0.33 
    CJD = 0.0005 
    CJSWD =  5e-10 
    NJD =      1 
    PBSWGD =      1 
    MJSWGD =   0.33 
    CJSWGD =  5e-10 
    XTID =      3 
    LMLT =      1 
    WMLT =      1 
    LINT =  2e-09 
    LL =      0 
    LLC =      0 
    LLN =      1 
    LW =      0 
    LWC =      0 
    LWN =      1 
    LWL =      0 
    LWLC =      0 
    LMIN =      0 
    LMAX =      1 
    WINT =  5e-09 
    WL =      0 
    WLC =      0 
    WLN =      1 
    WW =      0 
    WWC =      0 
    WWN =      1 
    WWL =      0 
    WWLC =      0 
    WMIN =      0 
    WMAX =      1 
    NOIA = 6.188e+40 
    NOIB = 1.5e+25 
    NOIC = 8.75e+09 
    EM = 4.1e+07 
    EF =      1 
    AF =      1 
    KF =      0 
    TRS =      0 
    TRD =      0 
  **warning** (nmos:x0.mn (inv.sub:7)) Warning:  Acde = 0.245565 may be too small in BSIM4 model with w=4.4e-08 l=2.2e-08.
  
      
 **info** set option symb=1 internally to help for convergence.
 *****************************************************************
 ******  option summary
 ******
 runlvl  = 3         bypass  = 2.0000    
  Opening plot unit= 15
 file=results_21/results.pa0

 **info** dc convergence successful at Newton-Raphson method 

   *** parameter gnd_vss =    0.000E+00 ***

 ******
 * lab2

 ****** transient analysis tnom=  25.000 temp=  25.000 ******
 tplh=   3.1812p  targ=   1.1880n   trig=   1.1848n
 tphl=   3.1341p  targ=   1.2537n   trig=   1.2506n
 t= 131.5328p  targ=   1.4447n   trig=   1.3132n
 f=   7.6027g
 tphl_42= 131.6317p
 tplh_42= 133.6099p

          ***** job concluded
 **info** dc convergence successful at Newton-Raphson method 

   *** parameter gnd_vss =    1.000E-02 ***

 ******
 * lab2

 ****** transient analysis tnom=  25.000 temp=  25.000 ******
 tplh=   3.1806p  targ=   1.2196n   trig=   1.2164n
 tphl=   3.2578p  targ=   1.2871n   trig=   1.2838n
 t= 135.0478p  targ=   1.4831n   trig=   1.3481n
 f=   7.4048g
 tphl_42= 136.8264p
 tplh_42= 133.5832p

          ***** job concluded
 **info** dc convergence successful at Newton-Raphson method 

   *** parameter gnd_vss =    2.000E-02 ***

 ******
 * lab2

 ****** transient analysis tnom=  25.000 temp=  25.000 ******
 tplh=   3.1443p  targ=   1.2519n   trig=   1.2488n
 tphl=   3.4483p  targ=   1.3213n   trig=   1.3179n
 t= 138.6417p  targ=   1.5225n   trig=   1.3838n
 f=   7.2128g
 tphl_42= 144.8304p
 tplh_42= 132.0625p

          ***** job concluded
 **info** dc convergence successful at Newton-Raphson method 

   *** parameter gnd_vss =    3.000E-02 ***

 ******
 * lab2

 ****** transient analysis tnom=  25.000 temp=  25.000 ******
 tplh=   3.2348p  targ=   1.2887n   trig=   1.2855n
 tphl=   3.5961p  targ=   1.3602n   trig=   1.3566n
 t= 142.7462p  targ=   1.5673n   trig=   1.4246n
 f=   7.0054g
 tphl_42= 151.0356p
 tplh_42= 135.8627p

          ***** job concluded
 **info** dc convergence successful at Newton-Raphson method 

   *** parameter gnd_vss =    4.000E-02 ***

 ******
 * lab2

 ****** transient analysis tnom=  25.000 temp=  25.000 ******
 tplh=   3.1943p  targ=   1.3277n   trig=   1.3245n
 tphl=   3.7712p  targ=   1.4015n   trig=   1.3977n
 t= 146.9246p  targ=   1.6146n   trig=   1.4677n
 f=   6.8062g
 tphl_42= 158.3897p
 tplh_42= 134.1623p

          ***** job concluded
 **info** dc convergence successful at Newton-Raphson method 

   *** parameter gnd_vss =    5.000E-02 ***

 ******
 * lab2

 ****** transient analysis tnom=  25.000 temp=  25.000 ******
 tplh=   3.2534p  targ=   1.3685n   trig=   1.3653n
 tphl=   3.9835p  targ=   1.4447n   trig=   1.4407n
 t= 151.4837p  targ=   1.6644n   trig=   1.5129n
 f=   6.6014g
 tphl_42= 167.3083p
 tplh_42= 136.6437p

          ***** job concluded
 **info** dc convergence successful at Newton-Raphson method 

   *** parameter gnd_vss =    6.000E-02 ***

 ******
 * lab2

 ****** transient analysis tnom=  25.000 temp=  25.000 ******
 tplh=   3.2537p  targ=   1.4122n   trig=   1.4090n
 tphl=   4.1130p  targ=   1.4909n   trig=   1.4868n
 t= 156.4568p  targ=   1.7177n   trig=   1.5612n
 f=   6.3915g
 tphl_42= 172.7461p
 tplh_42= 136.6568p

          ***** job concluded
 **info** dc convergence successful at Newton-Raphson method 

   *** parameter gnd_vss =    7.000E-02 ***

 ******
 * lab2

 ****** transient analysis tnom=  25.000 temp=  25.000 ******
 tplh=   3.3279p  targ=   1.4602n   trig=   1.4569n
 tphl=   4.3984p  targ=   1.5416n   trig=   1.5372n
 t= 161.6341p  targ=   1.7759n   trig=   1.6142n
 f=   6.1868g
 tphl_42= 184.7316p
 tplh_42= 139.7708p

          ***** job concluded
 **info** dc convergence successful at Newton-Raphson method 

   *** parameter gnd_vss =    8.000E-02 ***

 ******
 * lab2

 ****** transient analysis tnom=  25.000 temp=  25.000 ******
 tplh=   3.3042p  targ=   1.5124n   trig=   1.5091n
 tphl=   4.6212p  targ=   1.5969n   trig=   1.5922n
 t= 167.5048p  targ=   1.8396n   trig=   1.6721n
 f=   5.9700g
 tphl_42= 194.0899p
 tplh_42= 138.7752p

          ***** job concluded
 **info** dc convergence successful at Newton-Raphson method 

   *** parameter gnd_vss =    9.000E-02 ***

 ******
 * lab2

 ****** transient analysis tnom=  25.000 temp=  25.000 ******
 tplh=   3.3867p  targ=   1.5695n   trig=   1.5661n
 tphl=   4.9486p  targ=   1.6572n   trig=   1.6522n
 t= 173.8434p  targ=   1.9089n   trig=   1.7350n
 f=   5.7523g
 tphl_42= 207.8408p
 tplh_42= 142.2425p

          ***** job concluded
 **info** dc convergence successful at Newton-Raphson method 

   *** parameter gnd_vss =    1.000E-01 ***

 ******
 * lab2

 ****** transient analysis tnom=  25.000 temp=  25.000 ******
 tplh=   3.3827p  targ=   1.6313n   trig=   1.6279n
 tphl=   5.1950p  targ=   1.7225n   trig=   1.7173n
 t= 180.6102p  targ=   1.9840n   trig=   1.8034n
 f=   5.5368g
 tphl_42= 218.1888p
 tplh_42= 142.0737p

          ***** job concluded
 **info** dc convergence successful at Newton-Raphson method 

   *** parameter gnd_vss =    1.100E-01 ***

 ******
 * lab2

 ****** transient analysis tnom=  25.000 temp=  25.000 ******
 tplh=   3.3834p  targ=   1.6958n   trig=   1.6924n
 tphl=   5.5164p  targ=   1.7906n   trig=   1.7851n
 t= 187.9200p  targ=   2.0623n   trig=   1.8744n
 f=   5.3214g
 tphl_42= 231.6901p
 tplh_42= 142.1031p

          ***** job concluded
 **info** dc convergence successful at Newton-Raphson method 

   *** parameter gnd_vss =    1.200E-01 ***

 ******
 * lab2

 ****** transient analysis tnom=  25.000 temp=  25.000 ******
 tplh=   3.5241p  targ=   1.7657n   trig=   1.7622n
 tphl=   5.8155p  targ=   1.8646n   trig=   1.8588n
 t= 195.4598p  targ=   2.1474n   trig=   1.9520n
 f=   5.1161g
 tphl_42= 244.2503p
 tplh_42= 148.0123p

          ***** job concluded
 **info** dc convergence successful at Newton-Raphson method 

   *** parameter gnd_vss =    1.300E-01 ***

 ******
 * lab2

 ****** transient analysis tnom=  25.000 temp=  25.000 ******
 tplh=   3.5598p  targ=   1.8461n   trig=   1.8425n
 tphl=   6.2124p  targ=   1.9496n   trig=   1.9434n
 t= 204.3433p  targ=   2.2452n   trig=   2.0408n
 f=   4.8937g
 tphl_42= 260.9190p
 tplh_42= 149.5113p

          ***** job concluded
 **info** dc convergence successful at Newton-Raphson method 

   *** parameter gnd_vss =    1.400E-01 ***

 ******
 * lab2

 ****** transient analysis tnom=  25.000 temp=  25.000 ******
 tplh=   3.5411p  targ=   1.9335n   trig=   1.9300n
 tphl=   6.6453p  targ=   2.0422n   trig=   2.0356n
 t= 214.1558p  targ=   2.3517n   trig=   2.1375n
 f=   4.6695g
 tphl_42= 279.1019p
 tplh_42= 148.7276p

          ***** job concluded
 **info** dc convergence successful at Newton-Raphson method 

   *** parameter gnd_vss =    1.500E-01 ***

 ******
 * lab2

 ****** transient analysis tnom=  25.000 temp=  25.000 ******
 tplh=   3.6521p  targ=   2.0332n   trig=   2.0296n
 tphl=   7.1102p  targ=   2.1476n   trig=   2.1405n
 t= 225.2078p  targ=   2.4730n   trig=   2.2478n
 f=   4.4403g
 tphl_42= 298.6289p
 tplh_42= 153.3866p

          ***** job concluded
 **info** dc convergence successful at Newton-Raphson method 

   *** parameter gnd_vss =    1.600E-01 ***

 ******
 * lab2

 ****** transient analysis tnom=  25.000 temp=  25.000 ******
 tplh=   3.6101p  targ=   2.1404n   trig=   2.1368n
 tphl=   7.5746p  targ=   2.2606n   trig=   2.2531n
 t= 237.2039p  targ=   2.6034n   trig=   2.3662n
 f=   4.2158g
 tphl_42= 318.1333p
 tplh_42= 151.6223p

          ***** job concluded
 **info** dc convergence successful at Newton-Raphson method 

   *** parameter gnd_vss =    1.700E-01 ***

 ******
 * lab2

 ****** transient analysis tnom=  25.000 temp=  25.000 ******
 tplh=   3.8394p  targ=   2.2590n   trig=   2.2552n
 tphl=   8.1722p  targ=   2.3862n   trig=   2.3780n
 t= 250.3204p  targ=   2.7474n   trig=   2.4971n
 f=   3.9949g
 tphl_42= 343.2336p
 tplh_42= 161.2543p

          ***** job concluded
 **info** dc convergence successful at Newton-Raphson method 

   *** parameter gnd_vss =    1.800E-01 ***

 ******
 * lab2

 ****** transient analysis tnom=  25.000 temp=  25.000 ******
 tplh=   3.7385p  targ=   2.3928n   trig=   2.3891n
 tphl=   8.7339p  targ=   2.5279n   trig=   2.5192n
 t= 264.9950p  targ=   2.9105n   trig=   2.6455n
 f=   3.7737g
 tphl_42= 366.8249p
 tplh_42= 157.0171p

          ***** job concluded
 **info** dc convergence successful at Newton-Raphson method 

   *** parameter gnd_vss =    1.900E-01 ***

 ******
 * lab2

 ****** transient analysis tnom=  25.000 temp=  25.000 ******
 tplh=   3.8397p  targ=   2.5437n   trig=   2.5398n
 tphl=   9.5671p  targ=   2.6873n   trig=   2.6777n
  **warning** (ring.sp:48) .MEASURE t never reached the target value, Measurement failed! 
   t= failed       targ= not found    trig=    2.8121n
 f=   failed
 tphl_42= 401.8170p
 tplh_42= 161.2661p

          ***** job concluded
 **info** dc convergence successful at Newton-Raphson method 

   *** parameter gnd_vss =    2.000E-01 ***

 ******
 * lab2

 ****** transient analysis tnom=  25.000 temp=  25.000 ******
 tplh=   3.8378p  targ=   2.7106n   trig=   2.7067n
 tphl=  10.4247p  targ=   2.8641n   trig=   2.8537n
   t= failed       targ= not found    trig=    2.9968n
 f=   failed
 tphl_42= 437.8386p
 tplh_42= 161.1857p

          ***** job concluded
 **info** dc convergence successful at Newton-Raphson method 

   *** parameter gnd_vss =    2.100E-01 ***

 ******
 * lab2

 ****** transient analysis tnom=  25.000 temp=  25.000 ******
 tplh=   4.0196p  targ=   2.9028n   trig=   2.8987n
  **warning** (ring.sp:46) .MEASURE tphl never reached the trigger value, Measurement failed! 
   tphl= failed                          trig= not found
   t= failed                          trig= not found
 f=   failed
 tphl_42=   failed
 tplh_42= 168.8212p

          ***** job concluded
 **info** dc convergence successful at Newton-Raphson method 

   *** parameter gnd_vss =    2.200E-01 ***

 ******
 * lab2

 ****** transient analysis tnom=  25.000 temp=  25.000 ******
   tplh= failed                          trig= not found
   tphl= failed                          trig= not found
   t= failed                          trig= not found
 f=   failed
 tphl_42=   failed
 tplh_42=   failed

          ***** job concluded
 **info** dc convergence successful at Newton-Raphson method 

   *** parameter gnd_vss =    2.300E-01 ***

 ******
 * lab2

 ****** transient analysis tnom=  25.000 temp=  25.000 ******
   tplh= failed                          trig= not found
   tphl= failed                          trig= not found
   t= failed                          trig= not found
 f=   failed
 tphl_42=   failed
 tplh_42=   failed

          ***** job concluded
 **info** dc convergence successful at Newton-Raphson method 

   *** parameter gnd_vss =    2.400E-01 ***

 ******
 * lab2

 ****** transient analysis tnom=  25.000 temp=  25.000 ******
   tplh= failed                          trig= not found
   tphl= failed                          trig= not found
   t= failed                          trig= not found
 f=   failed
 tphl_42=   failed
 tplh_42=   failed

          ***** job concluded
 **info** dc convergence successful at Newton-Raphson method 

   *** parameter gnd_vss =    2.500E-01 ***

 ******
 * lab2

 ****** transient analysis tnom=  25.000 temp=  25.000 ******
   tplh= failed                          trig= not found
   tphl= failed                          trig= not found
   t= failed                          trig= not found
 f=   failed
 tphl_42=   failed
 tplh_42=   failed

          ***** job concluded
 **info** dc convergence successful at Newton-Raphson method 

   *** parameter gnd_vss =    2.600E-01 ***

 ******
 * lab2

 ****** transient analysis tnom=  25.000 temp=  25.000 ******
   tplh= failed                          trig= not found
   tphl= failed                          trig= not found
   t= failed                          trig= not found
 f=   failed
 tphl_42=   failed
 tplh_42=   failed

          ***** job concluded
 **info** dc convergence successful at GMINDC ramping method 

   *** parameter gnd_vss =    2.700E-01 ***

 ******
 * lab2

 ****** transient analysis tnom=  25.000 temp=  25.000 ******
   tplh= failed                          trig= not found
   tphl= failed                          trig= not found
   t= failed                          trig= not found
 f=   failed
 tphl_42=   failed
 tplh_42=   failed

          ***** job concluded
 **info** dc convergence successful at GMINDC ramping method 

   *** parameter gnd_vss =    2.800E-01 ***

 ******
 * lab2

 ****** transient analysis tnom=  25.000 temp=  25.000 ******
   tplh= failed                          trig= not found
   tphl= failed                          trig= not found
   t= failed                          trig= not found
 f=   failed
 tphl_42=   failed
 tplh_42=   failed

          ***** job concluded
 **info** dc convergence successful at GMINDC ramping method 

   *** parameter gnd_vss =    2.900E-01 ***

 ******
 * lab2

 ****** transient analysis tnom=  25.000 temp=  25.000 ******
   tplh= failed                          trig= not found
   tphl= failed                          trig= not found
   t= failed                          trig= not found
 f=   failed
 tphl_42=   failed
 tplh_42=   failed

          ***** job concluded
 **info** dc convergence successful at GMINDC ramping method 

   *** parameter gnd_vss =    3.000E-01 ***

 ******
 * lab2

 ****** transient analysis tnom=  25.000 temp=  25.000 ******
   tplh= failed                          trig= not found
   tphl= failed                          trig= not found
   t= failed                          trig= not found
 f=   failed
 tphl_42=   failed
 tplh_42=   failed

          ***** job concluded
 **info** dc convergence successful at GMINDC ramping method 

   *** parameter gnd_vss =    3.100E-01 ***

 ******
 * lab2

 ****** transient analysis tnom=  25.000 temp=  25.000 ******
   tplh= failed                          trig= not found
   tphl= failed                          trig= not found
   t= failed                          trig= not found
 f=   failed
 tphl_42=   failed
 tplh_42=   failed

          ***** job concluded
 **info** dc convergence successful at Newton-Raphson method 

   *** parameter gnd_vss =    3.200E-01 ***

 ******
 * lab2

 ****** transient analysis tnom=  25.000 temp=  25.000 ******
   tplh= failed                          trig= not found
   tphl= failed                          trig= not found
   t= failed                          trig= not found
 f=   failed
 tphl_42=   failed
 tplh_42=   failed

          ***** job concluded
 **info** dc convergence successful at GMINDC ramping method 

   *** parameter gnd_vss =    3.300E-01 ***

 ******
 * lab2

 ****** transient analysis tnom=  25.000 temp=  25.000 ******
   tplh= failed                          trig= not found
   tphl= failed                          trig= not found
   t= failed                          trig= not found
 f=   failed
 tphl_42=   failed
 tplh_42=   failed

          ***** job concluded
 **info** dc convergence successful at GMINDC ramping method 

   *** parameter gnd_vss =    3.400E-01 ***

 ******
 * lab2

 ****** transient analysis tnom=  25.000 temp=  25.000 ******
   tplh= failed                          trig= not found
   tphl= failed                          trig= not found
   t= failed                          trig= not found
 f=   failed
 tphl_42=   failed
 tplh_42=   failed

          ***** job concluded
 **info** dc convergence successful at Newton-Raphson method 

   *** parameter gnd_vss =    3.500E-01 ***

 ******
 * lab2

 ****** transient analysis tnom=  25.000 temp=  25.000 ******
   tplh= failed                          trig= not found
   tphl= failed                          trig= not found
   t= failed                          trig= not found
 f=   failed
 tphl_42=   failed
 tplh_42=   failed

          ***** job concluded
 **info** dc convergence successful at Newton-Raphson method 

   *** parameter gnd_vss =    3.600E-01 ***

 ******
 * lab2

 ****** transient analysis tnom=  25.000 temp=  25.000 ******
   tplh= failed                          trig= not found
   tphl= failed                          trig= not found
   t= failed                          trig= not found
 f=   failed
 tphl_42=   failed
 tplh_42=   failed

          ***** job concluded
 **info** dc convergence successful at Newton-Raphson method 

   *** parameter gnd_vss =    3.700E-01 ***

 ******
 * lab2

 ****** transient analysis tnom=  25.000 temp=  25.000 ******
   tplh= failed                          trig= not found
   tphl= failed                          trig= not found
   t= failed                          trig= not found
 f=   failed
 tphl_42=   failed
 tplh_42=   failed

          ***** job concluded
 **info** dc convergence successful at Newton-Raphson method 

   *** parameter gnd_vss =    3.800E-01 ***

 ******
 * lab2

 ****** transient analysis tnom=  25.000 temp=  25.000 ******
   tplh= failed                          trig= not found
   tphl= failed                          trig= not found
   t= failed                          trig= not found
 f=   failed
 tphl_42=   failed
 tplh_42=   failed

          ***** job concluded
 **info** dc convergence successful at Newton-Raphson method 

   *** parameter gnd_vss =    3.900E-01 ***

 ******
 * lab2

 ****** transient analysis tnom=  25.000 temp=  25.000 ******
   tplh= failed                          trig= not found
   tphl= failed                          trig= not found
   t= failed                          trig= not found
 f=   failed
 tphl_42=   failed
 tplh_42=   failed

          ***** job concluded
 **info** dc convergence successful at GMINDC ramping method 

   *** parameter gnd_vss =    4.000E-01 ***

 ******
 * lab2

 ****** transient analysis tnom=  25.000 temp=  25.000 ******
   tplh= failed                          trig= not found
   tphl= failed                          trig= not found
   t= failed                          trig= not found
 f=   failed
 tphl_42=   failed
 tplh_42=   failed

          ***** job concluded
 ******  
 * lab2

 ****** job statistics summary tnom=  25.000 temp=  25.000 ******
  
 ******  Machine Information  ******
 CPU:
 model name	: AMD EPYC 7F72 24-Core Processor
 cpu MHz	: 3193.742
 CPU(s)		: 48
  
 OS:
 Linux version 4.18.0-553.153.1.el8_10.x86_64 (mockbuild@x86-64-03.build.eng.rdu2.redhat.com) (gcc version 8.5.0 20210514 (Red Hat 8.5.0-28) (GCC)) #1 SMP Tue Aug 4 21:00:26 EDT 2026

 System loadavg : 1.60 1.19 0.78 1/1227 326695


  ******  PrimeSim HSPICE Threads Information  ******

  Command Line Threads Count :     1
  Available CPU Count        :    48
  Actual Threads Count       :     1


  ******  Circuit Statistics  ******
  # nodes       =     192 # elements   =      44
  # resistors   =       0 # capacitors =       0 # inductors   =       0
  # mutual_inds =       0 # vccs       =       0 # vcvs        =       0
  # cccs        =       0 # ccvs       =       0 # volt_srcs   =       2
  # curr_srcs   =       0 # diodes     =       0 # bjts        =       0
  # jfets       =       0 # mosfets    =      42 # U elements  =       0
  # T elements  =       0 # W elements =       0 # B elements  =       0
  # S elements  =       0 # P elements =       0 # va device   =       0
  # vector_srcs =       0 # N elements =       0


  ******  Runtime Statistics (seconds)  ******

  analysis           time    # points   tot. iter  conv.iter
  op point           0.33           1        2154
  transient          9.54    12300041      175785       62467 rev=         3
  readin             0.31
  errchk             0.00
  setup              0.12
  output             0.00


           peak memory used        523.54 megabytes
           total cpu time           10.34 seconds
           total elapsed time       10.79 seconds
           job started at     18:49:59 09/08/2026
           job ended   at     18:50:10 09/08/2026
           job total runtime        10.79 seconds


 lic: Release hspice token(s) 
 lic: total license checkout elapse time:        0.43(s)
