 ****** PrimeSim HSPICE -- W-2024.09 linux64 (Aug 27 2024 9174816) ******
  Copyright (c) 1986 - 2026 by Synopsys, Inc. All Rights Reserved.
  This software and the associated documentation are proprietary
  to Synopsys, Inc. This software may only be used in accordance
  with the terms and conditions of a written license agreement with
  Synopsys, Inc. All other use, reproduction, or distribution of
  this software is strictly prohibited.
  Input File: deck_7_inv.sp                                                     
  Command line options: /opt/coe/synopsys/hspice/W-2024.09/hspice/linux64/hspice -i deck_7_inv.sp -o results_10p/results
  Start time: Tue Sep  8 16:20:27 2026
 lic:  
 lic: FLEXlm: SDK_14.2 
 lic: USER:   venky.k              HOSTNAME: n02-hera.olympus.ece.tamu.edu 
 lic: HOSTID: ffffffffa8c00c02     PID:      252571 
 lic: Using FLEXlm license file: 
 lic: 27070@coe-vtls3.engr.tamu.edu 
 lic: Checkout 1 hspice 
 lic: License/Maintenance for hspice will expire on 12-jan-2027/2025.06 
 lic: 1(in_use)/100(total) FLOATING license(s) on SERVER 27070@coe-vtls3.engr.tamu.edu 
 lic:   
1****** PrimeSim HSPICE -- W-2024.09 linux64 (Aug 27 2024 9174816) ******
 ******  
 * lab 1 -- sweep pmos/nmos width ratio k, measure tphl/tplh between out2 and out3

 ****** circuit name directory
 circuit number to circuit name directory
   number circuitname                     definition         multiplier
        0 main circuit
        1 x0.                             inv                1.00 
        2 x1.                             inv                1.00 
        3 x2.                             inv                1.00 
        4 x3.                             inv                1.00 
        5 x4.                             inv                1.00 
        6 x5.                             inv                1.00 
        7 x6.                             inv                1.00 
 ******  
 * lab 1 -- sweep pmos/nmos width ratio k, measure tphl/tplh between out2 and out3

 ****** mos   model parameters tnom=  25.000 temp=  25.000 ******
 Model file: ../22nm_HP.pm
 Model line:            4
 Model Name: nmos  
 BSIM4 Model (Level 54)
    MOBMOD = 0
    BINUNIT = 1
    PARAMCHK = 1
    CAPMOD = 2
    DIOMOD = 1
    RDSMOD = 0
    TRNQSMOD = 0
    ACNQSMOD = 0
    RBODYMOD = 1
    RGATEMOD = 1
    PERMOD = 1
    GEOMOD = 1
    RGEOMOD = 0
    FNOIMOD = 1
    TNOIMOD = 0
    IGCMOD = 1
    IGBMOD = 1
    STIMOD = 0
    VERSION =      4 
    TOXREF = 1.05e-09 
    TOXE = 1.05e-09 
    TOXP =  8e-10 
    TOXM = 1.05e-09 
    DTOX = 2.5e-10 
    EPSROX =    3.9 
    CDSC =      0 
    CDSCB =      0 
    CDSCD =      0 
    CIT =      0 
    NFACTOR =    2.3 
    XJ = 7.2e-09 
    VSAT = 2.5e+05 
    A0 =      1 
    AGS =      0 
    A1 =      0 
    A2 =      1 
    AT = 3.3e+04 
    KETA =   0.04 
    NSUB =  6e+16 
    NDEP = 5.5e+18 
    NSD =  2e+20 
    NGATE =  1e+23 
    GAMMA1 =      0 
    GAMMA2 =      0 
    VBX =      0 
    VBM =     -3 
    XT = 1.55e-07 
    K1 =    0.4 
    KT1 =  -0.11 
    KT1L =      0 
    KT2 =  0.022 
    K2 =      0 
    K3 =      0 
    K3B =      0 
    LPE0 =      0 
    LPEB =      0 
    DVTP0 =  1e-11 
    DVTP1 =    0.1 
    W0 = 2.5e-06 
    DVT0 =      1 
    DVT1 =      2 
    DVT2 =      0 
    DVT0W =      0 
    DVT1W =      0 
    DVT2W =      0 
    DROUT =    0.5 
    DSUB =    0.1 
    VTH0 = 0.5031 
    EU =   1.67 
    UA =  6e-10 
    UA1 = 4.31e-09 
    UB = 1.2e-18 
    UB1 = 7.61e-18 
    UC =      0 
    UC1 = -5.6e-11 
    U0 =   0.04 
    UTE =   -1.5 
    VOFF =  -0.13 
    VOFFL =      0 
    MINV =   0.05 
    FPROUT =    0.2 
    PDITS =   0.01 
    PDITSD =   0.23 
    PDITSL = 2.3e+06 
    DELTA =   0.01 
    RDSW =    145 
    RDSWMIN =      0 
    RDWMIN =      0 
    RSWMIN =      0 
    RDW =     75 
    RSW =     75 
    PRWG =      0 
    PRWB =      0 
    PRT =      0 
    ETA0 =  0.004 
    ETAB =      0 
    PCLM =   0.02 
    PDIBLC1 =  0.001 
    PDIBLC2 =  0.001 
    PDIBLCB = -0.005 
    PSCBE1 = 8.14e+08 
    PSCBE2 =  1e-07 
    PVAG =  1e-20 
    WR =      1 
    DWG =      0 
    DWB =      0 
    XW =      0 
    XWREF =      0 
    XL = -9e-09 
    XLREF = -9e-09 
    B0 =      0 
    B1 =      0 
    ALPHA0 =  0.074 
    ALPHA1 =  0.005 
    AGIDL = 0.0002 
    BGIDL = 2.1e+09 
    CGIDL = 0.0002 
    PHIN =      0 
    EGIDL =    0.8 
    AIGC = 0.0213 
    BIGC = 0.002589 
    CIGC =  0.002 
    AIGSD = 0.0213 
    BIGSD = 0.002589 
    CIGSD =  0.002 
    AIGBACC =  0.012 
    BIGBACC = 0.0028 
    CIGBACC =  0.002 
    AIGBINV =  0.014 
    BIGBINV =  0.004 
    CIGBINV =  0.004 
    NIGC =      1 
    NIGBINV =      3 
    NIGBACC =      1 
    NTOX =      1 
    EIGBINV =    1.1 
    PIGCD =      1 
    POXEDGE =      1 
    XRCRG1 =     12 
    TNOIA =    1.5 
    TNOIB =    3.5 
    NTNOI =      1 
    XRCRG2 =      5 
    BETA0 =     30 
    IJTHDFWD =   0.01 
    IJTHSFWD =   0.01 
    IJTHDREV =  0.001 
    IJTHSREV =  0.001 
    XJBVD =      1 
    XJBVS =      1 
    BVD =     10 
    BVS =     10 
    VFB =  -0.55 
    GBMIN =  1e-10 
    RBDB =     15 
    RBPB =      5 
    RBSB =     15 
    RBPS =     15 
    RBPD =     15 
    CGSL = 2.653e-10 
    CGDL = 2.653e-10 
    CKAPPAS =   0.03 
    CKAPPAD =   0.03 
    CF = 1.307e-10 
    CLC =  1e-07 
    CLE =    0.6 
    DWC =  5e-09 
    DLC =  2e-09 
    DLCIG =  2e-09 
    DWJ =      0 
    VFBCV =     -1 
    ACDE =      1 
    MOIN =     15 
    NOFF =    0.9 
    VOFFCV =   0.02 
    DMCG =      0 
    DMCI =      0 
    DMDG =      0 
    DMCGT =      0 
    XGW =      0 
    XGL =      0 
    RSHG =    0.4 
    NGCON =      1 
    TCJ =  0.001 
    TPB =  0.005 
    TCJSW =  0.001 
    TPBSW =  0.005 
    TCJSWG =  0.001 
    TPBSWG =  0.005 
    SK0 =      0 
    SK1 =      0 
    SK2 =      0 
    SL =  2e-06 
    SW =  2e-06 
    K =      0 
    TNOM =  300.1 
    CGSO = 6.5e-11 
    CGDO = 6.5e-11 
    CGBO = 2.56e-11 
    XPART =      0 
    RSH =      5 
    JSS = 0.0001 
    JSWS =  1e-11 
    JSWGS =  1e-10 
    PBS =      1 
    MJS =    0.5 
    PBSWS =      1 
    MJSWS =   0.33 
    CJS = 0.0005 
    CJSWS =  5e-10 
    NJS =      1 
    PBSWGS =      1 
    MJSWGS =   0.33 
    CJSWGS =  3e-10 
    XTIS =      3 
    JSD = 0.0001 
    JSWD =  1e-11 
    JSWGD =  1e-10 
    PBD =      1 
    MJD =    0.5 
    PBSWD =      1 
    MJSWD =   0.33 
    CJD = 0.0005 
    CJSWD =  5e-10 
    NJD =      1 
    PBSWGD =      1 
    MJSWGD =   0.33 
    CJSWGD =  5e-10 
    XTID =      3 
    LMLT =      1 
    WMLT =      1 
    LINT =  2e-09 
    LL =      0 
    LLC =      0 
    LLN =      1 
    LW =      0 
    LWC =      0 
    LWN =      1 
    LWL =      0 
    LWLC =      0 
    LMIN =      0 
    LMAX =      1 
    WINT =  5e-09 
    WL =      0 
    WLC =      0 
    WLN =      1 
    WW =      0 
    WWC =      0 
    WWN =      1 
    WWL =      0 
    WWLC =      0 
    WMIN =      0 
    WMAX =      1 
    NOIA = 6.25e+41 
    NOIB = 3.125e+26 
    NOIC = 8.75e+09 
    EM = 4.1e+07 
    EF =      1 
    AF =      1 
    KF =      0 
    TRS =      0 
    TRD =      0 
 Model file: ../22nm_HP.pm
 Model line:           74
 Model Name: pmos  
 BSIM4 Model (Level 54)
    MOBMOD = 0
    BINUNIT = 1
    PARAMCHK = 1
    CAPMOD = 2
    DIOMOD = 1
    RDSMOD = 0
    TRNQSMOD = 0
    ACNQSMOD = 0
    RBODYMOD = 1
    RGATEMOD = 1
    PERMOD = 1
    GEOMOD = 1
    RGEOMOD = 0
    FNOIMOD = 1
    TNOIMOD = 0
    IGCMOD = 1
    IGBMOD = 1
    STIMOD = 0
    VERSION =      4 
    TOXREF = 1.1e-09 
    TOXE = 1.1e-09 
    TOXP =  8e-10 
    TOXM = 1.1e-09 
    DTOX =  3e-10 
    EPSROX =    3.9 
    CDSC =      0 
    CDSCB =      0 
    CDSCD =      0 
    CIT =      0 
    NFACTOR =    2.1 
    XJ = 7.2e-09 
    VSAT = 2.1e+05 
    A0 =      1 
    AGS =  1e-20 
    A1 =      0 
    A2 =      1 
    AT = 3.3e+04 
    KETA = -0.047 
    NSUB =  6e+16 
    NDEP = 4.4e+18 
    NSD =  2e+20 
    NGATE =  1e+23 
    GAMMA1 =      0 
    GAMMA2 =      0 
    VBX =      0 
    VBM =     -3 
    XT = 1.55e-07 
    K1 =    0.4 
    KT1 =  -0.11 
    KT1L =      0 
    KT2 =  0.022 
    K2 =  -0.01 
    K3 =      0 
    K3B =      0 
    LPE0 =      0 
    LPEB =      0 
    DVTP0 =  1e-11 
    DVTP1 =   0.05 
    W0 = 2.5e-06 
    DVT0 =      1 
    DVT1 =      2 
    DVT2 = -0.032 
    DVT0W =      0 
    DVT1W =      0 
    DVT2W =      0 
    DROUT =   0.56 
    DSUB =    0.1 
    VTH0 = -0.4606 
    EU =      1 
    UA =  2e-09 
    UA1 = 4.31e-09 
    UB =  5e-19 
    UB1 = 7.61e-18 
    UC =      0 
    UC1 = -5.6e-11 
    U0 = 0.0095 
    UTE =   -1.5 
    VOFF = -0.126 
    VOFFL =      0 
    MINV =   0.05 
    FPROUT =    0.2 
    PDITS =   0.08 
    PDITSD =   0.23 
    PDITSL = 2.3e+06 
    DELTA =   0.01 
    RDSW =    145 
    RDSWMIN =      0 
    RDWMIN =      0 
    RSWMIN =      0 
    RDW =   72.5 
    RSW =   72.5 
    PRWG =      0 
    PRWB =      0 
    PRT =      0 
    ETA0 = 0.0038 
    ETAB =      0 
    PCLM =   0.12 
    PDIBLC1 =  0.001 
    PDIBLC2 =  0.001 
    PDIBLCB = 3.4e-08 
    PSCBE1 = 8.14e+08 
    PSCBE2 = 9.58e-07 
    PVAG =  1e-20 
    WR =      1 
    DWG =      0 
    DWB =      0 
    XW =      0 
    XWREF =      0 
    XL = -9e-09 
    XLREF = -9e-09 
    B0 =      0 
    B1 =      0 
    ALPHA0 =  0.074 
    ALPHA1 =  0.005 
    AGIDL = 0.0002 
    BGIDL = 2.1e+09 
    CGIDL = 0.0002 
    PHIN =      0 
    EGIDL =    0.8 
    AIGC = 0.0213 
    BIGC = 0.002589 
    CIGC =  0.002 
    AIGSD = 0.0213 
    BIGSD = 0.002589 
    CIGSD =  0.002 
    AIGBACC =  0.012 
    BIGBACC = 0.0028 
    CIGBACC =  0.002 
    AIGBINV =  0.014 
    BIGBINV =  0.004 
    CIGBINV =  0.004 
    NIGC =      1 
    NIGBINV =      3 
    NIGBACC =      1 
    NTOX =      1 
    EIGBINV =    1.1 
    PIGCD =      1 
    POXEDGE =      1 
    XRCRG1 =     12 
    TNOIA =    1.5 
    TNOIB =    3.5 
    NTNOI =      1 
    XRCRG2 =      5 
    BETA0 =     30 
    IJTHDFWD =   0.01 
    IJTHSFWD =   0.01 
    IJTHDREV =  0.001 
    IJTHSREV =  0.001 
    XJBVD =      1 
    XJBVS =      1 
    BVD =     10 
    BVS =     10 
    VFB =   0.55 
    GBMIN =  1e-10 
    RBDB =     15 
    RBPB =      5 
    RBSB =     15 
    RBPS =     15 
    RBPD =     15 
    CGSL = 2.653e-10 
    CGDL = 2.653e-10 
    CKAPPAS =   0.03 
    CKAPPAD =   0.03 
    CF = 1.297e-10 
    CLC =  1e-07 
    CLE =    0.6 
    DWC =  5e-09 
    DLC =  2e-09 
    DLCIG =  2e-09 
    DWJ =      0 
    VFBCV =     -1 
    ACDE =      1 
    MOIN =     15 
    NOFF =    0.9 
    VOFFCV =   0.02 
    DMCG =      0 
    DMCI =      0 
    DMDG =      0 
    DMCGT =      0 
    XGW =      0 
    XGL =      0 
    RSHG =    0.4 
    NGCON =      1 
    TCJ =  0.001 
    TPB =  0.005 
    TCJSW =  0.001 
    TPBSW =  0.005 
    TCJSWG =  0.001 
    TPBSWG =  0.005 
    SK0 =      0 
    SK1 =      0 
    SK2 =      0 
    SL =  2e-06 
    SW =  2e-06 
    K =      0 
    TNOM =  300.1 
    CGSO = 6.5e-11 
    CGDO = 6.5e-11 
    CGBO = 2.56e-11 
    XPART =      0 
    RSH =      5 
    JSS = 0.0001 
    JSWS =  1e-11 
    JSWGS =  1e-10 
    PBS =      1 
    MJS =    0.5 
    PBSWS =      1 
    MJSWS =   0.33 
    CJS = 0.0005 
    CJSWS =  5e-10 
    NJS =      1 
    PBSWGS =      1 
    MJSWGS =   0.33 
    CJSWGS =  3e-10 
    XTIS =      3 
    JSD = 0.0001 
    JSWD =  1e-11 
    JSWGD =  1e-10 
    PBD =      1 
    MJD =    0.5 
    PBSWD =      1 
    MJSWD =   0.33 
    CJD = 0.0005 
    CJSWD =  5e-10 
    NJD =      1 
    PBSWGD =      1 
    MJSWGD =   0.33 
    CJSWGD =  5e-10 
    XTID =      3 
    LMLT =      1 
    WMLT =      1 
    LINT =  2e-09 
    LL =      0 
    LLC =      0 
    LLN =      1 
    LW =      0 
    LWC =      0 
    LWN =      1 
    LWL =      0 
    LWLC =      0 
    LMIN =      0 
    LMAX =      1 
    WINT =  5e-09 
    WL =      0 
    WLC =      0 
    WLN =      1 
    WW =      0 
    WWC =      0 
    WWN =      1 
    WWL =      0 
    WWLC =      0 
    WMIN =      0 
    WMAX =      1 
    NOIA = 6.188e+40 
    NOIB = 1.5e+25 
    NOIC = 8.75e+09 
    EM = 4.1e+07 
    EF =      1 
    AF =      1 
    KF =      0 
    TRS =      0 
    TRD =      0 
  **warning** (nmos:x0.mn (inv.sub:7)) Warning:  Acde = 0.245565 may be too small in BSIM4 model with w=4.4e-08 l=2.2e-08.
  
      
 **info** set option symb=1 internally to help for convergence.
 *****************************************************************
 ******  option summary
 ******
 runlvl  = 3         bypass  = 2.0000    
  Opening plot unit= 15
 file=results_10p/results.pa0

 **info** dc convergence successful at Newton-Raphson method 

   *** parameter k =    5.000E-01 ***

 ******
 * lab 1 -- sweep pmos/nmos width ratio k, measure tphl/tplh between out2 and out3

 ****** transient analysis tnom=  25.000 temp=  25.000 ******
 tphl=   4.4031p  targ=   2.0289n   trig=   2.0245n
 tplh=   2.5577p  targ=   1.0197n   trig=   1.0171n
 tr=   9.2593p  targ=   2.0354n   trig=   2.0262n
 tf=   4.5216p  targ=   1.0221n   trig=   1.0176n

          ***** job concluded
 **info** dc convergence successful at Newton-Raphson method 

   *** parameter k =    6.000E-01 ***

 ******
 * lab 1 -- sweep pmos/nmos width ratio k, measure tphl/tplh between out2 and out3

 ****** transient analysis tnom=  25.000 temp=  25.000 ******
 tphl=   4.3202p  targ=   2.0288n   trig=   2.0245n
 tplh=   2.6947p  targ=   1.0198n   trig=   1.0171n
 tr=   9.0371p  targ=   2.0352n   trig=   2.0261n
 tf=   4.5680p  targ=   1.0222n   trig=   1.0177n

          ***** job concluded
 **info** dc convergence successful at Newton-Raphson method 

   *** parameter k =    7.000E-01 ***

 ******
 * lab 1 -- sweep pmos/nmos width ratio k, measure tphl/tplh between out2 and out3

 ****** transient analysis tnom=  25.000 temp=  25.000 ******
 tphl=   4.0617p  targ=   2.0286n   trig=   2.0245n
 tplh=   2.7680p  targ=   1.0193n   trig=   1.0165n
 tr=   8.3767p  targ=   2.0344n   trig=   2.0260n
 tf=   4.4770p  targ=   1.0217n   trig=   1.0172n

          ***** job concluded
 **info** dc convergence successful at Newton-Raphson method 

   *** parameter k =    8.000E-01 ***

 ******
 * lab 1 -- sweep pmos/nmos width ratio k, measure tphl/tplh between out2 and out3

 ****** transient analysis tnom=  25.000 temp=  25.000 ******
 tphl=   3.7610p  targ=   2.0282n   trig=   2.0245n
 tplh=   2.7405p  targ=   1.0188n   trig=   1.0161n
 tr=   7.7232p  targ=   2.0335n   trig=   2.0258n
 tf=   4.4542p  targ=   1.0213n   trig=   1.0168n

          ***** job concluded
 **info** dc convergence successful at Newton-Raphson method 

   *** parameter k =    9.000E-01 ***

 ******
 * lab 1 -- sweep pmos/nmos width ratio k, measure tphl/tplh between out2 and out3

 ****** transient analysis tnom=  25.000 temp=  25.000 ******
 tphl=   3.5529p  targ=   2.0280n   trig=   2.0244n
 tplh=   2.8320p  targ=   1.0185n   trig=   1.0157n
 tr=   7.2112p  targ=   2.0328n   trig=   2.0256n
 tf=   4.4637p  targ=   1.0210n   trig=   1.0166n

          ***** job concluded
 **info** dc convergence successful at Newton-Raphson method 

   *** parameter k =    1.000E+00 ***

 ******
 * lab 1 -- sweep pmos/nmos width ratio k, measure tphl/tplh between out2 and out3

 ****** transient analysis tnom=  25.000 temp=  25.000 ******
 tphl=   3.3956p  targ=   2.0279n   trig=   2.0245n
 tplh=   2.9137p  targ=   1.0183n   trig=   1.0154n
 tr=   6.8290p  targ=   2.0325n   trig=   2.0257n
 tf=   4.5240p  targ=   1.0209n   trig=   1.0164n

          ***** job concluded
 **info** dc convergence successful at Newton-Raphson method 

   *** parameter k =    1.100E+00 ***

 ******
 * lab 1 -- sweep pmos/nmos width ratio k, measure tphl/tplh between out2 and out3

 ****** transient analysis tnom=  25.000 temp=  25.000 ******
 tphl=   3.2851p  targ=   2.0279n   trig=   2.0246n
 tplh=   2.9947p  targ=   1.0183n   trig=   1.0153n
 tr=   6.5386p  targ=   2.0322n   trig=   2.0257n
 tf=   4.6521p  targ=   1.0209n   trig=   1.0162n

          ***** job concluded
 **info** dc convergence successful at Newton-Raphson method 

   *** parameter k =    1.200E+00 ***

 ******
 * lab 1 -- sweep pmos/nmos width ratio k, measure tphl/tplh between out2 and out3

 ****** transient analysis tnom=  25.000 temp=  25.000 ******
 tphl=   3.2099p  targ=   2.0278n   trig=   2.0246n
 tplh=   3.0652p  targ=   1.0182n   trig=   1.0152n
 tr=   6.2984p  targ=   2.0319n   trig=   2.0256n
 tf=   4.7645p  targ=   1.0210n   trig=   1.0162n

          ***** job concluded
 **info** dc convergence successful at Newton-Raphson method 

   *** parameter k =    1.300E+00 ***

 ******
 * lab 1 -- sweep pmos/nmos width ratio k, measure tphl/tplh between out2 and out3

 ****** transient analysis tnom=  25.000 temp=  25.000 ******
 tphl=   3.1336p  targ=   2.0279n   trig=   2.0248n
 tplh=   3.1359p  targ=   1.0182n   trig=   1.0151n
 tr=   6.0766p  targ=   2.0318n   trig=   2.0257n
 tf=   4.8889p  targ=   1.0211n   trig=   1.0162n

          ***** job concluded
 **info** dc convergence successful at Newton-Raphson method 

   *** parameter k =    1.400E+00 ***

 ******
 * lab 1 -- sweep pmos/nmos width ratio k, measure tphl/tplh between out2 and out3

 ****** transient analysis tnom=  25.000 temp=  25.000 ******
 tphl=   3.0827p  targ=   2.0280n   trig=   2.0249n
 tplh=   3.2119p  targ=   1.0183n   trig=   1.0151n
 tr=   5.9827p  targ=   2.0318n   trig=   2.0258n
 tf=   5.0168p  targ=   1.0212n   trig=   1.0162n

          ***** job concluded
 **info** dc convergence successful at Newton-Raphson method 

   *** parameter k =    1.500E+00 ***

 ******
 * lab 1 -- sweep pmos/nmos width ratio k, measure tphl/tplh between out2 and out3

 ****** transient analysis tnom=  25.000 temp=  25.000 ******
 tphl=   3.0597p  targ=   2.0281n   trig=   2.0250n
 tplh=   3.2921p  targ=   1.0183n   trig=   1.0151n
 tr=   5.9024p  targ=   2.0318n   trig=   2.0259n
 tf=   5.1480p  targ=   1.0214n   trig=   1.0162n

          ***** job concluded
 **info** dc convergence successful at Newton-Raphson method 

   *** parameter k =    1.600E+00 ***

 ******
 * lab 1 -- sweep pmos/nmos width ratio k, measure tphl/tplh between out2 and out3

 ****** transient analysis tnom=  25.000 temp=  25.000 ******
 tphl=   3.0593p  targ=   2.0282n   trig=   2.0252n
 tplh=   3.3756p  targ=   1.0184n   trig=   1.0151n
 tr=   5.8420p  targ=   2.0318n   trig=   2.0260n
 tf=   5.2815p  targ=   1.0216n   trig=   1.0163n

          ***** job concluded
 **info** dc convergence successful at Newton-Raphson method 

   *** parameter k =    1.700E+00 ***

 ******
 * lab 1 -- sweep pmos/nmos width ratio k, measure tphl/tplh between out2 and out3

 ****** transient analysis tnom=  25.000 temp=  25.000 ******
 tphl=   3.0533p  targ=   2.0283n   trig=   2.0253n
 tplh=   3.4616p  targ=   1.0185n   trig=   1.0151n
 tr=   5.7835p  targ=   2.0319n   trig=   2.0261n
 tf=   5.4166p  targ=   1.0218n   trig=   1.0164n

          ***** job concluded
 **info** dc convergence successful at Newton-Raphson method 

   *** parameter k =    1.800E+00 ***

 ******
 * lab 1 -- sweep pmos/nmos width ratio k, measure tphl/tplh between out2 and out3

 ****** transient analysis tnom=  25.000 temp=  25.000 ******
 tphl=   3.0505p  targ=   2.0285n   trig=   2.0254n
 tplh=   3.5494p  targ=   1.0186n   trig=   1.0151n
 tr=   5.6699p  targ=   2.0319n   trig=   2.0262n
 tf=   5.5527p  targ=   1.0220n   trig=   1.0164n

          ***** job concluded
 **info** dc convergence successful at Newton-Raphson method 

   *** parameter k =    1.900E+00 ***

 ******
 * lab 1 -- sweep pmos/nmos width ratio k, measure tphl/tplh between out2 and out3

 ****** transient analysis tnom=  25.000 temp=  25.000 ******
 tphl=   3.0248p  targ=   2.0286n   trig=   2.0256n
 tplh=   3.6390p  targ=   1.0188n   trig=   1.0151n
 tr=   5.6495p  targ=   2.0321n   trig=   2.0264n
 tf=   5.6894p  targ=   1.0222n   trig=   1.0165n

          ***** job concluded
 **info** dc convergence successful at Newton-Raphson method 

   *** parameter k =    2.000E+00 ***

 ******
 * lab 1 -- sweep pmos/nmos width ratio k, measure tphl/tplh between out2 and out3

 ****** transient analysis tnom=  25.000 temp=  25.000 ******
 tphl=   3.0047p  targ=   2.0288n   trig=   2.0258n
 tplh=   3.7298p  targ=   1.0189n   trig=   1.0152n
 tr=   5.6220p  targ=   2.0322n   trig=   2.0266n
 tf=   5.8267p  targ=   1.0224n   trig=   1.0166n

          ***** job concluded
 **info** dc convergence successful at Newton-Raphson method 

   *** parameter k =    2.100E+00 ***

 ******
 * lab 1 -- sweep pmos/nmos width ratio k, measure tphl/tplh between out2 and out3

 ****** transient analysis tnom=  25.000 temp=  25.000 ******
 tphl=   2.9931p  targ=   2.0290n   trig=   2.0260n
 tplh=   3.8218p  targ=   1.0190n   trig=   1.0152n
 tr=   5.6119p  targ=   2.0324n   trig=   2.0268n
 tf=   6.0031p  targ=   1.0227n   trig=   1.0167n

          ***** job concluded
 **info** dc convergence successful at Newton-Raphson method 

   *** parameter k =    2.200E+00 ***

 ******
 * lab 1 -- sweep pmos/nmos width ratio k, measure tphl/tplh between out2 and out3

 ****** transient analysis tnom=  25.000 temp=  25.000 ******
 tphl=   2.9857p  targ=   2.0291n   trig=   2.0261n
 tplh=   3.9158p  targ=   1.0192n   trig=   1.0153n
 tr=   5.6278p  targ=   2.0325n   trig=   2.0269n
 tf=   6.2019p  targ=   1.0230n   trig=   1.0168n

          ***** job concluded
 **info** dc convergence successful at Newton-Raphson method 

   *** parameter k =    2.300E+00 ***

 ******
 * lab 1 -- sweep pmos/nmos width ratio k, measure tphl/tplh between out2 and out3

 ****** transient analysis tnom=  25.000 temp=  25.000 ******
 tphl=   2.9814p  targ=   2.0293n   trig=   2.0263n
 tplh=   4.0104p  targ=   1.0193n   trig=   1.0153n
 tr=   5.6404p  targ=   2.0327n   trig=   2.0271n
 tf=   6.3945p  targ=   1.0233n   trig=   1.0169n

          ***** job concluded
 **info** dc convergence successful at Newton-Raphson method 

   *** parameter k =    2.400E+00 ***

 ******
 * lab 1 -- sweep pmos/nmos width ratio k, measure tphl/tplh between out2 and out3

 ****** transient analysis tnom=  25.000 temp=  25.000 ******
 tphl=   2.9782p  targ=   2.0295n   trig=   2.0265n
 tplh=   4.0962p  targ=   1.0195n   trig=   1.0154n
 tr=   5.6533p  targ=   2.0329n   trig=   2.0272n
 tf=   6.5900p  targ=   1.0236n   trig=   1.0170n

          ***** job concluded
 **info** dc convergence successful at Newton-Raphson method 

   *** parameter k =    2.500E+00 ***

 ******
 * lab 1 -- sweep pmos/nmos width ratio k, measure tphl/tplh between out2 and out3

 ****** transient analysis tnom=  25.000 temp=  25.000 ******
 tphl=   2.9791p  targ=   2.0296n   trig=   2.0267n
 tplh=   4.1823p  targ=   1.0196n   trig=   1.0154n
 tr=   5.6587p  targ=   2.0330n   trig=   2.0273n
 tf=   6.7680p  targ=   1.0239n   trig=   1.0172n

          ***** job concluded
 **info** dc convergence successful at Newton-Raphson method 

   *** parameter k =    2.600E+00 ***

 ******
 * lab 1 -- sweep pmos/nmos width ratio k, measure tphl/tplh between out2 and out3

 ****** transient analysis tnom=  25.000 temp=  25.000 ******
 tphl=   2.9757p  targ=   2.0298n   trig=   2.0268n
 tplh=   4.2687p  targ=   1.0198n   trig=   1.0155n
 tr=   5.6604p  targ=   2.0332n   trig=   2.0275n
 tf=   6.9321p  targ=   1.0242n   trig=   1.0173n

          ***** job concluded
 **info** dc convergence successful at Newton-Raphson method 

   *** parameter k =    2.700E+00 ***

 ******
 * lab 1 -- sweep pmos/nmos width ratio k, measure tphl/tplh between out2 and out3

 ****** transient analysis tnom=  25.000 temp=  25.000 ******
 tphl=   3.0386p  targ=   2.0301n   trig=   2.0270n
 tplh=   4.3547p  targ=   1.0199n   trig=   1.0156n
 tr=   5.8423p  targ=   2.0335n   trig=   2.0276n
 tf=   7.0901p  targ=   1.0245n   trig=   1.0174n

          ***** job concluded
 **info** dc convergence successful at Newton-Raphson method 

   *** parameter k =    2.800E+00 ***

 ******
 * lab 1 -- sweep pmos/nmos width ratio k, measure tphl/tplh between out2 and out3

 ****** transient analysis tnom=  25.000 temp=  25.000 ******
 tphl=   3.0133p  targ=   2.0302n   trig=   2.0272n
 tplh=   4.4415p  targ=   1.0201n   trig=   1.0156n
 tr=   5.8397p  targ=   2.0336n   trig=   2.0278n
 tf=   7.2882p  targ=   1.0248n   trig=   1.0175n

          ***** job concluded
 **info** dc convergence successful at Newton-Raphson method 

   *** parameter k =    2.900E+00 ***

 ******
 * lab 1 -- sweep pmos/nmos width ratio k, measure tphl/tplh between out2 and out3

 ****** transient analysis tnom=  25.000 temp=  25.000 ******
 tphl=   3.0519p  targ=   2.0304n   trig=   2.0274n
 tplh=   4.5284p  targ=   1.0202n   trig=   1.0157n
 tr=   5.9058p  targ=   2.0338n   trig=   2.0279n
 tf=   7.5048p  targ=   1.0251n   trig=   1.0176n

          ***** job concluded
 **info** dc convergence successful at Newton-Raphson method 

   *** parameter k =    3.000E+00 ***

 ******
 * lab 1 -- sweep pmos/nmos width ratio k, measure tphl/tplh between out2 and out3

 ****** transient analysis tnom=  25.000 temp=  25.000 ******
 tphl=   3.0610p  targ=   2.0306n   trig=   2.0276n
 tplh=   4.6151p  targ=   1.0204n   trig=   1.0158n
 tr=   5.9429p  targ=   2.0341n   trig=   2.0281n
 tf=   7.7048p  targ=   1.0254n   trig=   1.0177n

          ***** job concluded
 **info** dc convergence successful at Newton-Raphson method 

   *** parameter k =    3.100E+00 ***

 ******
 * lab 1 -- sweep pmos/nmos width ratio k, measure tphl/tplh between out2 and out3

 ****** transient analysis tnom=  25.000 temp=  25.000 ******
 tphl=   3.0597p  targ=   2.0308n   trig=   2.0278n
 tplh=   4.7259p  targ=   1.0206n   trig=   1.0158n
 tr=   5.9318p  targ=   2.0342n   trig=   2.0283n
 tf=   7.8930p  targ=   1.0257n   trig=   1.0178n

          ***** job concluded
 **info** dc convergence successful at Newton-Raphson method 

   *** parameter k =    3.200E+00 ***

 ******
 * lab 1 -- sweep pmos/nmos width ratio k, measure tphl/tplh between out2 and out3

 ****** transient analysis tnom=  25.000 temp=  25.000 ******
 tphl=   3.0616p  targ=   2.0310n   trig=   2.0280n
 tplh=   4.8349p  targ=   1.0207n   trig=   1.0159n
 tr=   5.9093p  targ=   2.0344n   trig=   2.0285n
 tf=   8.0757p  targ=   1.0260n   trig=   1.0179n

          ***** job concluded
 **info** dc convergence successful at Newton-Raphson method 

   *** parameter k =    3.300E+00 ***

 ******
 * lab 1 -- sweep pmos/nmos width ratio k, measure tphl/tplh between out2 and out3

 ****** transient analysis tnom=  25.000 temp=  25.000 ******
 tphl=   3.0740p  targ=   2.0310n   trig=   2.0279n
 tplh=   4.9388p  targ=   1.0209n   trig=   1.0160n
 tr=   5.9834p  targ=   2.0344n   trig=   2.0284n
 tf=   8.2594p  targ=   1.0263n   trig=   1.0181n

          ***** job concluded
 **info** dc convergence successful at Newton-Raphson method 

   *** parameter k =    3.400E+00 ***

 ******
 * lab 1 -- sweep pmos/nmos width ratio k, measure tphl/tplh between out2 and out3

 ****** transient analysis tnom=  25.000 temp=  25.000 ******
 tphl=   3.0668p  targ=   2.0314n   trig=   2.0283n
 tplh=   5.0388p  targ=   1.0211n   trig=   1.0161n
 tr=   5.8650p  targ=   2.0348n   trig=   2.0289n
 tf=   8.4355p  targ=   1.0266n   trig=   1.0182n

          ***** job concluded
 **info** dc convergence successful at Newton-Raphson method 

   *** parameter k =    3.500E+00 ***

 ******
 * lab 1 -- sweep pmos/nmos width ratio k, measure tphl/tplh between out2 and out3

 ****** transient analysis tnom=  25.000 temp=  25.000 ******
 tphl=   3.0927p  targ=   2.0316n   trig=   2.0285n
 tplh=   5.1357p  targ=   1.0213n   trig=   1.0161n
 tr=   6.1029p  targ=   2.0351n   trig=   2.0290n
 tf=   8.6373p  targ=   1.0269n   trig=   1.0183n

          ***** job concluded
 **info** dc convergence successful at Newton-Raphson method 

   *** parameter k =    3.600E+00 ***

 ******
 * lab 1 -- sweep pmos/nmos width ratio k, measure tphl/tplh between out2 and out3

 ****** transient analysis tnom=  25.000 temp=  25.000 ******
 tphl=   3.0929p  targ=   2.0317n   trig=   2.0286n
 tplh=   5.2302p  targ=   1.0214n   trig=   1.0162n
 tr=   5.9734p  targ=   2.0352n   trig=   2.0292n
 tf=   8.8439p  targ=   1.0273n   trig=   1.0184n

          ***** job concluded
 **info** dc convergence successful at Newton-Raphson method 

   *** parameter k =    3.700E+00 ***

 ******
 * lab 1 -- sweep pmos/nmos width ratio k, measure tphl/tplh between out2 and out3

 ****** transient analysis tnom=  25.000 temp=  25.000 ******
 tphl=   3.0976p  targ=   2.0319n   trig=   2.0288n
 tplh=   5.3207p  targ=   1.0216n   trig=   1.0163n
 tr=   6.0040p  targ=   2.0354n   trig=   2.0293n
 tf=   9.0364p  targ=   1.0276n   trig=   1.0186n

          ***** job concluded
 **info** dc convergence successful at Newton-Raphson method 

   *** parameter k =    3.800E+00 ***

 ******
 * lab 1 -- sweep pmos/nmos width ratio k, measure tphl/tplh between out2 and out3

 ****** transient analysis tnom=  25.000 temp=  25.000 ******
 tphl=   3.1197p  targ=   2.0322n   trig=   2.0291n
 tplh=   5.4099p  targ=   1.0218n   trig=   1.0164n
 tr=   6.1322p  targ=   2.0357n   trig=   2.0295n
 tf=   9.2184p  targ=   1.0279n   trig=   1.0187n

          ***** job concluded
 **info** dc convergence successful at Newton-Raphson method 

   *** parameter k =    3.900E+00 ***

 ******
 * lab 1 -- sweep pmos/nmos width ratio k, measure tphl/tplh between out2 and out3

 ****** transient analysis tnom=  25.000 temp=  25.000 ******
 tphl=   3.1237p  targ=   2.0324n   trig=   2.0292n
 tplh=   5.5000p  targ=   1.0220n   trig=   1.0165n
 tr=   6.1088p  targ=   2.0358n   trig=   2.0297n
 tf=   9.3917p  targ=   1.0282n   trig=   1.0188n

          ***** job concluded
 **info** dc convergence successful at Newton-Raphson method 

   *** parameter k =    4.000E+00 ***

 ******
 * lab 1 -- sweep pmos/nmos width ratio k, measure tphl/tplh between out2 and out3

 ****** transient analysis tnom=  25.000 temp=  25.000 ******
 tphl=   3.1297p  targ=   2.0326n   trig=   2.0294n
 tplh=   5.5908p  targ=   1.0221n   trig=   1.0166n
 tr=   6.1433p  targ=   2.0360n   trig=   2.0299n
 tf=   9.5574p  targ=   1.0285n   trig=   1.0189n

          ***** job concluded
 ******  
 * lab 1 -- sweep pmos/nmos width ratio k, measure tphl/tplh between out2 and out3

 ****** job statistics summary tnom=  25.000 temp=  25.000 ******
  
 ******  Machine Information  ******
 CPU:
 model name	: AMD EPYC 7F72 24-Core Processor
 cpu MHz	: 2312.669
 CPU(s)		: 48
  
 OS:
 Linux version 4.18.0-553.153.1.el8_10.x86_64 (mockbuild@x86-64-03.build.eng.rdu2.redhat.com) (gcc version 8.5.0 20210514 (Red Hat 8.5.0-28) (GCC)) #1 SMP Tue Aug 4 21:00:26 EDT 2026

 System loadavg : 2.04 1.63 1.06 3/1520 252578


  ******  PrimeSim HSPICE Threads Information  ******

  Command Line Threads Count :     1
  Available CPU Count        :    48
  Actual Threads Count       :     1


  ******  Circuit Statistics  ******
  # nodes       =      67 # elements   =      17
  # resistors   =       0 # capacitors =       0 # inductors   =       0
  # mutual_inds =       0 # vccs       =       0 # vcvs        =       0
  # cccs        =       0 # ccvs       =       0 # volt_srcs   =       3
  # curr_srcs   =       0 # diodes     =       0 # bjts        =       0
  # jfets       =       0 # mosfets    =      14 # U elements  =       0
  # T elements  =       0 # W elements =       0 # B elements  =       0
  # S elements  =       0 # P elements =       0 # va device   =       0
  # vector_srcs =       0 # N elements =       0


  ******  Runtime Statistics (seconds)  ******

  analysis           time    # points   tot. iter  conv.iter
  op point           0.15           1         166
  transient          0.23    10800036        8683        3379 rev=        73
  readin             0.33
  errchk             0.00
  setup              0.12
  output             0.00


           peak memory used        522.89 megabytes
           total cpu time            0.84 seconds
           total elapsed time        1.33 seconds
           job started at     16:20:27 09/08/2026
           job ended   at     16:20:28 09/08/2026
           job total runtime         1.33 seconds


 lic: Release hspice token(s) 
 lic: total license checkout elapse time:        0.46(s)
